
Allocating common symbols
Common symbol       size              file

CCLK                0x4               obj/FlashAlgoFncs.o
IAP                 0x20              obj/FlashAlgoFncs.o

Memory Configuration

Name             Origin             Length             Attributes
*default*        0x00000000         0xffffffff

Linker script and memory map

LOAD obj/FlashExecFnc.o
LOAD obj/FlashAlgoFncs.o
LOAD obj/FlashAlgoInfo.o
START GROUP
LOAD d:/sourcery2013/bin/../lib/gcc/arm-none-eabi/4.7.3/thumb2\libgcc.a
LOAD d:/sourcery2013/bin/../lib/gcc/arm-none-eabi/4.7.3/../../../../arm-none-eabi/lib/thumb2\libc.a
END GROUP

.text           0x00000000      0x4c8
                0x00000000                . = 0x0
 *(.text .text.*)
 .text          0x00000000       0x30 obj/FlashExecFnc.o
                0x00000000                BreakHere
                0x00000004                ExecFunction
 .text          0x00000030      0x498 obj/FlashAlgoFncs.o
                0x00000030                GetSecNum
                0x00000060                FlashInit
                0x000000b8                FlashUnInit
                0x000000d0                FlashEraseChip
                0x000001a0                FlashEraseSector
                0x0000026c                FlashProgramPage
                0x0000039c                FlashVerify
                0x0000044c                FlashBlankCheck
 .text          0x000004c8        0x0 obj/FlashAlgoInfo.o

.glue_7         0x000004c8        0x0
 .glue_7        0x00000000        0x0 linker stubs

.glue_7t        0x000004c8        0x0
 .glue_7t       0x00000000        0x0 linker stubs

.vfp11_veneer   0x000004c8        0x0
 .vfp11_veneer  0x00000000        0x0 linker stubs

.v4_bx          0x000004c8        0x0
 .v4_bx         0x00000000        0x0 linker stubs

.iplt           0x000004c8        0x0
 .iplt          0x00000000        0x0 obj/FlashExecFnc.o

.rodata
 *(.rodata .rodata*)

.data           0x000004c8        0x0
 *(.data .data.*)
 .data          0x000004c8        0x0 obj/FlashExecFnc.o
 .data          0x000004c8        0x0 obj/FlashAlgoFncs.o
 .data          0x000004c8        0x0 obj/FlashAlgoInfo.o

.igot.plt       0x000004c8        0x0
 .igot.plt      0x00000000        0x0 obj/FlashExecFnc.o

.got            0x000004c8       0x14
 *(.got .got.*)
 .got           0x000004c8        0x8 obj/FlashExecFnc.o
 .got.plt       0x000004d0        0xc obj/FlashExecFnc.o
                0x000004d0                _GLOBAL_OFFSET_TABLE_

.bss            0x000004dc       0x24
 *(.bss .bss.*)
 .bss           0x000004dc        0x0 obj/FlashExecFnc.o
 .bss           0x000004dc        0x0 obj/FlashAlgoFncs.o
 .bss           0x000004dc        0x0 obj/FlashAlgoInfo.o
 *(COMMON)
 COMMON         0x000004dc       0x24 obj/FlashAlgoFncs.o
                0x000004dc                CCLK
                0x000004e0                IAP

.driver_info    0x00000500     0x10a8
 *(.driver_info .driver_info.*)
 .driver_info   0x00000500     0x10a8 obj/FlashAlgoInfo.o
                0x00000500                FlashDriver
OUTPUT(bin/LPC17xx_32.elf elf32-littlearm)

.rel.dyn        0x000015a8        0x0
 .rel.iplt      0x00000000        0x0 obj/FlashExecFnc.o
 .rel.got       0x00000000        0x0 obj/FlashExecFnc.o

.debug_info     0x00000000      0x5b7
 .debug_info    0x00000000       0xfc obj/FlashExecFnc.o
 .debug_info    0x000000fc      0x349 obj/FlashAlgoFncs.o
 .debug_info    0x00000445      0x172 obj/FlashAlgoInfo.o

.debug_abbrev   0x00000000      0x28d
 .debug_abbrev  0x00000000       0xa4 obj/FlashExecFnc.o
 .debug_abbrev  0x000000a4      0x16e obj/FlashAlgoFncs.o
 .debug_abbrev  0x00000212       0x7b obj/FlashAlgoInfo.o

.debug_loc      0x00000000      0x1f8
 .debug_loc     0x00000000       0x38 obj/FlashExecFnc.o
 .debug_loc     0x00000038      0x1c0 obj/FlashAlgoFncs.o

.debug_aranges  0x00000000       0x58
 .debug_aranges
                0x00000000       0x20 obj/FlashExecFnc.o
 .debug_aranges
                0x00000020       0x20 obj/FlashAlgoFncs.o
 .debug_aranges
                0x00000040       0x18 obj/FlashAlgoInfo.o

.debug_line     0x00000000      0x1ad
 .debug_line    0x00000000       0x57 obj/FlashExecFnc.o
 .debug_line    0x00000057       0xff obj/FlashAlgoFncs.o
 .debug_line    0x00000156       0x57 obj/FlashAlgoInfo.o

.debug_str      0x00000000      0x29c
 .debug_str     0x00000000       0xeb obj/FlashExecFnc.o
                                 0xf0 (size before relaxing)
 .debug_str     0x000000eb       0xe5 obj/FlashAlgoFncs.o
                                0x160 (size before relaxing)
 .debug_str     0x000001d0       0xcc obj/FlashAlgoInfo.o
                                0x155 (size before relaxing)

.comment        0x00000000       0x30
 .comment       0x00000000       0x30 obj/FlashExecFnc.o
                                 0x31 (size before relaxing)
 .comment       0x00000000       0x31 obj/FlashAlgoFncs.o
 .comment       0x00000000       0x31 obj/FlashAlgoInfo.o

.ARM.attributes
                0x00000000       0x33
 .ARM.attributes
                0x00000000       0x33 obj/FlashExecFnc.o
 .ARM.attributes
                0x00000033       0x33 obj/FlashAlgoFncs.o
 .ARM.attributes
                0x00000066       0x33 obj/FlashAlgoInfo.o

.debug_frame    0x00000000      0x13c
 .debug_frame   0x00000000       0x40 obj/FlashExecFnc.o
 .debug_frame   0x00000040       0xfc obj/FlashAlgoFncs.o

Cross Reference Table

Symbol                                            File
BreakHere                                         obj/FlashExecFnc.o
CCLK                                              obj/FlashAlgoFncs.o
ExecFunction                                      obj/FlashExecFnc.o
FlashBlankCheck                                   obj/FlashAlgoFncs.o
FlashDriver                                       obj/FlashAlgoInfo.o
FlashEraseChip                                    obj/FlashAlgoFncs.o
FlashEraseSector                                  obj/FlashAlgoFncs.o
FlashInit                                         obj/FlashAlgoFncs.o
FlashProgramPage                                  obj/FlashAlgoFncs.o
FlashUnInit                                       obj/FlashAlgoFncs.o
FlashVerify                                       obj/FlashAlgoFncs.o
GetSecNum                                         obj/FlashAlgoFncs.o
IAP                                               obj/FlashAlgoFncs.o
_GLOBAL_OFFSET_TABLE_                             obj/FlashExecFnc.o
