
Memory Configuration

Name             Origin             Length             Attributes
*default*        0x00000000         0xffffffff

Linker script and memory map

LOAD obj/FlashExecFnc.o
LOAD obj/FlashAlgoFncs.o
LOAD obj/FlashAlgoInfo.o
START GROUP
LOAD d:/program files/gnu tools arm embedded/4.8 2013q4/bin/../lib/gcc/arm-none-eabi/4.8.3/armv7-m\libgcc.a
LOAD d:/program files/gnu tools arm embedded/4.8 2013q4/bin/../lib/gcc/arm-none-eabi/4.8.3/../../../../arm-none-eabi/lib/armv7-m\libc.a
END GROUP

.text           0x00000000      0x290
                0x00000000                . = 0x0
 *(.text .text.*)
 .text          0x00000000       0x30 obj/FlashExecFnc.o
                0x00000000                BreakHere
                0x00000004                ExecFunction
 .text          0x00000030      0x260 obj/FlashAlgoFncs.o
                0x00000030                GetSecNum
                0x00000074                FlashInit
                0x000000e0                FlashUnInit
                0x00000108                FlashEraseChip
                0x0000015c                FlashEraseSector
                0x000001ec                FlashProgramPage
 .text          0x00000290        0x0 obj/FlashAlgoInfo.o

.glue_7         0x00000290        0x0
 .glue_7        0x00000000        0x0 linker stubs

.glue_7t        0x00000290        0x0
 .glue_7t       0x00000000        0x0 linker stubs

.vfp11_veneer   0x00000290        0x0
 .vfp11_veneer  0x00000000        0x0 linker stubs

.v4_bx          0x00000290        0x0
 .v4_bx         0x00000000        0x0 linker stubs

.iplt           0x00000290        0x0
 .iplt          0x00000000        0x0 obj/FlashExecFnc.o

.rodata
 *(.rodata .rodata*)

.data           0x00000290        0x0
 *(.data .data.*)
 .data          0x00000290        0x0 obj/FlashExecFnc.o
 .data          0x00000290        0x0 obj/FlashAlgoFncs.o
 .data          0x00000290        0x0 obj/FlashAlgoInfo.o

.igot.plt       0x00000290        0x0
 .igot.plt      0x00000000        0x0 obj/FlashExecFnc.o

.got
 *(.got .got.*)

.bss            0x00000290        0x0
 *(.bss .bss.*)
 .bss           0x00000290        0x0 obj/FlashExecFnc.o
 .bss           0x00000290        0x0 obj/FlashAlgoFncs.o
 .bss           0x00000290        0x0 obj/FlashAlgoInfo.o
 *(COMMON)

.driver_info    0x00000290     0x10a8
 *(.driver_info .driver_info.*)
 .driver_info   0x00000290     0x10a8 obj/FlashAlgoInfo.o
                0x00000290                FlashDriver
OUTPUT(bin/STM32F2xx_1024.elf elf32-littlearm)

.rel.dyn        0x00001338        0x0
 .rel.iplt      0x00000000        0x0 obj/FlashExecFnc.o

.debug_info     0x00000000      0x47d
 .debug_info    0x00000000       0xf2 obj/FlashExecFnc.o
 .debug_info    0x000000f2      0x239 obj/FlashAlgoFncs.o
 .debug_info    0x0000032b      0x152 obj/FlashAlgoInfo.o

.debug_abbrev   0x00000000      0x22c
 .debug_abbrev  0x00000000       0xa4 obj/FlashExecFnc.o
 .debug_abbrev  0x000000a4       0xfe obj/FlashAlgoFncs.o
 .debug_abbrev  0x000001a2       0x8a obj/FlashAlgoInfo.o

.debug_aranges  0x00000000       0x58
 .debug_aranges
                0x00000000       0x20 obj/FlashExecFnc.o
 .debug_aranges
                0x00000020       0x20 obj/FlashAlgoFncs.o
 .debug_aranges
                0x00000040       0x18 obj/FlashAlgoInfo.o

.debug_line     0x00000000      0x151
 .debug_line    0x00000000       0x57 obj/FlashExecFnc.o
 .debug_line    0x00000057       0xa3 obj/FlashAlgoFncs.o
 .debug_line    0x000000fa       0x57 obj/FlashAlgoInfo.o

.debug_str      0x00000000      0x317
 .debug_str     0x00000000      0x179 obj/FlashExecFnc.o
                                0x17e (size before relaxing)
 .debug_str     0x00000179       0xd7 obj/FlashAlgoFncs.o
                                0x1e0 (size before relaxing)
 .debug_str     0x00000250       0xc7 obj/FlashAlgoInfo.o
                                0x1e3 (size before relaxing)

.comment        0x00000000       0x70
 .comment       0x00000000       0x70 obj/FlashExecFnc.o
                                 0x71 (size before relaxing)
 .comment       0x00000000       0x71 obj/FlashAlgoFncs.o
 .comment       0x00000000       0x71 obj/FlashAlgoInfo.o

.ARM.attributes
                0x00000000       0x33
 .ARM.attributes
                0x00000000       0x33 obj/FlashExecFnc.o
 .ARM.attributes
                0x00000033       0x33 obj/FlashAlgoFncs.o
 .ARM.attributes
                0x00000066       0x33 obj/FlashAlgoInfo.o

.debug_frame    0x00000000       0xf8
 .debug_frame   0x00000000       0x40 obj/FlashExecFnc.o
 .debug_frame   0x00000040       0xb8 obj/FlashAlgoFncs.o

Cross Reference Table

Symbol                                            File
BreakHere                                         obj/FlashExecFnc.o
ExecFunction                                      obj/FlashExecFnc.o
FlashDriver                                       obj/FlashAlgoInfo.o
FlashEraseChip                                    obj/FlashAlgoFncs.o
FlashEraseSector                                  obj/FlashAlgoFncs.o
FlashInit                                         obj/FlashAlgoFncs.o
FlashProgramPage                                  obj/FlashAlgoFncs.o
FlashUnInit                                       obj/FlashAlgoFncs.o
GetSecNum                                         obj/FlashAlgoFncs.o
