
Memory Configuration

Name             Origin             Length             Attributes
*default*        0x00000000         0xffffffff

Linker script and memory map

LOAD obj/FlashExecFnc.o
LOAD obj/FlashAlgoFncs.o
LOAD obj/FlashAlgoInfo.o
START GROUP
LOAD d:/program files/gnu tools arm embedded/4.8 2013q4/bin/../lib/gcc/arm-none-eabi/4.8.3/armv6-m\libgcc.a
LOAD d:/program files/gnu tools arm embedded/4.8 2013q4/bin/../lib/gcc/arm-none-eabi/4.8.3/../../../../arm-none-eabi/lib/armv6-m\libc.a
END GROUP

.text           0x00000000      0x1d8
                0x00000000                . = 0x0
 *(.text .text.*)
 .text          0x00000000       0x34 obj/FlashExecFnc.o
                0x00000000                BreakHere
                0x00000004                ExecFunction
 .text          0x00000034      0x1a4 obj/FlashAlgoFncs.o
                0x00000034                FlashInit
                0x00000068                FlashUnInit
                0x0000007c                FlashEraseSector
                0x00000104                FlashProgramPage
 .text          0x000001d8        0x0 obj/FlashAlgoInfo.o

.glue_7         0x000001d8        0x0
 .glue_7        0x00000000        0x0 linker stubs

.glue_7t        0x000001d8        0x0
 .glue_7t       0x00000000        0x0 linker stubs

.vfp11_veneer   0x000001d8        0x0
 .vfp11_veneer  0x00000000        0x0 linker stubs

.v4_bx          0x000001d8        0x0
 .v4_bx         0x00000000        0x0 linker stubs

.iplt           0x000001d8        0x0
 .iplt          0x00000000        0x0 obj/FlashExecFnc.o

.rodata
 *(.rodata .rodata*)

.data           0x000001d8        0x0
 *(.data .data.*)
 .data          0x000001d8        0x0 obj/FlashExecFnc.o
 .data          0x000001d8        0x0 obj/FlashAlgoFncs.o
 .data          0x000001d8        0x0 obj/FlashAlgoInfo.o

.igot.plt       0x000001d8        0x0
 .igot.plt      0x00000000        0x0 obj/FlashExecFnc.o

.got
 *(.got .got.*)

.bss            0x000001d8       0x10
 *(.bss .bss.*)
 .bss           0x000001d8        0x0 obj/FlashExecFnc.o
 .bss           0x000001d8       0x10 obj/FlashAlgoFncs.o
                0x000001d8                gFlashConfig
 .bss           0x000001e8        0x0 obj/FlashAlgoInfo.o
 *(COMMON)

.driver_info    0x000001e8     0x10a8
 *(.driver_info .driver_info.*)
 .driver_info   0x000001e8     0x10a8 obj/FlashAlgoInfo.o
                0x000001e8                FlashDriver
OUTPUT(bin/KLxx_8.elf elf32-littlearm)

.rel.dyn        0x00001290        0x0
 .rel.iplt      0x00000000        0x0 obj/FlashExecFnc.o

.debug_info     0x00000000      0x4ed
 .debug_info    0x00000000       0xf2 obj/FlashExecFnc.o
 .debug_info    0x000000f2      0x2a8 obj/FlashAlgoFncs.o
 .debug_info    0x0000039a      0x153 obj/FlashAlgoInfo.o

.debug_abbrev   0x00000000      0x262
 .debug_abbrev  0x00000000       0xa4 obj/FlashExecFnc.o
 .debug_abbrev  0x000000a4      0x134 obj/FlashAlgoFncs.o
 .debug_abbrev  0x000001d8       0x8a obj/FlashAlgoInfo.o

.debug_aranges  0x00000000       0x58
 .debug_aranges
                0x00000000       0x20 obj/FlashExecFnc.o
 .debug_aranges
                0x00000020       0x20 obj/FlashAlgoFncs.o
 .debug_aranges
                0x00000040       0x18 obj/FlashAlgoInfo.o

.debug_line     0x00000000      0x145
 .debug_line    0x00000000       0x57 obj/FlashExecFnc.o
 .debug_line    0x00000057       0x97 obj/FlashAlgoFncs.o
 .debug_line    0x000000ee       0x57 obj/FlashAlgoInfo.o

.debug_str      0x00000000      0x3c5
 .debug_str     0x00000000      0x16f obj/FlashExecFnc.o
                                0x174 (size before relaxing)
 .debug_str     0x0000016f      0x18a obj/FlashAlgoFncs.o
                                0x284 (size before relaxing)
 .debug_str     0x000002f9       0xcc obj/FlashAlgoInfo.o
                                0x1d9 (size before relaxing)

.comment        0x00000000       0x70
 .comment       0x00000000       0x70 obj/FlashExecFnc.o
                                 0x71 (size before relaxing)
 .comment       0x00000000       0x71 obj/FlashAlgoFncs.o
 .comment       0x00000000       0x71 obj/FlashAlgoInfo.o

.ARM.attributes
                0x00000000       0x32
 .ARM.attributes
                0x00000000       0x32 obj/FlashExecFnc.o
 .ARM.attributes
                0x00000032       0x32 obj/FlashAlgoFncs.o
 .ARM.attributes
                0x00000064       0x32 obj/FlashAlgoInfo.o

.debug_frame    0x00000000       0xd0
 .debug_frame   0x00000000       0x40 obj/FlashExecFnc.o
 .debug_frame   0x00000040       0x90 obj/FlashAlgoFncs.o

Cross Reference Table

Symbol                                            File
BreakHere                                         obj/FlashExecFnc.o
ExecFunction                                      obj/FlashExecFnc.o
FlashDriver                                       obj/FlashAlgoInfo.o
FlashEraseSector                                  obj/FlashAlgoFncs.o
FlashInit                                         obj/FlashAlgoFncs.o
FlashProgramPage                                  obj/FlashAlgoFncs.o
FlashUnInit                                       obj/FlashAlgoFncs.o
gFlashConfig                                      obj/FlashAlgoFncs.o
