
Discarded input sections

 .text          0x00000000        0x0 ..\obj\stm32f10x_tim.o
 .data          0x00000000        0x0 ..\obj\stm32f10x_tim.o
 .bss           0x00000000        0x0 ..\obj\stm32f10x_tim.o
 .text.TIM_DeInit
                0x00000000      0x22c ..\obj\stm32f10x_tim.o
 .text.TIM_OC1Init
                0x00000000      0x118 ..\obj\stm32f10x_tim.o
 .text.TIM_OC2Init
                0x00000000      0x110 ..\obj\stm32f10x_tim.o
 .text.TIM_OC3Init
                0x00000000      0x10c ..\obj\stm32f10x_tim.o
 .text.TIM_OC4Init
                0x00000000       0xd0 ..\obj\stm32f10x_tim.o
 .text.TIM_ICInit
                0x00000000       0xa8 ..\obj\stm32f10x_tim.o
 .text.TIM_PWMIConfig
                0x00000000       0xb8 ..\obj\stm32f10x_tim.o
 .text.TIM_BDTRConfig
                0x00000000       0x4e ..\obj\stm32f10x_tim.o
 .text.TIM_TimeBaseStructInit
                0x00000000       0x32 ..\obj\stm32f10x_tim.o
 .text.TIM_OCStructInit
                0x00000000       0x42 ..\obj\stm32f10x_tim.o
 .text.TIM_ICStructInit
                0x00000000       0x30 ..\obj\stm32f10x_tim.o
 .text.TIM_BDTRStructInit
                0x00000000       0x3c ..\obj\stm32f10x_tim.o
 .text.TIM_CtrlPWMOutputs
                0x00000000       0x4a ..\obj\stm32f10x_tim.o
 .text.TIM_ITConfig
                0x00000000       0x46 ..\obj\stm32f10x_tim.o
 .text.TIM_GenerateEvent
                0x00000000       0x1c ..\obj\stm32f10x_tim.o
 .text.TIM_DMAConfig
                0x00000000       0x28 ..\obj\stm32f10x_tim.o
 .text.TIM_DMACmd
                0x00000000       0x46 ..\obj\stm32f10x_tim.o
 .text.TIM_InternalClockConfig
                0x00000000       0x22 ..\obj\stm32f10x_tim.o
 .text.TIM_ITRxExternalClockConfig
                0x00000000       0x2e ..\obj\stm32f10x_tim.o
 .text.TIM_TIxExternalClockConfig
                0x00000000       0x5c ..\obj\stm32f10x_tim.o
 .text.TIM_ETRClockMode1Config
                0x00000000       0x5e ..\obj\stm32f10x_tim.o
 .text.TIM_ETRClockMode2Config
                0x00000000       0x3e ..\obj\stm32f10x_tim.o
 .text.TIM_ETRConfig
                0x00000000       0x52 ..\obj\stm32f10x_tim.o
 .text.TIM_PrescalerConfig
                0x00000000       0x26 ..\obj\stm32f10x_tim.o
 .text.TIM_CounterModeConfig
                0x00000000       0x36 ..\obj\stm32f10x_tim.o
 .text.TIM_SelectInputTrigger
                0x00000000       0x36 ..\obj\stm32f10x_tim.o
 .text.TIM_EncoderInterfaceConfig
                0x00000000       0x96 ..\obj\stm32f10x_tim.o
 .text.TIM_ForcedOC1Config
                0x00000000       0x36 ..\obj\stm32f10x_tim.o
 .text.TIM_ForcedOC2Config
                0x00000000       0x3a ..\obj\stm32f10x_tim.o
 .text.TIM_ForcedOC3Config
                0x00000000       0x36 ..\obj\stm32f10x_tim.o
 .text.TIM_ForcedOC4Config
                0x00000000       0x3a ..\obj\stm32f10x_tim.o
 .text.TIM_ARRPreloadConfig
                0x00000000       0x3e ..\obj\stm32f10x_tim.o
 .text.TIM_SelectCOM
                0x00000000       0x3e ..\obj\stm32f10x_tim.o
 .text.TIM_SelectCCDMA
                0x00000000       0x3e ..\obj\stm32f10x_tim.o
 .text.TIM_CCPreloadControl
                0x00000000       0x3e ..\obj\stm32f10x_tim.o
 .text.TIM_OC1PreloadConfig
                0x00000000       0x36 ..\obj\stm32f10x_tim.o
 .text.TIM_OC2PreloadConfig
                0x00000000       0x3a ..\obj\stm32f10x_tim.o
 .text.TIM_OC3PreloadConfig
                0x00000000       0x36 ..\obj\stm32f10x_tim.o
 .text.TIM_OC4PreloadConfig
                0x00000000       0x3a ..\obj\stm32f10x_tim.o
 .text.TIM_OC1FastConfig
                0x00000000       0x36 ..\obj\stm32f10x_tim.o
 .text.TIM_OC2FastConfig
                0x00000000       0x3a ..\obj\stm32f10x_tim.o
 .text.TIM_OC3FastConfig
                0x00000000       0x36 ..\obj\stm32f10x_tim.o
 .text.TIM_OC4FastConfig
                0x00000000       0x3a ..\obj\stm32f10x_tim.o
 .text.TIM_ClearOC1Ref
                0x00000000       0x36 ..\obj\stm32f10x_tim.o
 .text.TIM_ClearOC2Ref
                0x00000000       0x3a ..\obj\stm32f10x_tim.o
 .text.TIM_ClearOC3Ref
                0x00000000       0x36 ..\obj\stm32f10x_tim.o
 .text.TIM_ClearOC4Ref
                0x00000000       0x3a ..\obj\stm32f10x_tim.o
 .text.TIM_OC1PolarityConfig
                0x00000000       0x36 ..\obj\stm32f10x_tim.o
 .text.TIM_OC1NPolarityConfig
                0x00000000       0x36 ..\obj\stm32f10x_tim.o
 .text.TIM_OC2PolarityConfig
                0x00000000       0x3a ..\obj\stm32f10x_tim.o
 .text.TIM_OC2NPolarityConfig
                0x00000000       0x3a ..\obj\stm32f10x_tim.o
 .text.TIM_OC3PolarityConfig
                0x00000000       0x3a ..\obj\stm32f10x_tim.o
 .text.TIM_OC3NPolarityConfig
                0x00000000       0x3a ..\obj\stm32f10x_tim.o
 .text.TIM_OC4PolarityConfig
                0x00000000       0x3a ..\obj\stm32f10x_tim.o
 .text.TIM_CCxCmd
                0x00000000       0x54 ..\obj\stm32f10x_tim.o
 .text.TIM_CCxNCmd
                0x00000000       0x54 ..\obj\stm32f10x_tim.o
 .text.TIM_SelectOCxM
                0x00000000       0xb0 ..\obj\stm32f10x_tim.o
 .text.TIM_UpdateDisableConfig
                0x00000000       0x3e ..\obj\stm32f10x_tim.o
 .text.TIM_UpdateRequestConfig
                0x00000000       0x3e ..\obj\stm32f10x_tim.o
 .text.TIM_SelectHallSensor
                0x00000000       0x3e ..\obj\stm32f10x_tim.o
 .text.TIM_SelectOnePulseMode
                0x00000000       0x36 ..\obj\stm32f10x_tim.o
 .text.TIM_SelectOutputTrigger
                0x00000000       0x36 ..\obj\stm32f10x_tim.o
 .text.TIM_SelectSlaveMode
                0x00000000       0x36 ..\obj\stm32f10x_tim.o
 .text.TIM_SelectMasterSlaveMode
                0x00000000       0x36 ..\obj\stm32f10x_tim.o
 .text.TIM_SetCounter
                0x00000000       0x1c ..\obj\stm32f10x_tim.o
 .text.TIM_SetAutoreload
                0x00000000       0x1c ..\obj\stm32f10x_tim.o
 .text.TIM_SetCompare1
                0x00000000       0x1c ..\obj\stm32f10x_tim.o
 .text.TIM_SetCompare2
                0x00000000       0x1c ..\obj\stm32f10x_tim.o
 .text.TIM_SetCompare3
                0x00000000       0x1c ..\obj\stm32f10x_tim.o
 .text.TIM_SetCompare4
                0x00000000       0x1e ..\obj\stm32f10x_tim.o
 .text.TIM_SetIC1Prescaler
                0x00000000       0x36 ..\obj\stm32f10x_tim.o
 .text.TIM_SetIC2Prescaler
                0x00000000       0x3a ..\obj\stm32f10x_tim.o
 .text.TIM_SetIC3Prescaler
                0x00000000       0x36 ..\obj\stm32f10x_tim.o
 .text.TIM_SetIC4Prescaler
                0x00000000       0x3a ..\obj\stm32f10x_tim.o
 .text.TIM_SetClockDivision
                0x00000000       0x36 ..\obj\stm32f10x_tim.o
 .text.TIM_GetCapture1
                0x00000000       0x18 ..\obj\stm32f10x_tim.o
 .text.TIM_GetCapture2
                0x00000000       0x18 ..\obj\stm32f10x_tim.o
 .text.TIM_GetCapture3
                0x00000000       0x18 ..\obj\stm32f10x_tim.o
 .text.TIM_GetCapture4
                0x00000000       0x1a ..\obj\stm32f10x_tim.o
 .text.TIM_GetCounter
                0x00000000       0x18 ..\obj\stm32f10x_tim.o
 .text.TIM_GetPrescaler
                0x00000000       0x18 ..\obj\stm32f10x_tim.o
 .text.TIM_GetITStatus
                0x00000000       0x52 ..\obj\stm32f10x_tim.o
 .text.TIM_ClearITPendingBit
                0x00000000       0x20 ..\obj\stm32f10x_tim.o
 .text.TI1_Config
                0x00000000       0xe0 ..\obj\stm32f10x_tim.o
 .text.TI2_Config
                0x00000000       0xf4 ..\obj\stm32f10x_tim.o
 .text.TI3_Config
                0x00000000       0xec ..\obj\stm32f10x_tim.o
 .text.TI4_Config
                0x00000000       0xf8 ..\obj\stm32f10x_tim.o
 .text          0x00000000        0x0 ..\obj\system_stm32f10x.o
 .bss           0x00000000        0x0 ..\obj\system_stm32f10x.o
 .text.SystemCoreClockUpdate
                0x00000000      0x14c ..\obj\system_stm32f10x.o
 .text          0x00000000        0x0 ..\obj\stm32f10x_gpio.o
 .data          0x00000000        0x0 ..\obj\stm32f10x_gpio.o
 .bss           0x00000000        0x0 ..\obj\stm32f10x_gpio.o
 .text.GPIO_DeInit
                0x00000000       0xe4 ..\obj\stm32f10x_gpio.o
 .text.GPIO_AFIODeInit
                0x00000000       0x18 ..\obj\stm32f10x_gpio.o
 .text.GPIO_StructInit
                0x00000000       0x26 ..\obj\stm32f10x_gpio.o
 .text.GPIO_ReadInputDataBit
                0x00000000       0x32 ..\obj\stm32f10x_gpio.o
 .text.GPIO_ReadInputData
                0x00000000       0x18 ..\obj\stm32f10x_gpio.o
 .text.GPIO_ReadOutputData
                0x00000000       0x18 ..\obj\stm32f10x_gpio.o
 .text.GPIO_WriteBit
                0x00000000       0x2e ..\obj\stm32f10x_gpio.o
 .text.GPIO_Write
                0x00000000       0x1c ..\obj\stm32f10x_gpio.o
 .text.GPIO_PinLockConfig
                0x00000000       0x42 ..\obj\stm32f10x_gpio.o
 .text.GPIO_EventOutputConfig
                0x00000000       0x4c ..\obj\stm32f10x_gpio.o
 .text.GPIO_EventOutputCmd
                0x00000000       0x20 ..\obj\stm32f10x_gpio.o
 .text.GPIO_PinRemapConfig
                0x00000000       0xe0 ..\obj\stm32f10x_gpio.o
 .text.GPIO_EXTILineConfig
                0x00000000       0x80 ..\obj\stm32f10x_gpio.o
 .text.GPIO_ETH_MediaInterfaceConfig
                0x00000000       0x1c ..\obj\stm32f10x_gpio.o
 .text          0x00000000        0x0 ..\obj\main.o
 .data          0x00000000        0x0 ..\obj\main.o
 .bss           0x00000000        0x0 ..\obj\main.o
 .text          0x00000000        0x0 ..\obj\stm32f10x_rcc.o
 .data          0x00000000       0x14 ..\obj\stm32f10x_rcc.o
 .bss           0x00000000        0x0 ..\obj\stm32f10x_rcc.o
 .text.RCC_AdjustHSICalibrationValue
                0x00000000       0x3c ..\obj\stm32f10x_rcc.o
 .text.RCC_HSICmd
                0x00000000       0x20 ..\obj\stm32f10x_rcc.o
 .text.RCC_PREDIV1Config
                0x00000000       0x40 ..\obj\stm32f10x_rcc.o
 .text.RCC_PREDIV2Config
                0x00000000       0x38 ..\obj\stm32f10x_rcc.o
 .text.RCC_PLL2Config
                0x00000000       0x38 ..\obj\stm32f10x_rcc.o
 .text.RCC_PLL2Cmd
                0x00000000       0x20 ..\obj\stm32f10x_rcc.o
 .text.RCC_PLL3Config
                0x00000000       0x38 ..\obj\stm32f10x_rcc.o
 .text.RCC_PLL3Cmd
                0x00000000       0x20 ..\obj\stm32f10x_rcc.o
 .text.RCC_ITConfig
                0x00000000       0x4c ..\obj\stm32f10x_rcc.o
 .text.RCC_OTGFSCLKConfig
                0x00000000       0x1c ..\obj\stm32f10x_rcc.o
 .text.RCC_ADCCLKConfig
                0x00000000       0x38 ..\obj\stm32f10x_rcc.o
 .text.RCC_I2S2CLKConfig
                0x00000000       0x1c ..\obj\stm32f10x_rcc.o
 .text.RCC_I2S3CLKConfig
                0x00000000       0x1c ..\obj\stm32f10x_rcc.o
 .text.RCC_LSEConfig
                0x00000000       0x40 ..\obj\stm32f10x_rcc.o
 .text.RCC_LSICmd
                0x00000000       0x20 ..\obj\stm32f10x_rcc.o
 .text.RCC_RTCCLKConfig
                0x00000000       0x24 ..\obj\stm32f10x_rcc.o
 .text.RCC_RTCCLKCmd
                0x00000000       0x20 ..\obj\stm32f10x_rcc.o
 .text.RCC_GetClocksFreq
                0x00000000      0x1d4 ..\obj\stm32f10x_rcc.o
 .text.RCC_AHBPeriphClockCmd
                0x00000000       0x3c ..\obj\stm32f10x_rcc.o
 .text.RCC_AHBPeriphResetCmd
                0x00000000       0x3c ..\obj\stm32f10x_rcc.o
 .text.RCC_APB2PeriphResetCmd
                0x00000000       0x3c ..\obj\stm32f10x_rcc.o
 .text.RCC_APB1PeriphResetCmd
                0x00000000       0x3c ..\obj\stm32f10x_rcc.o
 .text.RCC_BackupResetCmd
                0x00000000       0x20 ..\obj\stm32f10x_rcc.o
 .text.RCC_ClockSecuritySystemCmd
                0x00000000       0x20 ..\obj\stm32f10x_rcc.o
 .text.RCC_MCOConfig
                0x00000000       0x20 ..\obj\stm32f10x_rcc.o
 .text.RCC_ClearFlag
                0x00000000       0x1c ..\obj\stm32f10x_rcc.o
 .text.RCC_GetITStatus
                0x00000000       0x34 ..\obj\stm32f10x_rcc.o
 .text.RCC_ClearITPendingBit
                0x00000000       0x20 ..\obj\stm32f10x_rcc.o
 .text          0x00000000        0x0 ..\obj\startup_stm32f10x_cl.o
 .data          0x00000000        0x0 ..\obj\startup_stm32f10x_cl.o
 .bss           0x00000000        0x0 ..\obj\startup_stm32f10x_cl.o
 .text          0x00000000        0x0 ..\obj\stm32f10x_flash.o
 .data          0x00000000        0x0 ..\obj\stm32f10x_flash.o
 .bss           0x00000000        0x0 ..\obj\stm32f10x_flash.o
 .text.FLASH_HalfCycleAccessCmd
                0x00000000       0x30 ..\obj\stm32f10x_flash.o
 .text.FLASH_Unlock
                0x00000000       0x24 ..\obj\stm32f10x_flash.o
 .text.FLASH_UnlockBank1
                0x00000000       0x24 ..\obj\stm32f10x_flash.o
 .text.FLASH_Lock
                0x00000000       0x1c ..\obj\stm32f10x_flash.o
 .text.FLASH_LockBank1
                0x00000000       0x1c ..\obj\stm32f10x_flash.o
 .text.FLASH_ErasePage
                0x00000000       0x64 ..\obj\stm32f10x_flash.o
 .text.FLASH_EraseAllPages
                0x00000000       0x5c ..\obj\stm32f10x_flash.o
 .text.FLASH_EraseAllBank1Pages
                0x00000000       0x5c ..\obj\stm32f10x_flash.o
 .text.FLASH_EraseOptionBytes
                0x00000000       0xd4 ..\obj\stm32f10x_flash.o
 .text.FLASH_ProgramWord
                0x00000000       0x94 ..\obj\stm32f10x_flash.o
 .text.FLASH_ProgramHalfWord
                0x00000000       0x5c ..\obj\stm32f10x_flash.o
 .text.FLASH_ProgramOptionByteData
                0x00000000       0x78 ..\obj\stm32f10x_flash.o
 .text.FLASH_EnableWriteProtection
                0x00000000      0x118 ..\obj\stm32f10x_flash.o
 .text.FLASH_ReadOutProtection
                0x00000000       0xd4 ..\obj\stm32f10x_flash.o
 .text.FLASH_UserOptionByteConfig
                0x00000000       0x94 ..\obj\stm32f10x_flash.o
 .text.FLASH_GetUserOptionByte
                0x00000000       0x18 ..\obj\stm32f10x_flash.o
 .text.FLASH_GetWriteProtectionOptionByte
                0x00000000       0x14 ..\obj\stm32f10x_flash.o
 .text.FLASH_GetReadOutProtectionStatus
                0x00000000       0x30 ..\obj\stm32f10x_flash.o
 .text.FLASH_GetPrefetchBufferStatus
                0x00000000       0x30 ..\obj\stm32f10x_flash.o
 .text.FLASH_ITConfig
                0x00000000       0x3c ..\obj\stm32f10x_flash.o
 .text.FLASH_GetFlagStatus
                0x00000000       0x50 ..\obj\stm32f10x_flash.o
 .text.FLASH_ClearFlag
                0x00000000       0x1c ..\obj\stm32f10x_flash.o
 .text.FLASH_GetStatus
                0x00000000       0x54 ..\obj\stm32f10x_flash.o
 .text.FLASH_GetBank1Status
                0x00000000       0x54 ..\obj\stm32f10x_flash.o
 .text.FLASH_WaitForLastOperation
                0x00000000       0x44 ..\obj\stm32f10x_flash.o
 .text.FLASH_WaitForLastBank1Operation
                0x00000000       0x44 ..\obj\stm32f10x_flash.o

Memory Configuration

Name             Origin             Length             Attributes
rom              0x08000000         0x00040000         xr
ram              0x20000000         0x00010000         xrw
*default*        0x00000000         0xffffffff

Linker script and memory map

                0x20010000                _eram = 0x20010000

.text           0x08000000      0xc28
 *(.isr_vector)
 .isr_vector    0x08000000      0x154 ..\obj\startup_stm32f10x_cl.o
                0x08000000                g_pfnVectors
 *(.text*)
 .text.TIM_TimeBaseInit
                0x08000154       0xf8 ..\obj\stm32f10x_tim.o
                0x08000154                TIM_TimeBaseInit
 .text.TIM_Cmd  0x0800024c       0x3e ..\obj\stm32f10x_tim.o
                0x0800024c                TIM_Cmd
 .text.TIM_GetFlagStatus
                0x0800028a       0x36 ..\obj\stm32f10x_tim.o
                0x0800028a                TIM_GetFlagStatus
 .text.TIM_ClearFlag
                0x080002c0       0x20 ..\obj\stm32f10x_tim.o
                0x080002c0                TIM_ClearFlag
 .text.SystemInit
                0x080002e0       0x7c ..\obj\system_stm32f10x.o
                0x080002e0                SystemInit
 .text.SetSysClock
                0x0800035c        0xc ..\obj\system_stm32f10x.o
 .text.SetSysClockTo72
                0x08000368      0x138 ..\obj\system_stm32f10x.o
 .text.GPIO_Init
                0x080004a0      0x178 ..\obj\stm32f10x_gpio.o
                0x080004a0                GPIO_Init
 .text.GPIO_ReadOutputDataBit
                0x08000618       0x32 ..\obj\stm32f10x_gpio.o
                0x08000618                GPIO_ReadOutputDataBit
 .text.GPIO_SetBits
                0x0800064a       0x1c ..\obj\stm32f10x_gpio.o
                0x0800064a                GPIO_SetBits
 .text.GPIO_ResetBits
                0x08000666       0x1c ..\obj\stm32f10x_gpio.o
                0x08000666                GPIO_ResetBits
 *fill*         0x08000682        0x2 
 .text.SystemClock_Config
                0x08000684       0x8c ..\obj\main.o
                0x08000684                SystemClock_Config
 .text.TIM2_Config
                0x08000710       0x50 ..\obj\main.o
                0x08000710                TIM2_Config
 .text.GPIO_Config
                0x08000760       0x40 ..\obj\main.o
                0x08000760                GPIO_Config
 .text.main     0x080007a0       0x58 ..\obj\main.o
                0x080007a0                main
 .text.RCC_DeInit
                0x080007f8       0x70 ..\obj\stm32f10x_rcc.o
                0x080007f8                RCC_DeInit
 .text.RCC_HSEConfig
                0x08000868       0x5c ..\obj\stm32f10x_rcc.o
                0x08000868                RCC_HSEConfig
 .text.RCC_WaitForHSEStartUp
                0x080008c4       0x50 ..\obj\stm32f10x_rcc.o
                0x080008c4                RCC_WaitForHSEStartUp
 .text.RCC_PLLConfig
                0x08000914       0x3c ..\obj\stm32f10x_rcc.o
                0x08000914                RCC_PLLConfig
 .text.RCC_PLLCmd
                0x08000950       0x20 ..\obj\stm32f10x_rcc.o
                0x08000950                RCC_PLLCmd
 .text.RCC_SYSCLKConfig
                0x08000970       0x38 ..\obj\stm32f10x_rcc.o
                0x08000970                RCC_SYSCLKConfig
 .text.RCC_GetSYSCLKSource
                0x080009a8       0x1c ..\obj\stm32f10x_rcc.o
                0x080009a8                RCC_GetSYSCLKSource
 .text.RCC_HCLKConfig
                0x080009c4       0x38 ..\obj\stm32f10x_rcc.o
                0x080009c4                RCC_HCLKConfig
 .text.RCC_PCLK1Config
                0x080009fc       0x38 ..\obj\stm32f10x_rcc.o
                0x080009fc                RCC_PCLK1Config
 .text.RCC_PCLK2Config
                0x08000a34       0x38 ..\obj\stm32f10x_rcc.o
                0x08000a34                RCC_PCLK2Config
 .text.RCC_APB2PeriphClockCmd
                0x08000a6c       0x3c ..\obj\stm32f10x_rcc.o
                0x08000a6c                RCC_APB2PeriphClockCmd
 .text.RCC_APB1PeriphClockCmd
                0x08000aa8       0x3c ..\obj\stm32f10x_rcc.o
                0x08000aa8                RCC_APB1PeriphClockCmd
 .text.RCC_GetFlagStatus
                0x08000ae4       0x74 ..\obj\stm32f10x_rcc.o
                0x08000ae4                RCC_GetFlagStatus
 .text.Default_Reset_Handler
                0x08000b58       0x60 ..\obj\startup_stm32f10x_cl.o
                0x08000b58                Default_Reset_Handler
                0x08000b58                Reset_Handler
 .text.Default_Handler
                0x08000bb8        0x6 ..\obj\startup_stm32f10x_cl.o
                0x08000bb8                EXTI2_IRQHandler
                0x08000bb8                DebugMon_Handler
                0x08000bb8                TIM1_CC_IRQHandler
                0x08000bb8                HardFault_Handler
                0x08000bb8                TIM6_IRQHandler
                0x08000bb8                SysTick_Handler
                0x08000bb8                PVD_IRQHandler
                0x08000bb8                PendSV_Handler
                0x08000bb8                NMI_Handler
                0x08000bb8                CAN2_RX1_IRQHandler
                0x08000bb8                EXTI3_IRQHandler
                0x08000bb8                EXTI0_IRQHandler
                0x08000bb8                I2C2_EV_IRQHandler
                0x08000bb8                CAN1_RX0_IRQHandler
                0x08000bb8                UsageFault_Handler
                0x08000bb8                CAN2_SCE_IRQHandler
                0x08000bb8                ADC1_2_IRQHandler
                0x08000bb8                SPI1_IRQHandler
                0x08000bb8                TAMPER_IRQHandler
                0x08000bb8                CAN2_RX0_IRQHandler
                0x08000bb8                DMA2_Channel2_IRQHandler
                0x08000bb8                DMA1_Channel4_IRQHandler
                0x08000bb8                USART3_IRQHandler
                0x08000bb8                RTC_IRQHandler
                0x08000bb8                DMA1_Channel7_IRQHandler
                0x08000bb8                CAN1_RX1_IRQHandler
                0x08000bb8                UART5_IRQHandler
                0x08000bb8                TIM4_IRQHandler
                0x08000bb8                DMA2_Channel1_IRQHandler
                0x08000bb8                I2C1_EV_IRQHandler
                0x08000bb8                DMA1_Channel6_IRQHandler
                0x08000bb8                UART4_IRQHandler
                0x08000bb8                DMA2_Channel4_IRQHandler
                0x08000bb8                TIM3_IRQHandler
                0x08000bb8                RCC_IRQHandler
                0x08000bb8                TIM1_TRG_COM_IRQHandler
                0x08000bb8                DMA1_Channel1_IRQHandler
                0x08000bb8                EXTI15_10_IRQHandler
                0x08000bb8                TIM7_IRQHandler
                0x08000bb8                CAN2_TX_IRQHandler
                0x08000bb8                TIM5_IRQHandler
                0x08000bb8                EXTI9_5_IRQHandler
                0x08000bb8                ETH_WKUP_IRQHandler
                0x08000bb8                SPI2_IRQHandler
                0x08000bb8                MemManage_Handler
                0x08000bb8                CAN1_TX_IRQHandler
                0x08000bb8                SVC_Handler
                0x08000bb8                DMA2_Channel5_IRQHandler
                0x08000bb8                DMA1_Channel5_IRQHandler
                0x08000bb8                EXTI4_IRQHandler
                0x08000bb8                DMA1_Channel3_IRQHandler
                0x08000bb8                ETH_IRQHandler
                0x08000bb8                TIM1_UP_IRQHandler
                0x08000bb8                WWDG_IRQHandler
                0x08000bb8                TIM2_IRQHandler
                0x08000bb8                OTG_FS_WKUP_IRQHandler
                0x08000bb8                TIM1_BRK_IRQHandler
                0x08000bb8                EXTI1_IRQHandler
                0x08000bb8                RTCAlarm_IRQHandler
                0x08000bb8                USART2_IRQHandler
                0x08000bb8                I2C2_ER_IRQHandler
                0x08000bb8                DMA1_Channel2_IRQHandler
                0x08000bb8                CAN1_SCE_IRQHandler
                0x08000bb8                FLASH_IRQHandler
                0x08000bb8                BusFault_Handler
                0x08000bb8                USART1_IRQHandler
                0x08000bb8                OTG_FS_IRQHandler
                0x08000bb8                SPI3_IRQHandler
                0x08000bb8                I2C1_ER_IRQHandler
                0x08000bb8                DMA2_Channel3_IRQHandler
 *fill*         0x08000bbe        0x2 
 .text.FLASH_SetLatency
                0x08000bc0       0x38 ..\obj\stm32f10x_flash.o
                0x08000bc0                FLASH_SetLatency
 .text.FLASH_PrefetchBufferCmd
                0x08000bf8       0x30 ..\obj\stm32f10x_flash.o
                0x08000bf8                FLASH_PrefetchBufferCmd
 *(.init)
 *(.fini)
 *crtbegin.o(.ctors)
 *crtbegin?.o(.ctors)
 *(EXCLUDE_FILE(*crtend.o *crtend?.o) .ctors)
 *(SORT_BY_NAME(.ctors.*))
 *(.ctors)
 *crtbegin.o(.dtors)
 *crtbegin?.o(.dtors)
 *(EXCLUDE_FILE(*crtend.o *crtend?.o) .dtors)
 *(SORT_BY_NAME(.dtors.*))
 *(.dtors)
 *(.rodata*)
 *(.eh_fram e*)

.glue_7         0x08000c28        0x0
 .glue_7        0x08000c28        0x0 linker stubs

.glue_7t        0x08000c28        0x0
 .glue_7t       0x08000c28        0x0 linker stubs

.vfp11_veneer   0x08000c28        0x0
 .vfp11_veneer  0x08000c28        0x0 linker stubs

.v4_bx          0x08000c28        0x0
 .v4_bx         0x08000c28        0x0 linker stubs

.iplt           0x08000c28        0x0
 .iplt          0x08000c28        0x0 ..\obj\system_stm32f10x.o

.rel.dyn        0x08000c28        0x0
 .rel.iplt      0x08000c28        0x0 ..\obj\system_stm32f10x.o

.ARM.extab
 *(.ARM.extab* .gnu.linkonce.armextab.*)
                0x08000c28                __exidx_start = .

.ARM.exidx
 *(.ARM.exidx* .gnu.linkonce.armexidx.*)
                0x08000c28                __exidx_end = .
                0x08000c28                __etext = .
                0x08000c28                _sidata = __etext

.data           0x20000000       0x14 load address 0x08000c28
                0x20000000                __data_start__ = .
                0x20000000                _sdata = __data_start__
 *(vtable)
 *(.data*)
 .data          0x20000000       0x14 ..\obj\system_stm32f10x.o
                0x20000000                SystemCoreClock
                0x20000004                AHBPrescTable
                0x20000014                . = ALIGN (0x4)
                [!provide]                PROVIDE (__preinit_array_start = .)
 *(.preinit_array)
                [!provide]                PROVIDE (__preinit_array_end = .)
                0x20000014                . = ALIGN (0x4)
                [!provide]                PROVIDE (__init_array_start = .)
 *(SORT_BY_NAME(.init_array.*))
 *(.init_array)
                [!provide]                PROVIDE (__init_array_end = .)
                0x20000014                . = ALIGN (0x4)
                [!provide]                PROVIDE (__fini_array_start = .)
 *(SORT_BY_NAME(.fini_array.*))
 *(.fini_array)
                [!provide]                PROVIDE (__fini_array_end = .)
 *(.jcr*)
                0x20000014                . = ALIGN (0x4)
                0x20000014                __data_end__ = .
                0x20000014                _edata = __data_end__

.igot.plt       0x20000014        0x0 load address 0x08000c3c
 .igot.plt      0x20000014        0x0 ..\obj\system_stm32f10x.o

.bss            0x20000014        0x0
                0x20000014                . = ALIGN (0x4)
                0x20000014                __bss_start__ = .
                0x20000014                _sbss = __bss_start__
 *(.bss*)
 *(COMMON)
                0x20000014                . = ALIGN (0x4)
                0x20000014                __bss_end__ = .
                0x20000014                _ebss = __bss_end__

.heap           0x20000014        0x0
                0x20000014                __end__ = .
                0x20000014                _end = __end__
                0x20000014                end = __end__
 *(.heap*)
                0x20000014                __HeapLimit = .

.co_stack       0x20000014      0x404 load address 0x08000c3c
                0x20000018                . = ALIGN (0x8)
 *fill*         0x20000014        0x4 
 *(.co_stack .co_stack.*)
 .co_stack      0x20000018      0x400 ..\obj\startup_stm32f10x_cl.o
                0x20000018                pulStack
                0x20010000                __StackTop = (ORIGIN (ram) + LENGTH (ram))
                0x2000fbfc                __StackLimit = (__StackTop - SIZEOF (.co_stack))
                [!provide]                PROVIDE (__stack = __StackTop)
                0x00000001                ASSERT ((__StackLimit >= __HeapLimit), region ram  overflowed with stack)
LOAD ..\obj\stm32f10x_tim.o
LOAD ..\obj\system_stm32f10x.o
LOAD ..\obj\stm32f10x_gpio.o
LOAD ..\obj\main.o
LOAD ..\obj\stm32f10x_rcc.o
LOAD ..\obj\startup_stm32f10x_cl.o
LOAD ..\obj\stm32f10x_flash.o
START GROUP
LOAD c:/program files (x86)/gnu arm embedded toolchain/10 2020-q4-major/bin/../lib/gcc/arm-none-eabi/10.2.1/thumb/v7-m/nofp\libgcc.a
LOAD c:/program files (x86)/gnu arm embedded toolchain/10 2020-q4-major/bin/../lib/gcc/arm-none-eabi/10.2.1/../../../../arm-none-eabi/lib/thumb/v7-m/nofp\libg.a
LOAD c:/program files (x86)/gnu arm embedded toolchain/10 2020-q4-major/bin/../lib/gcc/arm-none-eabi/10.2.1/../../../../arm-none-eabi/lib/thumb/v7-m/nofp\libc.a
END GROUP
OUTPUT(LedBlink2.elf elf32-littlearm)
LOAD linker stubs

.debug_info     0x00000000     0x43cd
 .debug_info    0x00000000     0x1de8 ..\obj\stm32f10x_tim.o
 .debug_info    0x00001de8      0x512 ..\obj\system_stm32f10x.o
 .debug_info    0x000022fa      0x72e ..\obj\stm32f10x_gpio.o
 .debug_info    0x00002a28      0x597 ..\obj\main.o
 .debug_info    0x00002fbf      0xb17 ..\obj\stm32f10x_rcc.o
 .debug_info    0x00003ad6       0xfb ..\obj\startup_stm32f10x_cl.o
 .debug_info    0x00003bd1      0x7fc ..\obj\stm32f10x_flash.o

.debug_abbrev   0x00000000      0xaa7
 .debug_abbrev  0x00000000      0x1c9 ..\obj\stm32f10x_tim.o
 .debug_abbrev  0x000001c9      0x17d ..\obj\system_stm32f10x.o
 .debug_abbrev  0x00000346      0x1e9 ..\obj\stm32f10x_gpio.o
 .debug_abbrev  0x0000052f      0x14e ..\obj\main.o
 .debug_abbrev  0x0000067d      0x1d3 ..\obj\stm32f10x_rcc.o
 .debug_abbrev  0x00000850       0xb3 ..\obj\startup_stm32f10x_cl.o
 .debug_abbrev  0x00000903      0x1a4 ..\obj\stm32f10x_flash.o

.debug_aranges  0x00000000      0x688
 .debug_aranges
                0x00000000      0x2f0 ..\obj\stm32f10x_tim.o
 .debug_aranges
                0x000002f0       0x38 ..\obj\system_stm32f10x.o
 .debug_aranges
                0x00000328       0xa8 ..\obj\stm32f10x_gpio.o
 .debug_aranges
                0x000003d0       0x38 ..\obj\main.o
 .debug_aranges
                0x00000408      0x160 ..\obj\stm32f10x_rcc.o
 .debug_aranges
                0x00000568       0x28 ..\obj\startup_stm32f10x_cl.o
 .debug_aranges
                0x00000590       0xf8 ..\obj\stm32f10x_flash.o

.debug_ranges   0x00000000      0x618
 .debug_ranges  0x00000000      0x2e0 ..\obj\stm32f10x_tim.o
 .debug_ranges  0x000002e0       0x28 ..\obj\system_stm32f10x.o
 .debug_ranges  0x00000308       0x98 ..\obj\stm32f10x_gpio.o
 .debug_ranges  0x000003a0       0x28 ..\obj\main.o
 .debug_ranges  0x000003c8      0x150 ..\obj\stm32f10x_rcc.o
 .debug_ranges  0x00000518       0x18 ..\obj\startup_stm32f10x_cl.o
 .debug_ranges  0x00000530       0xe8 ..\obj\stm32f10x_flash.o

.debug_line     0x00000000     0x2e60
 .debug_line    0x00000000     0x11b6 ..\obj\stm32f10x_tim.o
 .debug_line    0x000011b6      0x386 ..\obj\system_stm32f10x.o
 .debug_line    0x0000153c      0x5a9 ..\obj\stm32f10x_gpio.o
 .debug_line    0x00001ae5      0x2a7 ..\obj\main.o
 .debug_line    0x00001d8c      0x8b9 ..\obj\stm32f10x_rcc.o
 .debug_line    0x00002645       0xbd ..\obj\startup_stm32f10x_cl.o
 .debug_line    0x00002702      0x75e ..\obj\stm32f10x_flash.o

.debug_str      0x00000000     0x1c7f
 .debug_str     0x00000000      0xd32 ..\obj\stm32f10x_tim.o
                                0xded (size before relaxing)
 .debug_str     0x00000d32      0x1b2 ..\obj\system_stm32f10x.o
                                0x340 (size before relaxing)
 .debug_str     0x00000ee4      0x37d ..\obj\stm32f10x_gpio.o
                                0x529 (size before relaxing)
 .debug_str     0x00001261       0x95 ..\obj\main.o
                                0x4e4 (size before relaxing)
 .debug_str     0x000012f6      0x4d4 ..\obj\stm32f10x_rcc.o
                                0x772 (size before relaxing)
 .debug_str     0x000017ca       0xaf ..\obj\startup_stm32f10x_cl.o
                                0x17b (size before relaxing)
 .debug_str     0x00001879      0x406 ..\obj\stm32f10x_flash.o
                                0x5f8 (size before relaxing)

.comment        0x00000000       0x4d
 .comment       0x00000000       0x4d ..\obj\stm32f10x_tim.o
                                 0x4e (size before relaxing)
 .comment       0x0000004d       0x4e ..\obj\system_stm32f10x.o
 .comment       0x0000004d       0x4e ..\obj\stm32f10x_gpio.o
 .comment       0x0000004d       0x4e ..\obj\main.o
 .comment       0x0000004d       0x4e ..\obj\stm32f10x_rcc.o
 .comment       0x0000004d       0x4e ..\obj\startup_stm32f10x_cl.o
 .comment       0x0000004d       0x4e ..\obj\stm32f10x_flash.o

.ARM.attributes
                0x00000000       0x2d
 .ARM.attributes
                0x00000000       0x2d ..\obj\stm32f10x_tim.o
 .ARM.attributes
                0x0000002d       0x2d ..\obj\system_stm32f10x.o
 .ARM.attributes
                0x0000005a       0x2d ..\obj\stm32f10x_gpio.o
 .ARM.attributes
                0x00000087       0x2d ..\obj\main.o
 .ARM.attributes
                0x000000b4       0x2d ..\obj\stm32f10x_rcc.o
 .ARM.attributes
                0x000000e1       0x2d ..\obj\startup_stm32f10x_cl.o
 .ARM.attributes
                0x0000010e       0x2d ..\obj\stm32f10x_flash.o

.debug_frame    0x00000000     0x1ce4
 .debug_frame   0x00000000      0xe2c ..\obj\stm32f10x_tim.o
 .debug_frame   0x00000e2c       0x98 ..\obj\system_stm32f10x.o
 .debug_frame   0x00000ec4      0x2d0 ..\obj\stm32f10x_gpio.o
 .debug_frame   0x00001194       0x98 ..\obj\main.o
 .debug_frame   0x0000122c      0x65c ..\obj\stm32f10x_rcc.o
 .debug_frame   0x00001888       0x4c ..\obj\startup_stm32f10x_cl.o
 .debug_frame   0x000018d4      0x410 ..\obj\stm32f10x_flash.o
