
Memory Configuration

Name             Origin             Length             Attributes
*default*        0x00000000         0xffffffff

Linker script and memory map

LOAD obj/FlashExecFnc.o
LOAD obj/FlashAlgoFncs.o
LOAD obj/FlashAlgoInfo.o
START GROUP
LOAD d:/sourcery2013/bin/../lib/gcc/arm-none-eabi/4.7.3/thumb2\libgcc.a
LOAD d:/sourcery2013/bin/../lib/gcc/arm-none-eabi/4.7.3/../../../../arm-none-eabi/lib/thumb2\libc.a
END GROUP

.text           0x00000000      0x308
                0x00000000                . = 0x0
 *(.text .text.*)
 .text          0x00000000       0x30 obj/FlashExecFnc.o
                0x00000000                BreakHere
                0x00000004                ExecFunction
 .text          0x00000030      0x2d8 obj/FlashAlgoFncs.o
                0x00000030                FlashInit
                0x000000ac                FlashUnInit
                0x000000e0                FlashEraseChip
                0x00000118                FlashEraseSector
                0x00000188                FlashProgramPage
 .text          0x00000308        0x0 obj/FlashAlgoInfo.o

.glue_7         0x00000308        0x0
 .glue_7        0x00000000        0x0 linker stubs

.glue_7t        0x00000308        0x0
 .glue_7t       0x00000000        0x0 linker stubs

.vfp11_veneer   0x00000308        0x0
 .vfp11_veneer  0x00000000        0x0 linker stubs

.v4_bx          0x00000308        0x0
 .v4_bx         0x00000000        0x0 linker stubs

.iplt           0x00000308        0x0
 .iplt          0x00000000        0x0 obj/FlashExecFnc.o

.rodata
 *(.rodata .rodata*)

.data           0x00000308        0x0
 *(.data .data.*)
 .data          0x00000308        0x0 obj/FlashExecFnc.o
 .data          0x00000308        0x0 obj/FlashAlgoFncs.o
 .data          0x00000308        0x0 obj/FlashAlgoInfo.o

.igot.plt       0x00000308        0x0
 .igot.plt      0x00000000        0x0 obj/FlashExecFnc.o

.got
 *(.got .got.*)

.bss            0x00000308        0x0
 *(.bss .bss.*)
 .bss           0x00000308        0x0 obj/FlashExecFnc.o
 .bss           0x00000308        0x0 obj/FlashAlgoFncs.o
 .bss           0x00000308        0x0 obj/FlashAlgoInfo.o
 *(COMMON)

.driver_info    0x00000308     0x10a8
 *(.driver_info .driver_info.*)
 .driver_info   0x00000308     0x10a8 obj/FlashAlgoInfo.o
                0x00000308                FlashDriver
OUTPUT(bin/STM32L1xx_384.elf elf32-littlearm)

.rel.dyn        0x000013b0        0x0
 .rel.iplt      0x00000000        0x0 obj/FlashExecFnc.o

.debug_info     0x00000000      0x514
 .debug_info    0x00000000       0xfc obj/FlashExecFnc.o
 .debug_info    0x000000fc      0x2a6 obj/FlashAlgoFncs.o
 .debug_info    0x000003a2      0x172 obj/FlashAlgoInfo.o

.debug_abbrev   0x00000000      0x208
 .debug_abbrev  0x00000000       0xa4 obj/FlashExecFnc.o
 .debug_abbrev  0x000000a4       0xe9 obj/FlashAlgoFncs.o
 .debug_abbrev  0x0000018d       0x7b obj/FlashAlgoInfo.o

.debug_loc      0x00000000      0x150
 .debug_loc     0x00000000       0x38 obj/FlashExecFnc.o
 .debug_loc     0x00000038      0x118 obj/FlashAlgoFncs.o

.debug_aranges  0x00000000       0x58
 .debug_aranges
                0x00000000       0x20 obj/FlashExecFnc.o
 .debug_aranges
                0x00000020       0x20 obj/FlashAlgoFncs.o
 .debug_aranges
                0x00000040       0x18 obj/FlashAlgoInfo.o

.debug_line     0x00000000      0x172
 .debug_line    0x00000000       0x57 obj/FlashExecFnc.o
 .debug_line    0x00000057       0xc4 obj/FlashAlgoFncs.o
 .debug_line    0x0000011b       0x57 obj/FlashAlgoInfo.o

.debug_str      0x00000000      0x2af
 .debug_str     0x00000000       0xec obj/FlashExecFnc.o
                                 0xf1 (size before relaxing)
 .debug_str     0x000000ec       0xf7 obj/FlashAlgoFncs.o
                                0x16e (size before relaxing)
 .debug_str     0x000001e3       0xcc obj/FlashAlgoInfo.o
                                0x156 (size before relaxing)

.comment        0x00000000       0x30
 .comment       0x00000000       0x30 obj/FlashExecFnc.o
                                 0x31 (size before relaxing)
 .comment       0x00000000       0x31 obj/FlashAlgoFncs.o
 .comment       0x00000000       0x31 obj/FlashAlgoInfo.o

.ARM.attributes
                0x00000000       0x33
 .ARM.attributes
                0x00000000       0x33 obj/FlashExecFnc.o
 .ARM.attributes
                0x00000033       0x33 obj/FlashAlgoFncs.o
 .ARM.attributes
                0x00000066       0x33 obj/FlashAlgoInfo.o

.debug_frame    0x00000000       0xe0
 .debug_frame   0x00000000       0x40 obj/FlashExecFnc.o
 .debug_frame   0x00000040       0xa0 obj/FlashAlgoFncs.o

Cross Reference Table

Symbol                                            File
BreakHere                                         obj/FlashExecFnc.o
ExecFunction                                      obj/FlashExecFnc.o
FlashDriver                                       obj/FlashAlgoInfo.o
FlashEraseChip                                    obj/FlashAlgoFncs.o
FlashEraseSector                                  obj/FlashAlgoFncs.o
FlashInit                                         obj/FlashAlgoFncs.o
FlashProgramPage                                  obj/FlashAlgoFncs.o
FlashUnInit                                       obj/FlashAlgoFncs.o
