Archive member included to satisfy reference by file (symbol)

c:/program files (x86)/gnu arm embedded toolchain/10 2020-q4-major/bin/../lib/gcc/arm-none-eabi/10.2.1/../../../../arm-none-eabi/lib/thumb/v7-m/nofp\libg.a(lib_a-atoi.o)
                              ..\obj\main.o (atoi)
c:/program files (x86)/gnu arm embedded toolchain/10 2020-q4-major/bin/../lib/gcc/arm-none-eabi/10.2.1/../../../../arm-none-eabi/lib/thumb/v7-m/nofp\libg.a(lib_a-memcpy.o)
                              ..\obj\main.o (memcpy)
c:/program files (x86)/gnu arm embedded toolchain/10 2020-q4-major/bin/../lib/gcc/arm-none-eabi/10.2.1/../../../../arm-none-eabi/lib/thumb/v7-m/nofp\libg.a(lib_a-memset.o)
                              ..\obj\main.o (memset)
c:/program files (x86)/gnu arm embedded toolchain/10 2020-q4-major/bin/../lib/gcc/arm-none-eabi/10.2.1/../../../../arm-none-eabi/lib/thumb/v7-m/nofp\libg.a(lib_a-strchr.o)
                              ..\obj\main.o (strchr)
c:/program files (x86)/gnu arm embedded toolchain/10 2020-q4-major/bin/../lib/gcc/arm-none-eabi/10.2.1/../../../../arm-none-eabi/lib/thumb/v7-m/nofp\libg.a(lib_a-strcmp.o)
                              ..\obj\main.o (strcmp)
c:/program files (x86)/gnu arm embedded toolchain/10 2020-q4-major/bin/../lib/gcc/arm-none-eabi/10.2.1/../../../../arm-none-eabi/lib/thumb/v7-m/nofp\libg.a(lib_a-strncpy.o)
                              ..\obj\main.o (strncpy)
c:/program files (x86)/gnu arm embedded toolchain/10 2020-q4-major/bin/../lib/gcc/arm-none-eabi/10.2.1/../../../../arm-none-eabi/lib/thumb/v7-m/nofp\libg.a(lib_a-strtol.o)
                              c:/program files (x86)/gnu arm embedded toolchain/10 2020-q4-major/bin/../lib/gcc/arm-none-eabi/10.2.1/../../../../arm-none-eabi/lib/thumb/v7-m/nofp\libg.a(lib_a-atoi.o) (_strtol_r)
c:/program files (x86)/gnu arm embedded toolchain/10 2020-q4-major/bin/../lib/gcc/arm-none-eabi/10.2.1/../../../../arm-none-eabi/lib/thumb/v7-m/nofp\libg.a(lib_a-ctype_.o)
                              c:/program files (x86)/gnu arm embedded toolchain/10 2020-q4-major/bin/../lib/gcc/arm-none-eabi/10.2.1/../../../../arm-none-eabi/lib/thumb/v7-m/nofp\libg.a(lib_a-strtol.o) (_ctype_)
c:/program files (x86)/gnu arm embedded toolchain/10 2020-q4-major/bin/../lib/gcc/arm-none-eabi/10.2.1/../../../../arm-none-eabi/lib/thumb/v7-m/nofp\libg.a(lib_a-errno.o)
                              c:/program files (x86)/gnu arm embedded toolchain/10 2020-q4-major/bin/../lib/gcc/arm-none-eabi/10.2.1/../../../../arm-none-eabi/lib/thumb/v7-m/nofp\libg.a(lib_a-strtol.o) (__errno)

Discarded input sections

 .text          0x00000000        0x0 ..\obj\stm32f10x_tim.o
 .data          0x00000000        0x0 ..\obj\stm32f10x_tim.o
 .bss           0x00000000        0x0 ..\obj\stm32f10x_tim.o
 .text.TIM_DeInit
                0x00000000      0x22c ..\obj\stm32f10x_tim.o
 .text.TIM_OC1Init
                0x00000000      0x118 ..\obj\stm32f10x_tim.o
 .text.TIM_OC2Init
                0x00000000      0x110 ..\obj\stm32f10x_tim.o
 .text.TIM_OC3Init
                0x00000000      0x10c ..\obj\stm32f10x_tim.o
 .text.TIM_OC4Init
                0x00000000       0xd0 ..\obj\stm32f10x_tim.o
 .text.TIM_ICInit
                0x00000000       0xa8 ..\obj\stm32f10x_tim.o
 .text.TIM_PWMIConfig
                0x00000000       0xb8 ..\obj\stm32f10x_tim.o
 .text.TIM_BDTRConfig
                0x00000000       0x4e ..\obj\stm32f10x_tim.o
 .text.TIM_TimeBaseStructInit
                0x00000000       0x32 ..\obj\stm32f10x_tim.o
 .text.TIM_OCStructInit
                0x00000000       0x42 ..\obj\stm32f10x_tim.o
 .text.TIM_ICStructInit
                0x00000000       0x30 ..\obj\stm32f10x_tim.o
 .text.TIM_BDTRStructInit
                0x00000000       0x3c ..\obj\stm32f10x_tim.o
 .text.TIM_CtrlPWMOutputs
                0x00000000       0x4a ..\obj\stm32f10x_tim.o
 .text.TIM_GenerateEvent
                0x00000000       0x1c ..\obj\stm32f10x_tim.o
 .text.TIM_DMAConfig
                0x00000000       0x28 ..\obj\stm32f10x_tim.o
 .text.TIM_DMACmd
                0x00000000       0x46 ..\obj\stm32f10x_tim.o
 .text.TIM_InternalClockConfig
                0x00000000       0x22 ..\obj\stm32f10x_tim.o
 .text.TIM_ITRxExternalClockConfig
                0x00000000       0x2e ..\obj\stm32f10x_tim.o
 .text.TIM_TIxExternalClockConfig
                0x00000000       0x5c ..\obj\stm32f10x_tim.o
 .text.TIM_ETRClockMode1Config
                0x00000000       0x5e ..\obj\stm32f10x_tim.o
 .text.TIM_ETRClockMode2Config
                0x00000000       0x3e ..\obj\stm32f10x_tim.o
 .text.TIM_ETRConfig
                0x00000000       0x52 ..\obj\stm32f10x_tim.o
 .text.TIM_PrescalerConfig
                0x00000000       0x26 ..\obj\stm32f10x_tim.o
 .text.TIM_CounterModeConfig
                0x00000000       0x36 ..\obj\stm32f10x_tim.o
 .text.TIM_SelectInputTrigger
                0x00000000       0x36 ..\obj\stm32f10x_tim.o
 .text.TIM_EncoderInterfaceConfig
                0x00000000       0x96 ..\obj\stm32f10x_tim.o
 .text.TIM_ForcedOC1Config
                0x00000000       0x36 ..\obj\stm32f10x_tim.o
 .text.TIM_ForcedOC2Config
                0x00000000       0x3a ..\obj\stm32f10x_tim.o
 .text.TIM_ForcedOC3Config
                0x00000000       0x36 ..\obj\stm32f10x_tim.o
 .text.TIM_ForcedOC4Config
                0x00000000       0x3a ..\obj\stm32f10x_tim.o
 .text.TIM_ARRPreloadConfig
                0x00000000       0x3e ..\obj\stm32f10x_tim.o
 .text.TIM_SelectCOM
                0x00000000       0x3e ..\obj\stm32f10x_tim.o
 .text.TIM_SelectCCDMA
                0x00000000       0x3e ..\obj\stm32f10x_tim.o
 .text.TIM_CCPreloadControl
                0x00000000       0x3e ..\obj\stm32f10x_tim.o
 .text.TIM_OC1PreloadConfig
                0x00000000       0x36 ..\obj\stm32f10x_tim.o
 .text.TIM_OC2PreloadConfig
                0x00000000       0x3a ..\obj\stm32f10x_tim.o
 .text.TIM_OC3PreloadConfig
                0x00000000       0x36 ..\obj\stm32f10x_tim.o
 .text.TIM_OC4PreloadConfig
                0x00000000       0x3a ..\obj\stm32f10x_tim.o
 .text.TIM_OC1FastConfig
                0x00000000       0x36 ..\obj\stm32f10x_tim.o
 .text.TIM_OC2FastConfig
                0x00000000       0x3a ..\obj\stm32f10x_tim.o
 .text.TIM_OC3FastConfig
                0x00000000       0x36 ..\obj\stm32f10x_tim.o
 .text.TIM_OC4FastConfig
                0x00000000       0x3a ..\obj\stm32f10x_tim.o
 .text.TIM_ClearOC1Ref
                0x00000000       0x36 ..\obj\stm32f10x_tim.o
 .text.TIM_ClearOC2Ref
                0x00000000       0x3a ..\obj\stm32f10x_tim.o
 .text.TIM_ClearOC3Ref
                0x00000000       0x36 ..\obj\stm32f10x_tim.o
 .text.TIM_ClearOC4Ref
                0x00000000       0x3a ..\obj\stm32f10x_tim.o
 .text.TIM_OC1PolarityConfig
                0x00000000       0x36 ..\obj\stm32f10x_tim.o
 .text.TIM_OC1NPolarityConfig
                0x00000000       0x36 ..\obj\stm32f10x_tim.o
 .text.TIM_OC2PolarityConfig
                0x00000000       0x3a ..\obj\stm32f10x_tim.o
 .text.TIM_OC2NPolarityConfig
                0x00000000       0x3a ..\obj\stm32f10x_tim.o
 .text.TIM_OC3PolarityConfig
                0x00000000       0x3a ..\obj\stm32f10x_tim.o
 .text.TIM_OC3NPolarityConfig
                0x00000000       0x3a ..\obj\stm32f10x_tim.o
 .text.TIM_OC4PolarityConfig
                0x00000000       0x3a ..\obj\stm32f10x_tim.o
 .text.TIM_CCxCmd
                0x00000000       0x54 ..\obj\stm32f10x_tim.o
 .text.TIM_CCxNCmd
                0x00000000       0x54 ..\obj\stm32f10x_tim.o
 .text.TIM_SelectOCxM
                0x00000000       0xb0 ..\obj\stm32f10x_tim.o
 .text.TIM_UpdateDisableConfig
                0x00000000       0x3e ..\obj\stm32f10x_tim.o
 .text.TIM_UpdateRequestConfig
                0x00000000       0x3e ..\obj\stm32f10x_tim.o
 .text.TIM_SelectHallSensor
                0x00000000       0x3e ..\obj\stm32f10x_tim.o
 .text.TIM_SelectOnePulseMode
                0x00000000       0x36 ..\obj\stm32f10x_tim.o
 .text.TIM_SelectOutputTrigger
                0x00000000       0x36 ..\obj\stm32f10x_tim.o
 .text.TIM_SelectSlaveMode
                0x00000000       0x36 ..\obj\stm32f10x_tim.o
 .text.TIM_SelectMasterSlaveMode
                0x00000000       0x36 ..\obj\stm32f10x_tim.o
 .text.TIM_SetCounter
                0x00000000       0x1c ..\obj\stm32f10x_tim.o
 .text.TIM_SetAutoreload
                0x00000000       0x1c ..\obj\stm32f10x_tim.o
 .text.TIM_SetCompare1
                0x00000000       0x1c ..\obj\stm32f10x_tim.o
 .text.TIM_SetCompare2
                0x00000000       0x1c ..\obj\stm32f10x_tim.o
 .text.TIM_SetCompare3
                0x00000000       0x1c ..\obj\stm32f10x_tim.o
 .text.TIM_SetCompare4
                0x00000000       0x1e ..\obj\stm32f10x_tim.o
 .text.TIM_SetIC1Prescaler
                0x00000000       0x36 ..\obj\stm32f10x_tim.o
 .text.TIM_SetIC2Prescaler
                0x00000000       0x3a ..\obj\stm32f10x_tim.o
 .text.TIM_SetIC3Prescaler
                0x00000000       0x36 ..\obj\stm32f10x_tim.o
 .text.TIM_SetIC4Prescaler
                0x00000000       0x3a ..\obj\stm32f10x_tim.o
 .text.TIM_SetClockDivision
                0x00000000       0x36 ..\obj\stm32f10x_tim.o
 .text.TIM_GetCapture1
                0x00000000       0x18 ..\obj\stm32f10x_tim.o
 .text.TIM_GetCapture2
                0x00000000       0x18 ..\obj\stm32f10x_tim.o
 .text.TIM_GetCapture3
                0x00000000       0x18 ..\obj\stm32f10x_tim.o
 .text.TIM_GetCapture4
                0x00000000       0x1a ..\obj\stm32f10x_tim.o
 .text.TIM_GetCounter
                0x00000000       0x18 ..\obj\stm32f10x_tim.o
 .text.TIM_GetPrescaler
                0x00000000       0x18 ..\obj\stm32f10x_tim.o
 .text.TIM_GetFlagStatus
                0x00000000       0x36 ..\obj\stm32f10x_tim.o
 .text.TIM_ClearFlag
                0x00000000       0x20 ..\obj\stm32f10x_tim.o
 .text.TI1_Config
                0x00000000       0xe0 ..\obj\stm32f10x_tim.o
 .text.TI2_Config
                0x00000000       0xf4 ..\obj\stm32f10x_tim.o
 .text.TI3_Config
                0x00000000       0xec ..\obj\stm32f10x_tim.o
 .text.TI4_Config
                0x00000000       0xf8 ..\obj\stm32f10x_tim.o
 .text          0x00000000        0x0 ..\obj\system_stm32f10x.o
 .bss           0x00000000        0x0 ..\obj\system_stm32f10x.o
 .text.SystemCoreClockUpdate
                0x00000000      0x148 ..\obj\system_stm32f10x.o
 .text          0x00000000        0x0 ..\obj\stm32f10x_can.o
 .data          0x00000000        0x0 ..\obj\stm32f10x_can.o
 .bss           0x00000000        0x0 ..\obj\stm32f10x_can.o
 .text.CAN_SlaveStartBank
                0x00000000       0x60 ..\obj\stm32f10x_can.o
 .text.CAN_DBGFreeze
                0x00000000       0x36 ..\obj\stm32f10x_can.o
 .text.CAN_TTComModeCmd
                0x00000000       0x96 ..\obj\stm32f10x_can.o
 .text.CAN_CancelTransmit
                0x00000000       0x56 ..\obj\stm32f10x_can.o
 .text.CAN_FIFORelease
                0x00000000       0x36 ..\obj\stm32f10x_can.o
 .text.CAN_MessagePending
                0x00000000       0x48 ..\obj\stm32f10x_can.o
 .text.CAN_OperatingModeRequest
                0x00000000       0xfa ..\obj\stm32f10x_can.o
 .text.CAN_Sleep
                0x00000000       0x38 ..\obj\stm32f10x_can.o
 .text.CAN_WakeUp
                0x00000000       0x54 ..\obj\stm32f10x_can.o
 .text.CAN_GetLastErrorCode
                0x00000000       0x24 ..\obj\stm32f10x_can.o
 .text.CAN_GetReceiveErrorCounter
                0x00000000       0x20 ..\obj\stm32f10x_can.o
 .text.CAN_GetLSBTransmitErrorCounter
                0x00000000       0x20 ..\obj\stm32f10x_can.o
 .text.CAN_GetFlagStatus
                0x00000000       0xcc ..\obj\stm32f10x_can.o
 .text.CAN_ClearFlag
                0x00000000       0x70 ..\obj\stm32f10x_can.o
 .text          0x00000000        0x0 ..\obj\stm32f10x_gpio.o
 .data          0x00000000        0x0 ..\obj\stm32f10x_gpio.o
 .bss           0x00000000        0x0 ..\obj\stm32f10x_gpio.o
 .text.GPIO_DeInit
                0x00000000       0xe4 ..\obj\stm32f10x_gpio.o
 .text.GPIO_AFIODeInit
                0x00000000       0x18 ..\obj\stm32f10x_gpio.o
 .text.GPIO_StructInit
                0x00000000       0x26 ..\obj\stm32f10x_gpio.o
 .text.GPIO_ReadInputData
                0x00000000       0x18 ..\obj\stm32f10x_gpio.o
 .text.GPIO_ReadOutputData
                0x00000000       0x18 ..\obj\stm32f10x_gpio.o
 .text.GPIO_WriteBit
                0x00000000       0x2e ..\obj\stm32f10x_gpio.o
 .text.GPIO_Write
                0x00000000       0x1c ..\obj\stm32f10x_gpio.o
 .text.GPIO_PinLockConfig
                0x00000000       0x42 ..\obj\stm32f10x_gpio.o
 .text.GPIO_EventOutputConfig
                0x00000000       0x4c ..\obj\stm32f10x_gpio.o
 .text.GPIO_EventOutputCmd
                0x00000000       0x20 ..\obj\stm32f10x_gpio.o
 .text.GPIO_PinRemapConfig
                0x00000000       0xe0 ..\obj\stm32f10x_gpio.o
 .text.GPIO_ETH_MediaInterfaceConfig
                0x00000000       0x1c ..\obj\stm32f10x_gpio.o
 .text          0x00000000        0x0 ..\obj\main.o
 .data          0x00000000        0x0 ..\obj\main.o
 .text.USART1_Calculation
                0x00000000       0x30 ..\obj\main.o
 .text.EXTI1_Name_Output
                0x00000000       0x3c ..\obj\main.o
 .text.Delay_ms
                0x00000000       0x30 ..\obj\main.o
 .text          0x00000000        0x0 ..\obj\printf.o
 .bss           0x00000000        0x0 ..\obj\printf.o
 .text.PrintChar
                0x00000000       0x14 ..\obj\printf.o
 .text.PutChar  0x00000000       0x1e ..\obj\printf.o
 .text.PutString
                0x00000000       0x3a ..\obj\printf.o
 .text.PutUnsignedInt
                0x00000000       0x9c ..\obj\printf.o
 .text.PutSignedInt
                0x00000000       0xf8 ..\obj\printf.o
 .text.PutHexa  0x00000000       0xd4 ..\obj\printf.o
 .text.vsnprintf
                0x00000000      0x254 ..\obj\printf.o
 .text.snprintf
                0x00000000       0x30 ..\obj\printf.o
 .text.vsprintf
                0x00000000       0x22 ..\obj\printf.o
 .rodata        0x00000000       0x24 ..\obj\printf.o
 .text.vfprintf
                0x00000000       0x68 ..\obj\printf.o
 .text.vprintf  0x00000000       0x28 ..\obj\printf.o
 .text.fprintf  0x00000000       0x2c ..\obj\printf.o
 .text.printf   0x00000000       0x28 ..\obj\printf.o
 .text.sprintf  0x00000000       0x2c ..\obj\printf.o
 .text.puts     0x00000000       0x24 ..\obj\printf.o
 .text.fputc    0x00000000       0x40 ..\obj\printf.o
 .text.fputs    0x00000000       0x48 ..\obj\printf.o
 .text          0x00000000        0x0 ..\obj\stm32f10x_rcc.o
 .bss           0x00000000        0x0 ..\obj\stm32f10x_rcc.o
 .text.RCC_AdjustHSICalibrationValue
                0x00000000       0x3c ..\obj\stm32f10x_rcc.o
 .text.RCC_HSICmd
                0x00000000       0x20 ..\obj\stm32f10x_rcc.o
 .text.RCC_PREDIV1Config
                0x00000000       0x40 ..\obj\stm32f10x_rcc.o
 .text.RCC_PREDIV2Config
                0x00000000       0x38 ..\obj\stm32f10x_rcc.o
 .text.RCC_PLL2Config
                0x00000000       0x38 ..\obj\stm32f10x_rcc.o
 .text.RCC_PLL2Cmd
                0x00000000       0x20 ..\obj\stm32f10x_rcc.o
 .text.RCC_PLL3Config
                0x00000000       0x38 ..\obj\stm32f10x_rcc.o
 .text.RCC_PLL3Cmd
                0x00000000       0x20 ..\obj\stm32f10x_rcc.o
 .text.RCC_ITConfig
                0x00000000       0x4c ..\obj\stm32f10x_rcc.o
 .text.RCC_OTGFSCLKConfig
                0x00000000       0x1c ..\obj\stm32f10x_rcc.o
 .text.RCC_ADCCLKConfig
                0x00000000       0x38 ..\obj\stm32f10x_rcc.o
 .text.RCC_I2S2CLKConfig
                0x00000000       0x1c ..\obj\stm32f10x_rcc.o
 .text.RCC_I2S3CLKConfig
                0x00000000       0x1c ..\obj\stm32f10x_rcc.o
 .text.RCC_LSEConfig
                0x00000000       0x40 ..\obj\stm32f10x_rcc.o
 .text.RCC_LSICmd
                0x00000000       0x20 ..\obj\stm32f10x_rcc.o
 .text.RCC_RTCCLKConfig
                0x00000000       0x24 ..\obj\stm32f10x_rcc.o
 .text.RCC_RTCCLKCmd
                0x00000000       0x20 ..\obj\stm32f10x_rcc.o
 .text.RCC_AHBPeriphResetCmd
                0x00000000       0x3c ..\obj\stm32f10x_rcc.o
 .text.RCC_APB2PeriphResetCmd
                0x00000000       0x3c ..\obj\stm32f10x_rcc.o
 .text.RCC_BackupResetCmd
                0x00000000       0x20 ..\obj\stm32f10x_rcc.o
 .text.RCC_ClockSecuritySystemCmd
                0x00000000       0x20 ..\obj\stm32f10x_rcc.o
 .text.RCC_MCOConfig
                0x00000000       0x20 ..\obj\stm32f10x_rcc.o
 .text.RCC_ClearFlag
                0x00000000       0x1c ..\obj\stm32f10x_rcc.o
 .text.RCC_GetITStatus
                0x00000000       0x34 ..\obj\stm32f10x_rcc.o
 .text.RCC_ClearITPendingBit
                0x00000000       0x20 ..\obj\stm32f10x_rcc.o
 .text          0x00000000        0x0 ..\obj\startup_stm32f10x_cl.o
 .data          0x00000000        0x0 ..\obj\startup_stm32f10x_cl.o
 .bss           0x00000000        0x0 ..\obj\startup_stm32f10x_cl.o
 .text          0x00000000        0x0 ..\obj\stm32f10x_exti.o
 .data          0x00000000        0x0 ..\obj\stm32f10x_exti.o
 .bss           0x00000000        0x0 ..\obj\stm32f10x_exti.o
 .text.EXTI_DeInit
                0x00000000       0x34 ..\obj\stm32f10x_exti.o
 .text.EXTI_StructInit
                0x00000000       0x2a ..\obj\stm32f10x_exti.o
 .text.EXTI_GenerateSWInterrupt
                0x00000000       0x24 ..\obj\stm32f10x_exti.o
 .text.EXTI_GetFlagStatus
                0x00000000       0x34 ..\obj\stm32f10x_exti.o
 .text.EXTI_ClearFlag
                0x00000000       0x1c ..\obj\stm32f10x_exti.o
 .text          0x00000000        0x0 ..\obj\can1.o
 .data          0x00000000        0x0 ..\obj\can1.o
 .text          0x00000000        0x0 ..\obj\stm32f10x_usart.o
 .data          0x00000000        0x0 ..\obj\stm32f10x_usart.o
 .bss           0x00000000        0x0 ..\obj\stm32f10x_usart.o
 .text.USART_DeInit
                0x00000000       0xb8 ..\obj\stm32f10x_usart.o
 .text.USART_StructInit
                0x00000000       0x38 ..\obj\stm32f10x_usart.o
 .text.USART_ClockInit
                0x00000000       0x56 ..\obj\stm32f10x_usart.o
 .text.USART_ClockStructInit
                0x00000000       0x2a ..\obj\stm32f10x_usart.o
 .text.USART_ITConfig
                0x00000000       0x8e ..\obj\stm32f10x_usart.o
 .text.USART_SetAddress
                0x00000000       0x38 ..\obj\stm32f10x_usart.o
 .text.USART_WakeUpConfig
                0x00000000       0x36 ..\obj\stm32f10x_usart.o
 .text.USART_ReceiverWakeUpCmd
                0x00000000       0x3e ..\obj\stm32f10x_usart.o
 .text.USART_LINBreakDetectLengthConfig
                0x00000000       0x36 ..\obj\stm32f10x_usart.o
 .text.USART_LINCmd
                0x00000000       0x3e ..\obj\stm32f10x_usart.o
 .text.USART_ReceiveData
                0x00000000       0x1e ..\obj\stm32f10x_usart.o
 .text.USART_SendBreak
                0x00000000       0x22 ..\obj\stm32f10x_usart.o
 .text.USART_SetGuardTime
                0x00000000       0x3a ..\obj\stm32f10x_usart.o
 .text.USART_SetPrescaler
                0x00000000       0x38 ..\obj\stm32f10x_usart.o
 .text.USART_SmartCardCmd
                0x00000000       0x3e ..\obj\stm32f10x_usart.o
 .text.USART_SmartCardNACKCmd
                0x00000000       0x3e ..\obj\stm32f10x_usart.o
 .text.USART_HalfDuplexCmd
                0x00000000       0x3e ..\obj\stm32f10x_usart.o
 .text.USART_OverSampling8Cmd
                0x00000000       0x42 ..\obj\stm32f10x_usart.o
 .text.USART_OneBitMethodCmd
                0x00000000       0x3e ..\obj\stm32f10x_usart.o
 .text.USART_IrDAConfig
                0x00000000       0x36 ..\obj\stm32f10x_usart.o
 .text.USART_IrDACmd
                0x00000000       0x3e ..\obj\stm32f10x_usart.o
 .text.USART_ClearFlag
                0x00000000       0x20 ..\obj\stm32f10x_usart.o
 .text.USART_GetITStatus
                0x00000000       0xb4 ..\obj\stm32f10x_usart.o
 .text.USART_ClearITPendingBit
                0x00000000       0x38 ..\obj\stm32f10x_usart.o
 .text          0x00000000        0x0 ..\obj\can2.o
 .data          0x00000000        0x0 ..\obj\can2.o
 .text          0x00000000        0x0 ..\obj\stm32f10x_flash.o
 .data          0x00000000        0x0 ..\obj\stm32f10x_flash.o
 .bss           0x00000000        0x0 ..\obj\stm32f10x_flash.o
 .text.FLASH_HalfCycleAccessCmd
                0x00000000       0x30 ..\obj\stm32f10x_flash.o
 .text.FLASH_Unlock
                0x00000000       0x24 ..\obj\stm32f10x_flash.o
 .text.FLASH_UnlockBank1
                0x00000000       0x24 ..\obj\stm32f10x_flash.o
 .text.FLASH_Lock
                0x00000000       0x1c ..\obj\stm32f10x_flash.o
 .text.FLASH_LockBank1
                0x00000000       0x1c ..\obj\stm32f10x_flash.o
 .text.FLASH_ErasePage
                0x00000000       0x64 ..\obj\stm32f10x_flash.o
 .text.FLASH_EraseAllPages
                0x00000000       0x5c ..\obj\stm32f10x_flash.o
 .text.FLASH_EraseAllBank1Pages
                0x00000000       0x5c ..\obj\stm32f10x_flash.o
 .text.FLASH_EraseOptionBytes
                0x00000000       0xd4 ..\obj\stm32f10x_flash.o
 .text.FLASH_ProgramWord
                0x00000000       0x94 ..\obj\stm32f10x_flash.o
 .text.FLASH_ProgramHalfWord
                0x00000000       0x5c ..\obj\stm32f10x_flash.o
 .text.FLASH_ProgramOptionByteData
                0x00000000       0x78 ..\obj\stm32f10x_flash.o
 .text.FLASH_EnableWriteProtection
                0x00000000      0x118 ..\obj\stm32f10x_flash.o
 .text.FLASH_ReadOutProtection
                0x00000000       0xd4 ..\obj\stm32f10x_flash.o
 .text.FLASH_UserOptionByteConfig
                0x00000000       0x94 ..\obj\stm32f10x_flash.o
 .text.FLASH_GetUserOptionByte
                0x00000000       0x18 ..\obj\stm32f10x_flash.o
 .text.FLASH_GetWriteProtectionOptionByte
                0x00000000       0x14 ..\obj\stm32f10x_flash.o
 .text.FLASH_GetReadOutProtectionStatus
                0x00000000       0x30 ..\obj\stm32f10x_flash.o
 .text.FLASH_GetPrefetchBufferStatus
                0x00000000       0x30 ..\obj\stm32f10x_flash.o
 .text.FLASH_ITConfig
                0x00000000       0x3c ..\obj\stm32f10x_flash.o
 .text.FLASH_GetFlagStatus
                0x00000000       0x50 ..\obj\stm32f10x_flash.o
 .text.FLASH_ClearFlag
                0x00000000       0x1c ..\obj\stm32f10x_flash.o
 .text.FLASH_GetStatus
                0x00000000       0x54 ..\obj\stm32f10x_flash.o
 .text.FLASH_GetBank1Status
                0x00000000       0x54 ..\obj\stm32f10x_flash.o
 .text.FLASH_WaitForLastOperation
                0x00000000       0x44 ..\obj\stm32f10x_flash.o
 .text.FLASH_WaitForLastBank1Operation
                0x00000000       0x44 ..\obj\stm32f10x_flash.o
 .text          0x00000000        0x0 ..\obj\stm32f10x_dma.o
 .data          0x00000000        0x0 ..\obj\stm32f10x_dma.o
 .bss           0x00000000        0x0 ..\obj\stm32f10x_dma.o
 .text.DMA_StructInit
                0x00000000       0x54 ..\obj\stm32f10x_dma.o
 .text.DMA_GetFlagStatus
                0x00000000       0x50 ..\obj\stm32f10x_dma.o
 .text.DMA_ClearFlag
                0x00000000       0x34 ..\obj\stm32f10x_dma.o
 .text          0x00000000        0x0 ..\obj\can_packing.o
 .data          0x00000000        0x0 ..\obj\can_packing.o
 .bss           0x00000000        0x0 ..\obj\can_packing.o
 .text          0x00000000        0x0 ..\obj\misc.o
 .data          0x00000000        0x0 ..\obj\misc.o
 .bss           0x00000000        0x0 ..\obj\misc.o
 .text.NVIC_SetVectorTable
                0x00000000       0x2c ..\obj\misc.o
 .text.NVIC_SystemLPConfig
                0x00000000       0x40 ..\obj\misc.o
 .text.SysTick_CLKSourceConfig
                0x00000000       0x38 ..\obj\misc.o
 .text          0x00000000        0x0 c:/program files (x86)/gnu arm embedded toolchain/10 2020-q4-major/bin/../lib/gcc/arm-none-eabi/10.2.1/../../../../arm-none-eabi/lib/thumb/v7-m/nofp\libg.a(lib_a-atoi.o)
 .data          0x00000000        0x0 c:/program files (x86)/gnu arm embedded toolchain/10 2020-q4-major/bin/../lib/gcc/arm-none-eabi/10.2.1/../../../../arm-none-eabi/lib/thumb/v7-m/nofp\libg.a(lib_a-atoi.o)
 .bss           0x00000000        0x0 c:/program files (x86)/gnu arm embedded toolchain/10 2020-q4-major/bin/../lib/gcc/arm-none-eabi/10.2.1/../../../../arm-none-eabi/lib/thumb/v7-m/nofp\libg.a(lib_a-atoi.o)
 .text._atoi_r  0x00000000        0x8 c:/program files (x86)/gnu arm embedded toolchain/10 2020-q4-major/bin/../lib/gcc/arm-none-eabi/10.2.1/../../../../arm-none-eabi/lib/thumb/v7-m/nofp\libg.a(lib_a-atoi.o)
 .data          0x00000000        0x0 c:/program files (x86)/gnu arm embedded toolchain/10 2020-q4-major/bin/../lib/gcc/arm-none-eabi/10.2.1/../../../../arm-none-eabi/lib/thumb/v7-m/nofp\libg.a(lib_a-memcpy.o)
 .bss           0x00000000        0x0 c:/program files (x86)/gnu arm embedded toolchain/10 2020-q4-major/bin/../lib/gcc/arm-none-eabi/10.2.1/../../../../arm-none-eabi/lib/thumb/v7-m/nofp\libg.a(lib_a-memcpy.o)
 .text          0x00000000        0x0 c:/program files (x86)/gnu arm embedded toolchain/10 2020-q4-major/bin/../lib/gcc/arm-none-eabi/10.2.1/../../../../arm-none-eabi/lib/thumb/v7-m/nofp\libg.a(lib_a-memset.o)
 .data          0x00000000        0x0 c:/program files (x86)/gnu arm embedded toolchain/10 2020-q4-major/bin/../lib/gcc/arm-none-eabi/10.2.1/../../../../arm-none-eabi/lib/thumb/v7-m/nofp\libg.a(lib_a-memset.o)
 .bss           0x00000000        0x0 c:/program files (x86)/gnu arm embedded toolchain/10 2020-q4-major/bin/../lib/gcc/arm-none-eabi/10.2.1/../../../../arm-none-eabi/lib/thumb/v7-m/nofp\libg.a(lib_a-memset.o)
 .text          0x00000000        0x0 c:/program files (x86)/gnu arm embedded toolchain/10 2020-q4-major/bin/../lib/gcc/arm-none-eabi/10.2.1/../../../../arm-none-eabi/lib/thumb/v7-m/nofp\libg.a(lib_a-strchr.o)
 .data          0x00000000        0x0 c:/program files (x86)/gnu arm embedded toolchain/10 2020-q4-major/bin/../lib/gcc/arm-none-eabi/10.2.1/../../../../arm-none-eabi/lib/thumb/v7-m/nofp\libg.a(lib_a-strchr.o)
 .bss           0x00000000        0x0 c:/program files (x86)/gnu arm embedded toolchain/10 2020-q4-major/bin/../lib/gcc/arm-none-eabi/10.2.1/../../../../arm-none-eabi/lib/thumb/v7-m/nofp\libg.a(lib_a-strchr.o)
 .data          0x00000000        0x0 c:/program files (x86)/gnu arm embedded toolchain/10 2020-q4-major/bin/../lib/gcc/arm-none-eabi/10.2.1/../../../../arm-none-eabi/lib/thumb/v7-m/nofp\libg.a(lib_a-strcmp.o)
 .bss           0x00000000        0x0 c:/program files (x86)/gnu arm embedded toolchain/10 2020-q4-major/bin/../lib/gcc/arm-none-eabi/10.2.1/../../../../arm-none-eabi/lib/thumb/v7-m/nofp\libg.a(lib_a-strcmp.o)
 .text          0x00000000        0x0 c:/program files (x86)/gnu arm embedded toolchain/10 2020-q4-major/bin/../lib/gcc/arm-none-eabi/10.2.1/../../../../arm-none-eabi/lib/thumb/v7-m/nofp\libg.a(lib_a-strncpy.o)
 .data          0x00000000        0x0 c:/program files (x86)/gnu arm embedded toolchain/10 2020-q4-major/bin/../lib/gcc/arm-none-eabi/10.2.1/../../../../arm-none-eabi/lib/thumb/v7-m/nofp\libg.a(lib_a-strncpy.o)
 .bss           0x00000000        0x0 c:/program files (x86)/gnu arm embedded toolchain/10 2020-q4-major/bin/../lib/gcc/arm-none-eabi/10.2.1/../../../../arm-none-eabi/lib/thumb/v7-m/nofp\libg.a(lib_a-strncpy.o)
 .text          0x00000000        0x0 c:/program files (x86)/gnu arm embedded toolchain/10 2020-q4-major/bin/../lib/gcc/arm-none-eabi/10.2.1/../../../../arm-none-eabi/lib/thumb/v7-m/nofp\libg.a(lib_a-strtol.o)
 .data          0x00000000        0x0 c:/program files (x86)/gnu arm embedded toolchain/10 2020-q4-major/bin/../lib/gcc/arm-none-eabi/10.2.1/../../../../arm-none-eabi/lib/thumb/v7-m/nofp\libg.a(lib_a-strtol.o)
 .bss           0x00000000        0x0 c:/program files (x86)/gnu arm embedded toolchain/10 2020-q4-major/bin/../lib/gcc/arm-none-eabi/10.2.1/../../../../arm-none-eabi/lib/thumb/v7-m/nofp\libg.a(lib_a-strtol.o)
 .text._strtol_r
                0x00000000       0x1c c:/program files (x86)/gnu arm embedded toolchain/10 2020-q4-major/bin/../lib/gcc/arm-none-eabi/10.2.1/../../../../arm-none-eabi/lib/thumb/v7-m/nofp\libg.a(lib_a-strtol.o)
 .text.strtol_l
                0x00000000       0x2c c:/program files (x86)/gnu arm embedded toolchain/10 2020-q4-major/bin/../lib/gcc/arm-none-eabi/10.2.1/../../../../arm-none-eabi/lib/thumb/v7-m/nofp\libg.a(lib_a-strtol.o)
 .text          0x00000000        0x0 c:/program files (x86)/gnu arm embedded toolchain/10 2020-q4-major/bin/../lib/gcc/arm-none-eabi/10.2.1/../../../../arm-none-eabi/lib/thumb/v7-m/nofp\libg.a(lib_a-ctype_.o)
 .data          0x00000000        0x0 c:/program files (x86)/gnu arm embedded toolchain/10 2020-q4-major/bin/../lib/gcc/arm-none-eabi/10.2.1/../../../../arm-none-eabi/lib/thumb/v7-m/nofp\libg.a(lib_a-ctype_.o)
 .bss           0x00000000        0x0 c:/program files (x86)/gnu arm embedded toolchain/10 2020-q4-major/bin/../lib/gcc/arm-none-eabi/10.2.1/../../../../arm-none-eabi/lib/thumb/v7-m/nofp\libg.a(lib_a-ctype_.o)
 .text          0x00000000        0x0 c:/program files (x86)/gnu arm embedded toolchain/10 2020-q4-major/bin/../lib/gcc/arm-none-eabi/10.2.1/../../../../arm-none-eabi/lib/thumb/v7-m/nofp\libg.a(lib_a-errno.o)
 .data          0x00000000        0x0 c:/program files (x86)/gnu arm embedded toolchain/10 2020-q4-major/bin/../lib/gcc/arm-none-eabi/10.2.1/../../../../arm-none-eabi/lib/thumb/v7-m/nofp\libg.a(lib_a-errno.o)
 .bss           0x00000000        0x0 c:/program files (x86)/gnu arm embedded toolchain/10 2020-q4-major/bin/../lib/gcc/arm-none-eabi/10.2.1/../../../../arm-none-eabi/lib/thumb/v7-m/nofp\libg.a(lib_a-errno.o)

Memory Configuration

Name             Origin             Length             Attributes
rom              0x08000000         0x00040000         xr
ram              0x20000000         0x00010000         xrw
*default*        0x00000000         0xffffffff

Linker script and memory map

                0x20010000                _eram = 0x20010000

.text           0x08000000     0x4199
 *(.isr_vector)
 .isr_vector    0x08000000      0x154 ..\obj\startup_stm32f10x_cl.o
                0x08000000                g_pfnVectors
 *(.text*)
 .text.TIM_TimeBaseInit
                0x08000154       0xf8 ..\obj\stm32f10x_tim.o
                0x08000154                TIM_TimeBaseInit
 .text.TIM_Cmd  0x0800024c       0x3e ..\obj\stm32f10x_tim.o
                0x0800024c                TIM_Cmd
 .text.TIM_ITConfig
                0x0800028a       0x46 ..\obj\stm32f10x_tim.o
                0x0800028a                TIM_ITConfig
 .text.TIM_GetITStatus
                0x080002d0       0x52 ..\obj\stm32f10x_tim.o
                0x080002d0                TIM_GetITStatus
 .text.TIM_ClearITPendingBit
                0x08000322       0x20 ..\obj\stm32f10x_tim.o
                0x08000322                TIM_ClearITPendingBit
 *fill*         0x08000342        0x2 
 .text.SystemInit
                0x08000344       0x7c ..\obj\system_stm32f10x.o
                0x08000344                SystemInit
 .text.SetSysClock
                0x080003c0        0xc ..\obj\system_stm32f10x.o
 .text.SetSysClockTo72
                0x080003cc      0x138 ..\obj\system_stm32f10x.o
 .text.CAN_DeInit
                0x08000504       0x48 ..\obj\stm32f10x_can.o
                0x08000504                CAN_DeInit
 .text.CAN_Init
                0x0800054c      0x1a0 ..\obj\stm32f10x_can.o
                0x0800054c                CAN_Init
 .text.CAN_FilterInit
                0x080006ec      0x184 ..\obj\stm32f10x_can.o
                0x080006ec                CAN_FilterInit
 .text.CAN_StructInit
                0x08000870       0x54 ..\obj\stm32f10x_can.o
                0x08000870                CAN_StructInit
 .text.CAN_Transmit
                0x080008c4      0x1a0 ..\obj\stm32f10x_can.o
                0x080008c4                CAN_Transmit
 .text.CAN_TransmitStatus
                0x08000a64      0x104 ..\obj\stm32f10x_can.o
                0x08000a64                CAN_TransmitStatus
 .text.CAN_Receive
                0x08000b68      0x17a ..\obj\stm32f10x_can.o
                0x08000b68                CAN_Receive
 .text.CAN_ITConfig
                0x08000ce2       0x3a ..\obj\stm32f10x_can.o
                0x08000ce2                CAN_ITConfig
 .text.CAN_GetITStatus
                0x08000d1c      0x264 ..\obj\stm32f10x_can.o
                0x08000d1c                CAN_GetITStatus
 .text.CAN_ClearITPendingBit
                0x08000f80      0x1b4 ..\obj\stm32f10x_can.o
                0x08000f80                CAN_ClearITPendingBit
 .text.CheckITStatus
                0x08001134       0x2e ..\obj\stm32f10x_can.o
 .text.GPIO_Init
                0x08001162      0x178 ..\obj\stm32f10x_gpio.o
                0x08001162                GPIO_Init
 .text.GPIO_ReadInputDataBit
                0x080012da       0x32 ..\obj\stm32f10x_gpio.o
                0x080012da                GPIO_ReadInputDataBit
 .text.GPIO_ReadOutputDataBit
                0x0800130c       0x32 ..\obj\stm32f10x_gpio.o
                0x0800130c                GPIO_ReadOutputDataBit
 .text.GPIO_SetBits
                0x0800133e       0x1c ..\obj\stm32f10x_gpio.o
                0x0800133e                GPIO_SetBits
 .text.GPIO_ResetBits
                0x0800135a       0x1c ..\obj\stm32f10x_gpio.o
                0x0800135a                GPIO_ResetBits
 *fill*         0x08001376        0x2 
 .text.GPIO_EXTILineConfig
                0x08001378       0x80 ..\obj\stm32f10x_gpio.o
                0x08001378                GPIO_EXTILineConfig
 .text.NVIC_EnableIRQ
                0x080013f8       0x30 ..\obj\main.o
 .text.SystemClock_Config
                0x08001428       0x8c ..\obj\main.o
                0x08001428                SystemClock_Config
 .text.CAN_Send_Trigger_Handler
                0x080014b4      0x1c0 ..\obj\main.o
                0x080014b4                CAN_Send_Trigger_Handler
 .text.CAN_Process_Received
                0x08001674      0x204 ..\obj\main.o
                0x08001674                CAN_Process_Received
 .text.USART_DMA_Config
                0x08001878      0x17c ..\obj\main.o
                0x08001878                USART_DMA_Config
 .text.DMA_SendString
                0x080019f4       0x90 ..\obj\main.o
                0x080019f4                DMA_SendString
 .text.DMA_SendNumber
                0x08001a84      0x108 ..\obj\main.o
                0x08001a84                DMA_SendNumber
 .text.USART_SendChar
                0x08001b8c       0x42 ..\obj\main.o
                0x08001b8c                USART_SendChar
 *fill*         0x08001bce        0x2 
 .text.DMA_CheckRX
                0x08001bd0      0x124 ..\obj\main.o
                0x08001bd0                DMA_CheckRX
 .text.DMA1_Channel4_IRQHandler
                0x08001cf4       0x34 ..\obj\main.o
                0x08001cf4                DMA1_Channel4_IRQHandler
 .text.LED_GPIO_Config
                0x08001d28       0x34 ..\obj\main.o
                0x08001d28                LED_GPIO_Config
 .text.TIM2_Config
                0x08001d5c       0x74 ..\obj\main.o
                0x08001d5c                TIM2_Config
 .text.DIP_Config
                0x08001dd0       0x84 ..\obj\main.o
                0x08001dd0                DIP_Config
 .text.DIP_Get_CAN_Select
                0x08001e54       0x20 ..\obj\main.o
                0x08001e54                DIP_Get_CAN_Select
 .text.EXTI9_5_IRQHandler
                0x08001e74       0x3c ..\obj\main.o
                0x08001e74                EXTI9_5_IRQHandler
 .text.TIM2_IRQHandler
                0x08001eb0       0x5c ..\obj\main.o
                0x08001eb0                TIM2_IRQHandler
 .text.Command_Execute
                0x08001f0c      0x178 ..\obj\main.o
                0x08001f0c                Command_Execute
 .text.Command_Parse
                0x08002084      0x230 ..\obj\main.o
                0x08002084                Command_Parse
 .text.CAN_Output
                0x080022b4       0x48 ..\obj\main.o
                0x080022b4                CAN_Output
 .text.millis   0x080022fc       0x14 ..\obj\main.o
                0x080022fc                millis
 .text.main     0x08002310       0xf0 ..\obj\main.o
                0x08002310                main
 .text.RCC_DeInit
                0x08002400       0x70 ..\obj\stm32f10x_rcc.o
                0x08002400                RCC_DeInit
 .text.RCC_HSEConfig
                0x08002470       0x5c ..\obj\stm32f10x_rcc.o
                0x08002470                RCC_HSEConfig
 .text.RCC_WaitForHSEStartUp
                0x080024cc       0x50 ..\obj\stm32f10x_rcc.o
                0x080024cc                RCC_WaitForHSEStartUp
 .text.RCC_PLLConfig
                0x0800251c       0x3c ..\obj\stm32f10x_rcc.o
                0x0800251c                RCC_PLLConfig
 .text.RCC_PLLCmd
                0x08002558       0x20 ..\obj\stm32f10x_rcc.o
                0x08002558                RCC_PLLCmd
 .text.RCC_SYSCLKConfig
                0x08002578       0x38 ..\obj\stm32f10x_rcc.o
                0x08002578                RCC_SYSCLKConfig
 .text.RCC_GetSYSCLKSource
                0x080025b0       0x1c ..\obj\stm32f10x_rcc.o
                0x080025b0                RCC_GetSYSCLKSource
 .text.RCC_HCLKConfig
                0x080025cc       0x38 ..\obj\stm32f10x_rcc.o
                0x080025cc                RCC_HCLKConfig
 .text.RCC_PCLK1Config
                0x08002604       0x38 ..\obj\stm32f10x_rcc.o
                0x08002604                RCC_PCLK1Config
 .text.RCC_PCLK2Config
                0x0800263c       0x38 ..\obj\stm32f10x_rcc.o
                0x0800263c                RCC_PCLK2Config
 .text.RCC_GetClocksFreq
                0x08002674      0x1d0 ..\obj\stm32f10x_rcc.o
                0x08002674                RCC_GetClocksFreq
 .text.RCC_AHBPeriphClockCmd
                0x08002844       0x3c ..\obj\stm32f10x_rcc.o
                0x08002844                RCC_AHBPeriphClockCmd
 .text.RCC_APB2PeriphClockCmd
                0x08002880       0x3c ..\obj\stm32f10x_rcc.o
                0x08002880                RCC_APB2PeriphClockCmd
 .text.RCC_APB1PeriphClockCmd
                0x080028bc       0x3c ..\obj\stm32f10x_rcc.o
                0x080028bc                RCC_APB1PeriphClockCmd
 .text.RCC_APB1PeriphResetCmd
                0x080028f8       0x3c ..\obj\stm32f10x_rcc.o
                0x080028f8                RCC_APB1PeriphResetCmd
 .text.RCC_GetFlagStatus
                0x08002934       0x74 ..\obj\stm32f10x_rcc.o
                0x08002934                RCC_GetFlagStatus
 .text.Default_Reset_Handler
                0x080029a8       0x60 ..\obj\startup_stm32f10x_cl.o
                0x080029a8                Default_Reset_Handler
                0x080029a8                Reset_Handler
 .text.Default_Handler
                0x08002a08        0x6 ..\obj\startup_stm32f10x_cl.o
                0x08002a08                EXTI2_IRQHandler
                0x08002a08                DebugMon_Handler
                0x08002a08                TIM1_CC_IRQHandler
                0x08002a08                HardFault_Handler
                0x08002a08                TIM6_IRQHandler
                0x08002a08                SysTick_Handler
                0x08002a08                PVD_IRQHandler
                0x08002a08                PendSV_Handler
                0x08002a08                NMI_Handler
                0x08002a08                CAN2_RX1_IRQHandler
                0x08002a08                EXTI3_IRQHandler
                0x08002a08                EXTI0_IRQHandler
                0x08002a08                I2C2_EV_IRQHandler
                0x08002a08                UsageFault_Handler
                0x08002a08                CAN2_SCE_IRQHandler
                0x08002a08                ADC1_2_IRQHandler
                0x08002a08                SPI1_IRQHandler
                0x08002a08                TAMPER_IRQHandler
                0x08002a08                DMA2_Channel2_IRQHandler
                0x08002a08                USART3_IRQHandler
                0x08002a08                RTC_IRQHandler
                0x08002a08                DMA1_Channel7_IRQHandler
                0x08002a08                CAN1_RX1_IRQHandler
                0x08002a08                UART5_IRQHandler
                0x08002a08                TIM4_IRQHandler
                0x08002a08                DMA2_Channel1_IRQHandler
                0x08002a08                I2C1_EV_IRQHandler
                0x08002a08                DMA1_Channel6_IRQHandler
                0x08002a08                UART4_IRQHandler
                0x08002a08                DMA2_Channel4_IRQHandler
                0x08002a08                TIM3_IRQHandler
                0x08002a08                RCC_IRQHandler
                0x08002a08                TIM1_TRG_COM_IRQHandler
                0x08002a08                DMA1_Channel1_IRQHandler
                0x08002a08                EXTI15_10_IRQHandler
                0x08002a08                TIM7_IRQHandler
                0x08002a08                CAN2_TX_IRQHandler
                0x08002a08                TIM5_IRQHandler
                0x08002a08                ETH_WKUP_IRQHandler
                0x08002a08                SPI2_IRQHandler
                0x08002a08                MemManage_Handler
                0x08002a08                CAN1_TX_IRQHandler
                0x08002a08                SVC_Handler
                0x08002a08                DMA2_Channel5_IRQHandler
                0x08002a08                DMA1_Channel5_IRQHandler
                0x08002a08                EXTI4_IRQHandler
                0x08002a08                DMA1_Channel3_IRQHandler
                0x08002a08                ETH_IRQHandler
                0x08002a08                TIM1_UP_IRQHandler
                0x08002a08                WWDG_IRQHandler
                0x08002a08                OTG_FS_WKUP_IRQHandler
                0x08002a08                TIM1_BRK_IRQHandler
                0x08002a08                EXTI1_IRQHandler
                0x08002a08                RTCAlarm_IRQHandler
                0x08002a08                USART2_IRQHandler
                0x08002a08                I2C2_ER_IRQHandler
                0x08002a08                DMA1_Channel2_IRQHandler
                0x08002a08                CAN1_SCE_IRQHandler
                0x08002a08                FLASH_IRQHandler
                0x08002a08                BusFault_Handler
                0x08002a08                USART1_IRQHandler
                0x08002a08                OTG_FS_IRQHandler
                0x08002a08                SPI3_IRQHandler
                0x08002a08                I2C1_ER_IRQHandler
                0x08002a08                DMA2_Channel3_IRQHandler
 *fill*         0x08002a0e        0x2 
 .text.EXTI_Init
                0x08002a10       0xe4 ..\obj\stm32f10x_exti.o
                0x08002a10                EXTI_Init
 .text.EXTI_GetITStatus
                0x08002af4       0x48 ..\obj\stm32f10x_exti.o
                0x08002af4                EXTI_GetITStatus
 .text.EXTI_ClearITPendingBit
                0x08002b3c       0x1c ..\obj\stm32f10x_exti.o
                0x08002b3c                EXTI_ClearITPendingBit
 .text.CAN1_Filter_Config
                0x08002b58       0x3a ..\obj\can1.o
                0x08002b58                CAN1_Filter_Config
 *fill*         0x08002b92        0x2 
 .text.CAN1_Config
                0x08002b94       0xc0 ..\obj\can1.o
                0x08002b94                CAN1_Config
 .text.CAN1_Send_Message
                0x08002c54       0xd4 ..\obj\can1.o
                0x08002c54                CAN1_Send_Message
 .text.CAN1_RX0_IRQHandler
                0x08002d28       0x3c ..\obj\can1.o
                0x08002d28                CAN1_RX0_IRQHandler
 .text.USART_Init
                0x08002d64      0x174 ..\obj\stm32f10x_usart.o
                0x08002d64                USART_Init
 .text.USART_Cmd
                0x08002ed8       0x3e ..\obj\stm32f10x_usart.o
                0x08002ed8                USART_Cmd
 .text.USART_DMACmd
                0x08002f16       0x46 ..\obj\stm32f10x_usart.o
                0x08002f16                USART_DMACmd
 .text.USART_SendData
                0x08002f5c       0x22 ..\obj\stm32f10x_usart.o
                0x08002f5c                USART_SendData
 .text.USART_GetFlagStatus
                0x08002f7e       0x36 ..\obj\stm32f10x_usart.o
                0x08002f7e                USART_GetFlagStatus
 .text.CAN2_Filter_Config
                0x08002fb4       0x3a ..\obj\can2.o
                0x08002fb4                CAN2_Filter_Config
 *fill*         0x08002fee        0x2 
 .text.CAN2_Config
                0x08002ff0       0xc8 ..\obj\can2.o
                0x08002ff0                CAN2_Config
 .text.CAN2_Send_Message
                0x080030b8       0xdc ..\obj\can2.o
                0x080030b8                CAN2_Send_Message
 .text.CAN2_RX0_IRQHandler
                0x08003194       0x3c ..\obj\can2.o
                0x08003194                CAN2_RX0_IRQHandler
 .text.FLASH_SetLatency
                0x080031d0       0x38 ..\obj\stm32f10x_flash.o
                0x080031d0                FLASH_SetLatency
 .text.FLASH_PrefetchBufferCmd
                0x08003208       0x30 ..\obj\stm32f10x_flash.o
                0x08003208                FLASH_PrefetchBufferCmd
 .text.DMA_DeInit
                0x08003238      0x178 ..\obj\stm32f10x_dma.o
                0x08003238                DMA_DeInit
 .text.DMA_Init
                0x080033b0       0x7c ..\obj\stm32f10x_dma.o
                0x080033b0                DMA_Init
 .text.DMA_Cmd  0x0800342c       0x38 ..\obj\stm32f10x_dma.o
                0x0800342c                DMA_Cmd
 .text.DMA_ITConfig
                0x08003464       0x3a ..\obj\stm32f10x_dma.o
                0x08003464                DMA_ITConfig
 .text.DMA_SetCurrDataCounter
                0x0800349e       0x1c ..\obj\stm32f10x_dma.o
                0x0800349e                DMA_SetCurrDataCounter
 .text.DMA_GetCurrDataCounter
                0x080034ba       0x18 ..\obj\stm32f10x_dma.o
                0x080034ba                DMA_GetCurrDataCounter
 *fill*         0x080034d2        0x2 
 .text.DMA_GetITStatus
                0x080034d4       0x50 ..\obj\stm32f10x_dma.o
                0x080034d4                DMA_GetITStatus
 .text.DMA_ClearITPendingBit
                0x08003524       0x34 ..\obj\stm32f10x_dma.o
                0x08003524                DMA_ClearITPendingBit
 .text.Pack_Numbers_Message
                0x08003558       0x70 ..\obj\can_packing.o
                0x08003558                Pack_Numbers_Message
 .text.Unpack_Numbers_Message
                0x080035c8       0x68 ..\obj\can_packing.o
                0x080035c8                Unpack_Numbers_Message
 .text.Command_To_CAN_Op
                0x08003630       0x6c ..\obj\can_packing.o
                0x08003630                Command_To_CAN_Op
 .text.CAN_Op_To_String
                0x0800369c       0x58 ..\obj\can_packing.o
                0x0800369c                CAN_Op_To_String
 .text.NVIC_PriorityGroupConfig
                0x080036f4       0x24 ..\obj\misc.o
                0x080036f4                NVIC_PriorityGroupConfig
 .text.NVIC_Init
                0x08003718       0xc4 ..\obj\misc.o
                0x08003718                NVIC_Init
 .text.atoi     0x080037dc        0x8 c:/program files (x86)/gnu arm embedded toolchain/10 2020-q4-major/bin/../lib/gcc/arm-none-eabi/10.2.1/../../../../arm-none-eabi/lib/thumb/v7-m/nofp\libg.a(lib_a-atoi.o)
                0x080037dc                atoi
 .text          0x080037e4       0xec c:/program files (x86)/gnu arm embedded toolchain/10 2020-q4-major/bin/../lib/gcc/arm-none-eabi/10.2.1/../../../../arm-none-eabi/lib/thumb/v7-m/nofp\libg.a(lib_a-memcpy.o)
                0x080037e4                memcpy
 .text.memset   0x080038d0       0xa4 c:/program files (x86)/gnu arm embedded toolchain/10 2020-q4-major/bin/../lib/gcc/arm-none-eabi/10.2.1/../../../../arm-none-eabi/lib/thumb/v7-m/nofp\libg.a(lib_a-memset.o)
                0x080038d0                memset
 .text.strchr   0x08003974       0xcc c:/program files (x86)/gnu arm embedded toolchain/10 2020-q4-major/bin/../lib/gcc/arm-none-eabi/10.2.1/../../../../arm-none-eabi/lib/thumb/v7-m/nofp\libg.a(lib_a-strchr.o)
                0x08003974                strchr
 .text          0x08003a40      0x1bc c:/program files (x86)/gnu arm embedded toolchain/10 2020-q4-major/bin/../lib/gcc/arm-none-eabi/10.2.1/../../../../arm-none-eabi/lib/thumb/v7-m/nofp\libg.a(lib_a-strcmp.o)
                0x08003a40                strcmp
 .text.strncpy  0x08003bfc       0x68 c:/program files (x86)/gnu arm embedded toolchain/10 2020-q4-major/bin/../lib/gcc/arm-none-eabi/10.2.1/../../../../arm-none-eabi/lib/thumb/v7-m/nofp\libg.a(lib_a-strncpy.o)
                0x08003bfc                strncpy
 .text._strtol_l.part.0
                0x08003c64      0x120 c:/program files (x86)/gnu arm embedded toolchain/10 2020-q4-major/bin/../lib/gcc/arm-none-eabi/10.2.1/../../../../arm-none-eabi/lib/thumb/v7-m/nofp\libg.a(lib_a-strtol.o)
 .text.strtol   0x08003d84       0x2c c:/program files (x86)/gnu arm embedded toolchain/10 2020-q4-major/bin/../lib/gcc/arm-none-eabi/10.2.1/../../../../arm-none-eabi/lib/thumb/v7-m/nofp\libg.a(lib_a-strtol.o)
                0x08003d84                strtol
 .text.__errno  0x08003db0        0xc c:/program files (x86)/gnu arm embedded toolchain/10 2020-q4-major/bin/../lib/gcc/arm-none-eabi/10.2.1/../../../../arm-none-eabi/lib/thumb/v7-m/nofp\libg.a(lib_a-errno.o)
                0x08003db0                __errno
 *(.init)
 *(.fini)
 *crtbegin.o(.ctors)
 *crtbegin?.o(.ctors)
 *(EXCLUDE_FILE(*crtend.o *crtend?.o) .ctors)
 *(SORT_BY_NAME(.ctors.*))
 *(.ctors)
 *crtbegin.o(.dtors)
 *crtbegin?.o(.dtors)
 *(EXCLUDE_FILE(*crtend.o *crtend?.o) .dtors)
 *(SORT_BY_NAME(.dtors.*))
 *(.dtors)
 *(.rodata*)
 .rodata        0x08003dbc      0x2c3 ..\obj\main.o
 *fill*         0x0800407f        0x1 
 .rodata        0x08004080       0x18 ..\obj\can_packing.o
 .rodata._ctype_
                0x08004098      0x101 c:/program files (x86)/gnu arm embedded toolchain/10 2020-q4-major/bin/../lib/gcc/arm-none-eabi/10.2.1/../../../../arm-none-eabi/lib/thumb/v7-m/nofp\libg.a(lib_a-ctype_.o)
                0x08004098                _ctype_
 *(.eh_fram e*)

.glue_7         0x0800419c        0x0
 .glue_7        0x0800419c        0x0 linker stubs

.glue_7t        0x0800419c        0x0
 .glue_7t       0x0800419c        0x0 linker stubs

.vfp11_veneer   0x0800419c        0x0
 .vfp11_veneer  0x0800419c        0x0 linker stubs

.v4_bx          0x0800419c        0x0
 .v4_bx         0x0800419c        0x0 linker stubs

.iplt           0x0800419c        0x0
 .iplt          0x0800419c        0x0 ..\obj\system_stm32f10x.o

.rel.dyn        0x0800419c        0x0
 .rel.iplt      0x0800419c        0x0 ..\obj\system_stm32f10x.o

.ARM.extab
 *(.ARM.extab* .gnu.linkonce.armextab.*)
                0x08004199                __exidx_start = .

.ARM.exidx
 *(.ARM.exidx* .gnu.linkonce.armexidx.*)
                0x08004199                __exidx_end = .
                0x08004199                __etext = .
                0x08004199                _sidata = __etext

.data           0x20000000      0x458 load address 0x08004199
                0x20000000                __data_start__ = .
                0x20000000                _sdata = __data_start__
 *(vtable)
 *(.data*)
 .data          0x20000000       0x14 ..\obj\system_stm32f10x.o
                0x20000000                SystemCoreClock
                0x20000004                AHBPrescTable
 *fill*         0x20000014        0x4 
 .data          0x20000018      0x42c ..\obj\printf.o
                0x20000018                r
                0x20000440                _impure_ptr
 .data          0x20000444       0x14 ..\obj\stm32f10x_rcc.o
                0x20000458                . = ALIGN (0x4)
                [!provide]                PROVIDE (__preinit_array_start = .)
 *(.preinit_array)
                [!provide]                PROVIDE (__preinit_array_end = .)
                0x20000458                . = ALIGN (0x4)
                [!provide]                PROVIDE (__init_array_start = .)
 *(SORT_BY_NAME(.init_array.*))
 *(.init_array)
                [!provide]                PROVIDE (__init_array_end = .)
                0x20000458                . = ALIGN (0x4)
                [!provide]                PROVIDE (__fini_array_start = .)
 *(SORT_BY_NAME(.fini_array.*))
 *(.fini_array)
                [!provide]                PROVIDE (__fini_array_end = .)
 *(.jcr*)
                0x20000458                . = ALIGN (0x4)
                0x20000458                __data_end__ = .
                0x20000458                _edata = __data_end__

.igot.plt       0x20000458        0x0 load address 0x080045f4
 .igot.plt      0x20000458        0x0 ..\obj\system_stm32f10x.o

.bss            0x20000458      0x178 load address 0x080045f4
                0x20000458                . = ALIGN (0x4)
                0x20000458                __bss_start__ = .
                0x20000458                _sbss = __bss_start__
 *(.bss*)
 .bss           0x20000458      0x148 ..\obj\main.o
                0x20000458                DMA_RxBuffer
                0x20000498                DMA_TxBuffer
                0x200004d8                Remote_Numbers_Ready
                0x200004d9                Remote_Op_Ready
                0x200004dc                Remote_Num1
                0x200004e0                Remote_Num2
                0x200004e4                Remote_Op
                0x200004e5                CAN_Numbers_Received
                0x200004e6                CAN_Op_Received
                0x200004e8                CAN_Recv_Num1
                0x200004ec                CAN_Recv_Num2
                0x200004f0                CAN_Recv_Op
                0x200004f1                Last_Sent_Type
                0x200004f4                RxBuffer
                0x20000534                RxIndex
                0x20000535                RxReady
                0x20000536                TxInProgress
                0x20000538                DMA_RxLastPos
                0x2000053c                uwTick
                0x20000540                lastTime
                0x20000544                EXTI1_Interrupt
                0x20000545                CAN_Pending_Numbers
                0x20000546                CAN_Pending_Op
                0x20000548                CAN_Received_Num1
                0x2000054c                CAN_Received_Num2
                0x20000550                CAN_Received_Op
                0x20000551                Console_Num1_Ready
                0x20000552                Console_Num2_Ready
                0x20000554                Console_Num1
                0x20000558                Console_Num2
                0x2000055c                Console_Op
                0x2000055d                CAN_Send_Trigger
 .bss           0x200005a0       0x16 ..\obj\can1.o
                0x200005a0                CAN1_RxMessage
                0x200005b4                CAN1_RxPending
                0x200005b5                CAN1_TxBusy
 *fill*         0x200005b6        0x2 
 .bss           0x200005b8       0x16 ..\obj\can2.o
                0x200005b8                CAN2_RxMessage
                0x200005cc                CAN2_RxPending
                0x200005cd                CAN2_TxBusy
 *(COMMON)
                0x200005d0                . = ALIGN (0x4)
 *fill*         0x200005ce        0x2 
                0x200005d0                __bss_end__ = .
                0x200005d0                _ebss = __bss_end__

.heap           0x200005d0        0x0
                0x200005d0                __end__ = .
                0x200005d0                _end = __end__
                0x200005d0                end = __end__
 *(.heap*)
                0x200005d0                __HeapLimit = .

.co_stack       0x200005d0      0x400 load address 0x0800476c
                0x200005d0                . = ALIGN (0x8)
 *(.co_stack .co_stack.*)
 .co_stack      0x200005d0      0x400 ..\obj\startup_stm32f10x_cl.o
                0x200005d0                pulStack
                0x20010000                __StackTop = (ORIGIN (ram) + LENGTH (ram))
                0x2000fc00                __StackLimit = (__StackTop - SIZEOF (.co_stack))
                [!provide]                PROVIDE (__stack = __StackTop)
                0x00000001                ASSERT ((__StackLimit >= __HeapLimit), region ram  overflowed with stack)
LOAD ..\obj\stm32f10x_tim.o
LOAD ..\obj\system_stm32f10x.o
LOAD ..\obj\stm32f10x_can.o
LOAD ..\obj\stm32f10x_gpio.o
LOAD ..\obj\main.o
LOAD ..\obj\printf.o
LOAD ..\obj\stm32f10x_rcc.o
LOAD ..\obj\startup_stm32f10x_cl.o
LOAD ..\obj\stm32f10x_exti.o
LOAD ..\obj\can1.o
LOAD ..\obj\stm32f10x_usart.o
LOAD ..\obj\can2.o
LOAD ..\obj\stm32f10x_flash.o
LOAD ..\obj\stm32f10x_dma.o
LOAD ..\obj\can_packing.o
LOAD ..\obj\misc.o
START GROUP
LOAD c:/program files (x86)/gnu arm embedded toolchain/10 2020-q4-major/bin/../lib/gcc/arm-none-eabi/10.2.1/thumb/v7-m/nofp\libgcc.a
LOAD c:/program files (x86)/gnu arm embedded toolchain/10 2020-q4-major/bin/../lib/gcc/arm-none-eabi/10.2.1/../../../../arm-none-eabi/lib/thumb/v7-m/nofp\libg.a
LOAD c:/program files (x86)/gnu arm embedded toolchain/10 2020-q4-major/bin/../lib/gcc/arm-none-eabi/10.2.1/../../../../arm-none-eabi/lib/thumb/v7-m/nofp\libc.a
END GROUP
OUTPUT(DMA1.elf elf32-littlearm)
LOAD linker stubs

.debug_info     0x00000000     0x9b3e
 .debug_info    0x00000000     0x1de8 ..\obj\stm32f10x_tim.o
 .debug_info    0x00001de8      0x512 ..\obj\system_stm32f10x.o
 .debug_info    0x000022fa      0xc2a ..\obj\stm32f10x_can.o
 .debug_info    0x00002f24      0x72e ..\obj\stm32f10x_gpio.o
 .debug_info    0x00003652     0x147b ..\obj\main.o
 .debug_info    0x00004acd      0xf23 ..\obj\printf.o
 .debug_info    0x000059f0      0xb17 ..\obj\stm32f10x_rcc.o
 .debug_info    0x00006507       0xfb ..\obj\startup_stm32f10x_cl.o
 .debug_info    0x00006602      0x357 ..\obj\stm32f10x_exti.o
 .debug_info    0x00006959      0xa05 ..\obj\can1.o
 .debug_info    0x0000735e      0xa5b ..\obj\stm32f10x_usart.o
 .debug_info    0x00007db9      0xa05 ..\obj\can2.o
 .debug_info    0x000087be      0x7fc ..\obj\stm32f10x_flash.o
 .debug_info    0x00008fba      0x48f ..\obj\stm32f10x_dma.o
 .debug_info    0x00009449      0x199 ..\obj\can_packing.o
 .debug_info    0x000095e2      0x55c ..\obj\misc.o

.debug_abbrev   0x00000000     0x1c5a
 .debug_abbrev  0x00000000      0x1c9 ..\obj\stm32f10x_tim.o
 .debug_abbrev  0x000001c9      0x17d ..\obj\system_stm32f10x.o
 .debug_abbrev  0x00000346      0x212 ..\obj\stm32f10x_can.o
 .debug_abbrev  0x00000558      0x1e9 ..\obj\stm32f10x_gpio.o
 .debug_abbrev  0x00000741      0x30a ..\obj\main.o
 .debug_abbrev  0x00000a4b      0x2db ..\obj\printf.o
 .debug_abbrev  0x00000d26      0x1d3 ..\obj\stm32f10x_rcc.o
 .debug_abbrev  0x00000ef9       0xb3 ..\obj\startup_stm32f10x_cl.o
 .debug_abbrev  0x00000fac      0x168 ..\obj\stm32f10x_exti.o
 .debug_abbrev  0x00001114      0x221 ..\obj\can1.o
 .debug_abbrev  0x00001335      0x191 ..\obj\stm32f10x_usart.o
 .debug_abbrev  0x000014c6      0x221 ..\obj\can2.o
 .debug_abbrev  0x000016e7      0x1a4 ..\obj\stm32f10x_flash.o
 .debug_abbrev  0x0000188b      0x182 ..\obj\stm32f10x_dma.o
 .debug_abbrev  0x00001a0d       0xdd ..\obj\can_packing.o
 .debug_abbrev  0x00001aea      0x170 ..\obj\misc.o

.debug_aranges  0x00000000      0xb58
 .debug_aranges
                0x00000000      0x2f0 ..\obj\stm32f10x_tim.o
 .debug_aranges
                0x000002f0       0x38 ..\obj\system_stm32f10x.o
 .debug_aranges
                0x00000328       0xe0 ..\obj\stm32f10x_can.o
 .debug_aranges
                0x00000408       0xa8 ..\obj\stm32f10x_gpio.o
 .debug_aranges
                0x000004b0       0xd8 ..\obj\main.o
 .debug_aranges
                0x00000588       0xa0 ..\obj\printf.o
 .debug_aranges
                0x00000628      0x160 ..\obj\stm32f10x_rcc.o
 .debug_aranges
                0x00000788       0x28 ..\obj\startup_stm32f10x_cl.o
 .debug_aranges
                0x000007b0       0x58 ..\obj\stm32f10x_exti.o
 .debug_aranges
                0x00000808       0x38 ..\obj\can1.o
 .debug_aranges
                0x00000840      0x100 ..\obj\stm32f10x_usart.o
 .debug_aranges
                0x00000940       0x38 ..\obj\can2.o
 .debug_aranges
                0x00000978       0xf8 ..\obj\stm32f10x_flash.o
 .debug_aranges
                0x00000a70       0x70 ..\obj\stm32f10x_dma.o
 .debug_aranges
                0x00000ae0       0x38 ..\obj\can_packing.o
 .debug_aranges
                0x00000b18       0x40 ..\obj\misc.o

.debug_ranges   0x00000000      0xa88
 .debug_ranges  0x00000000      0x2e0 ..\obj\stm32f10x_tim.o
 .debug_ranges  0x000002e0       0x28 ..\obj\system_stm32f10x.o
 .debug_ranges  0x00000308       0xd0 ..\obj\stm32f10x_can.o
 .debug_ranges  0x000003d8       0x98 ..\obj\stm32f10x_gpio.o
 .debug_ranges  0x00000470       0xf8 ..\obj\main.o
 .debug_ranges  0x00000568       0x90 ..\obj\printf.o
 .debug_ranges  0x000005f8      0x150 ..\obj\stm32f10x_rcc.o
 .debug_ranges  0x00000748       0x18 ..\obj\startup_stm32f10x_cl.o
 .debug_ranges  0x00000760       0x48 ..\obj\stm32f10x_exti.o
 .debug_ranges  0x000007a8       0x28 ..\obj\can1.o
 .debug_ranges  0x000007d0       0xf0 ..\obj\stm32f10x_usart.o
 .debug_ranges  0x000008c0       0x28 ..\obj\can2.o
 .debug_ranges  0x000008e8       0xe8 ..\obj\stm32f10x_flash.o
 .debug_ranges  0x000009d0       0x60 ..\obj\stm32f10x_dma.o
 .debug_ranges  0x00000a30       0x28 ..\obj\can_packing.o
 .debug_ranges  0x00000a58       0x30 ..\obj\misc.o

.debug_line     0x00000000     0x6658
 .debug_line    0x00000000     0x1219 ..\obj\stm32f10x_tim.o
 .debug_line    0x00001219      0x3c9 ..\obj\system_stm32f10x.o
 .debug_line    0x000015e2      0xa8f ..\obj\stm32f10x_can.o
 .debug_line    0x00002071      0x60c ..\obj\stm32f10x_gpio.o
 .debug_line    0x0000267d      0xc02 ..\obj\main.o
 .debug_line    0x0000327f      0x59c ..\obj\printf.o
 .debug_line    0x0000381b      0x91d ..\obj\stm32f10x_rcc.o
 .debug_line    0x00004138       0xde ..\obj\startup_stm32f10x_cl.o
 .debug_line    0x00004216      0x3c3 ..\obj\stm32f10x_exti.o
 .debug_line    0x000045d9      0x368 ..\obj\can1.o
 .debug_line    0x00004941      0x753 ..\obj\stm32f10x_usart.o
 .debug_line    0x00005094      0x370 ..\obj\can2.o
 .debug_line    0x00005404      0x7c1 ..\obj\stm32f10x_flash.o
 .debug_line    0x00005bc5      0x4b6 ..\obj\stm32f10x_dma.o
 .debug_line    0x0000607b      0x26a ..\obj\can_packing.o
 .debug_line    0x000062e5      0x373 ..\obj\misc.o

.debug_str      0x00000000     0x3c0f
 .debug_str     0x00000000      0xd65 ..\obj\stm32f10x_tim.o
                                0xe2a (size before relaxing)
 .debug_str     0x00000d65      0x1d3 ..\obj\system_stm32f10x.o
                                0x37d (size before relaxing)
 .debug_str     0x00000f38      0x53a ..\obj\stm32f10x_can.o
                                0x77b (size before relaxing)
 .debug_str     0x00001472      0x39e ..\obj\stm32f10x_gpio.o
                                0x566 (size before relaxing)
 .debug_str     0x00001810      0xb8f ..\obj\main.o
                               0x104b (size before relaxing)
 .debug_str     0x0000239f      0x4e6 ..\obj\printf.o
                                0x69b (size before relaxing)
 .debug_str     0x00002885      0x4f5 ..\obj\stm32f10x_rcc.o
                                0x7af (size before relaxing)
 .debug_str     0x00002d7a       0xd0 ..\obj\startup_stm32f10x_cl.o
                                0x1b8 (size before relaxing)
 .debug_str     0x00002e4a      0x125 ..\obj\stm32f10x_exti.o
                                0x396 (size before relaxing)
 .debug_str     0x00002f6f       0xc7 ..\obj\can1.o
                                0xa5d (size before relaxing)
 .debug_str     0x00003036      0x3c2 ..\obj\stm32f10x_usart.o
                                0x6dd (size before relaxing)
 .debug_str     0x000033f8       0x9d ..\obj\can2.o
                                0xa5d (size before relaxing)
 .debug_str     0x00003495      0x427 ..\obj\stm32f10x_flash.o
                                0x635 (size before relaxing)
 .debug_str     0x000038bc      0x15f ..\obj\stm32f10x_dma.o
                                0x404 (size before relaxing)
 .debug_str     0x00003a1b       0xac ..\obj\can_packing.o
                                0x23a (size before relaxing)
 .debug_str     0x00003ac7      0x148 ..\obj\misc.o
                                0x40b (size before relaxing)

.comment        0x00000000       0x4d
 .comment       0x00000000       0x4d ..\obj\stm32f10x_tim.o
                                 0x4e (size before relaxing)
 .comment       0x0000004d       0x4e ..\obj\system_stm32f10x.o
 .comment       0x0000004d       0x4e ..\obj\stm32f10x_can.o
 .comment       0x0000004d       0x4e ..\obj\stm32f10x_gpio.o
 .comment       0x0000004d       0x4e ..\obj\main.o
 .comment       0x0000004d       0x4e ..\obj\printf.o
 .comment       0x0000004d       0x4e ..\obj\stm32f10x_rcc.o
 .comment       0x0000004d       0x4e ..\obj\startup_stm32f10x_cl.o
 .comment       0x0000004d       0x4e ..\obj\stm32f10x_exti.o
 .comment       0x0000004d       0x4e ..\obj\can1.o
 .comment       0x0000004d       0x4e ..\obj\stm32f10x_usart.o
 .comment       0x0000004d       0x4e ..\obj\can2.o
 .comment       0x0000004d       0x4e ..\obj\stm32f10x_flash.o
 .comment       0x0000004d       0x4e ..\obj\stm32f10x_dma.o
 .comment       0x0000004d       0x4e ..\obj\can_packing.o
 .comment       0x0000004d       0x4e ..\obj\misc.o

.ARM.attributes
                0x00000000       0x2b
 .ARM.attributes
                0x00000000       0x2d ..\obj\stm32f10x_tim.o
 .ARM.attributes
                0x0000002d       0x2d ..\obj\system_stm32f10x.o
 .ARM.attributes
                0x0000005a       0x2d ..\obj\stm32f10x_can.o
 .ARM.attributes
                0x00000087       0x2d ..\obj\stm32f10x_gpio.o
 .ARM.attributes
                0x000000b4       0x2d ..\obj\main.o
 .ARM.attributes
                0x000000e1       0x2d ..\obj\printf.o
 .ARM.attributes
                0x0000010e       0x2d ..\obj\stm32f10x_rcc.o
 .ARM.attributes
                0x0000013b       0x2d ..\obj\startup_stm32f10x_cl.o
 .ARM.attributes
                0x00000168       0x2d ..\obj\stm32f10x_exti.o
 .ARM.attributes
                0x00000195       0x2d ..\obj\can1.o
 .ARM.attributes
                0x000001c2       0x2d ..\obj\stm32f10x_usart.o
 .ARM.attributes
                0x000001ef       0x2d ..\obj\can2.o
 .ARM.attributes
                0x0000021c       0x2d ..\obj\stm32f10x_flash.o
 .ARM.attributes
                0x00000249       0x2d ..\obj\stm32f10x_dma.o
 .ARM.attributes
                0x00000276       0x2d ..\obj\can_packing.o
 .ARM.attributes
                0x000002a3       0x2d ..\obj\misc.o
 .ARM.attributes
                0x000002d0       0x2d c:/program files (x86)/gnu arm embedded toolchain/10 2020-q4-major/bin/../lib/gcc/arm-none-eabi/10.2.1/../../../../arm-none-eabi/lib/thumb/v7-m/nofp\libg.a(lib_a-atoi.o)
 .ARM.attributes
                0x000002fd       0x1b c:/program files (x86)/gnu arm embedded toolchain/10 2020-q4-major/bin/../lib/gcc/arm-none-eabi/10.2.1/../../../../arm-none-eabi/lib/thumb/v7-m/nofp\libg.a(lib_a-memcpy.o)
 .ARM.attributes
                0x00000318       0x2d c:/program files (x86)/gnu arm embedded toolchain/10 2020-q4-major/bin/../lib/gcc/arm-none-eabi/10.2.1/../../../../arm-none-eabi/lib/thumb/v7-m/nofp\libg.a(lib_a-memset.o)
 .ARM.attributes
                0x00000345       0x2d c:/program files (x86)/gnu arm embedded toolchain/10 2020-q4-major/bin/../lib/gcc/arm-none-eabi/10.2.1/../../../../arm-none-eabi/lib/thumb/v7-m/nofp\libg.a(lib_a-strchr.o)
 .ARM.attributes
                0x00000372       0x1b c:/program files (x86)/gnu arm embedded toolchain/10 2020-q4-major/bin/../lib/gcc/arm-none-eabi/10.2.1/../../../../arm-none-eabi/lib/thumb/v7-m/nofp\libg.a(lib_a-strcmp.o)
 .ARM.attributes
                0x0000038d       0x2d c:/program files (x86)/gnu arm embedded toolchain/10 2020-q4-major/bin/../lib/gcc/arm-none-eabi/10.2.1/../../../../arm-none-eabi/lib/thumb/v7-m/nofp\libg.a(lib_a-strncpy.o)
 .ARM.attributes
                0x000003ba       0x2d c:/program files (x86)/gnu arm embedded toolchain/10 2020-q4-major/bin/../lib/gcc/arm-none-eabi/10.2.1/../../../../arm-none-eabi/lib/thumb/v7-m/nofp\libg.a(lib_a-strtol.o)
 .ARM.attributes
                0x000003e7       0x2d c:/program files (x86)/gnu arm embedded toolchain/10 2020-q4-major/bin/../lib/gcc/arm-none-eabi/10.2.1/../../../../arm-none-eabi/lib/thumb/v7-m/nofp\libg.a(lib_a-ctype_.o)
 .ARM.attributes
                0x00000414       0x2d c:/program files (x86)/gnu arm embedded toolchain/10 2020-q4-major/bin/../lib/gcc/arm-none-eabi/10.2.1/../../../../arm-none-eabi/lib/thumb/v7-m/nofp\libg.a(lib_a-errno.o)

.debug_frame    0x00000000     0x3248
 .debug_frame   0x00000000      0xe2c ..\obj\stm32f10x_tim.o
 .debug_frame   0x00000e2c       0x98 ..\obj\system_stm32f10x.o
 .debug_frame   0x00000ec4      0x3f8 ..\obj\stm32f10x_can.o
 .debug_frame   0x000012bc      0x2d0 ..\obj\stm32f10x_gpio.o
 .debug_frame   0x0000158c      0x334 ..\obj\main.o
 .debug_frame   0x000018c0      0x2dc ..\obj\printf.o
 .debug_frame   0x00001b9c      0x65c ..\obj\stm32f10x_rcc.o
 .debug_frame   0x000021f8       0x4c ..\obj\startup_stm32f10x_cl.o
 .debug_frame   0x00002244      0x148 ..\obj\stm32f10x_exti.o
 .debug_frame   0x0000238c       0x98 ..\obj\can1.o
 .debug_frame   0x00002424      0x490 ..\obj\stm32f10x_usart.o
 .debug_frame   0x000028b4       0x98 ..\obj\can2.o
 .debug_frame   0x0000294c      0x410 ..\obj\stm32f10x_flash.o
 .debug_frame   0x00002d5c      0x1c8 ..\obj\stm32f10x_dma.o
 .debug_frame   0x00002f24       0xac ..\obj\can_packing.o
 .debug_frame   0x00002fd0       0xd8 ..\obj\misc.o
 .debug_frame   0x000030a8       0x30 c:/program files (x86)/gnu arm embedded toolchain/10 2020-q4-major/bin/../lib/gcc/arm-none-eabi/10.2.1/../../../../arm-none-eabi/lib/thumb/v7-m/nofp\libg.a(lib_a-atoi.o)
 .debug_frame   0x000030d8       0x2c c:/program files (x86)/gnu arm embedded toolchain/10 2020-q4-major/bin/../lib/gcc/arm-none-eabi/10.2.1/../../../../arm-none-eabi/lib/thumb/v7-m/nofp\libg.a(lib_a-memset.o)
 .debug_frame   0x00003104       0x34 c:/program files (x86)/gnu arm embedded toolchain/10 2020-q4-major/bin/../lib/gcc/arm-none-eabi/10.2.1/../../../../arm-none-eabi/lib/thumb/v7-m/nofp\libg.a(lib_a-strchr.o)
 .debug_frame   0x00003138       0x34 c:/program files (x86)/gnu arm embedded toolchain/10 2020-q4-major/bin/../lib/gcc/arm-none-eabi/10.2.1/../../../../arm-none-eabi/lib/thumb/v7-m/nofp\libg.a(lib_a-strcmp.o)
 .debug_frame   0x0000316c       0x2c c:/program files (x86)/gnu arm embedded toolchain/10 2020-q4-major/bin/../lib/gcc/arm-none-eabi/10.2.1/../../../../arm-none-eabi/lib/thumb/v7-m/nofp\libg.a(lib_a-strncpy.o)
 .debug_frame   0x00003198       0x90 c:/program files (x86)/gnu arm embedded toolchain/10 2020-q4-major/bin/../lib/gcc/arm-none-eabi/10.2.1/../../../../arm-none-eabi/lib/thumb/v7-m/nofp\libg.a(lib_a-strtol.o)
 .debug_frame   0x00003228       0x20 c:/program files (x86)/gnu arm embedded toolchain/10 2020-q4-major/bin/../lib/gcc/arm-none-eabi/10.2.1/../../../../arm-none-eabi/lib/thumb/v7-m/nofp\libg.a(lib_a-errno.o)
