
Allocating common symbols
Common symbol       size              file

fsr                 0x4               obj/FlashAlgoFncs.o
base_adr            0x4               obj/FlashAlgoFncs.o

Memory Configuration

Name             Origin             Length             Attributes
*default*        0x00000000         0xffffffff

Linker script and memory map

LOAD obj/FlashExecFnc.o
LOAD obj/FlashAlgoFncs.o
LOAD obj/FlashAlgoInfo.o
START GROUP
LOAD d:/sourcery2013/bin/../lib/gcc/arm-none-eabi/4.7.3/thumb2\libgcc.a
LOAD d:/sourcery2013/bin/../lib/gcc/arm-none-eabi/4.7.3/../../../../arm-none-eabi/lib/thumb2\libc.a
END GROUP

.text           0x00000000      0x3cc
                0x00000000                . = 0x0
 *(.text .text.*)
 .text          0x00000000       0x30 obj/FlashExecFnc.o
                0x00000000                BreakHere
                0x00000004                ExecFunction
 .text          0x00000030      0x39c obj/FlashAlgoFncs.o
                0x00000030                Polling
                0x00000110                FlashInit
                0x00000160                FlashUnInit
                0x00000178                FlashEraseSector
                0x0000024c                FlashEraseChip
                0x0000030c                FlashProgramPage
 .text          0x000003cc        0x0 obj/FlashAlgoInfo.o

.glue_7         0x000003cc        0x0
 .glue_7        0x00000000        0x0 linker stubs

.glue_7t        0x000003cc        0x0
 .glue_7t       0x00000000        0x0 linker stubs

.vfp11_veneer   0x000003cc        0x0
 .vfp11_veneer  0x00000000        0x0 linker stubs

.v4_bx          0x000003cc        0x0
 .v4_bx         0x00000000        0x0 linker stubs

.iplt           0x000003cc        0x0
 .iplt          0x00000000        0x0 obj/FlashExecFnc.o

.rodata
 *(.rodata .rodata*)

.data           0x000003cc        0x0
 *(.data .data.*)
 .data          0x000003cc        0x0 obj/FlashExecFnc.o
 .data          0x000003cc        0x0 obj/FlashAlgoFncs.o
 .data          0x000003cc        0x0 obj/FlashAlgoInfo.o

.igot.plt       0x000003cc        0x0
 .igot.plt      0x00000000        0x0 obj/FlashExecFnc.o

.got            0x000003cc       0x14
 *(.got .got.*)
 .got           0x000003cc        0x8 obj/FlashExecFnc.o
 .got.plt       0x000003d4        0xc obj/FlashExecFnc.o
                0x000003d4                _GLOBAL_OFFSET_TABLE_

.bss            0x000003e0        0x8
 *(.bss .bss.*)
 .bss           0x000003e0        0x0 obj/FlashExecFnc.o
 .bss           0x000003e0        0x0 obj/FlashAlgoFncs.o
 .bss           0x000003e0        0x0 obj/FlashAlgoInfo.o
 *(COMMON)
 COMMON         0x000003e0        0x8 obj/FlashAlgoFncs.o
                0x000003e0                fsr
                0x000003e4                base_adr

.driver_info    0x000003e8     0x10a8
 *(.driver_info .driver_info.*)
 .driver_info   0x000003e8     0x10a8 obj/FlashAlgoInfo.o
                0x000003e8                FlashDriver
OUTPUT(bin/MB9xFxxx_32WF.elf elf32-littlearm)

.rel.dyn        0x00001490        0x0
 .rel.iplt      0x00000000        0x0 obj/FlashExecFnc.o
 .rel.got       0x00000000        0x0 obj/FlashExecFnc.o

.debug_info     0x00000000      0x614
 .debug_info    0x00000000       0xfc obj/FlashExecFnc.o
 .debug_info    0x000000fc      0x3a5 obj/FlashAlgoFncs.o
 .debug_info    0x000004a1      0x173 obj/FlashAlgoInfo.o

.debug_abbrev   0x00000000      0x2eb
 .debug_abbrev  0x00000000       0xa4 obj/FlashExecFnc.o
 .debug_abbrev  0x000000a4      0x1cc obj/FlashAlgoFncs.o
 .debug_abbrev  0x00000270       0x7b obj/FlashAlgoInfo.o

.debug_loc      0x00000000      0x188
 .debug_loc     0x00000000       0x38 obj/FlashExecFnc.o
 .debug_loc     0x00000038      0x150 obj/FlashAlgoFncs.o

.debug_aranges  0x00000000       0x58
 .debug_aranges
                0x00000000       0x20 obj/FlashExecFnc.o
 .debug_aranges
                0x00000020       0x20 obj/FlashAlgoFncs.o
 .debug_aranges
                0x00000040       0x18 obj/FlashAlgoInfo.o

.debug_line     0x00000000      0x176
 .debug_line    0x00000000       0x57 obj/FlashExecFnc.o
 .debug_line    0x00000057       0xc8 obj/FlashAlgoFncs.o
 .debug_line    0x0000011f       0x57 obj/FlashAlgoInfo.o

.debug_str      0x00000000      0x2b3
 .debug_str     0x00000000       0xef obj/FlashExecFnc.o
                                 0xf4 (size before relaxing)
 .debug_str     0x000000ef       0xf8 obj/FlashAlgoFncs.o
                                0x17f (size before relaxing)
 .debug_str     0x000001e7       0xcc obj/FlashAlgoInfo.o
                                0x159 (size before relaxing)

.comment        0x00000000       0x30
 .comment       0x00000000       0x30 obj/FlashExecFnc.o
                                 0x31 (size before relaxing)
 .comment       0x00000000       0x31 obj/FlashAlgoFncs.o
 .comment       0x00000000       0x31 obj/FlashAlgoInfo.o

.ARM.attributes
                0x00000000       0x33
 .ARM.attributes
                0x00000000       0x33 obj/FlashExecFnc.o
 .ARM.attributes
                0x00000033       0x33 obj/FlashAlgoFncs.o
 .ARM.attributes
                0x00000066       0x33 obj/FlashAlgoInfo.o

.debug_frame    0x00000000      0x104
 .debug_frame   0x00000000       0x40 obj/FlashExecFnc.o
 .debug_frame   0x00000040       0xc4 obj/FlashAlgoFncs.o

Cross Reference Table

Symbol                                            File
BreakHere                                         obj/FlashExecFnc.o
ExecFunction                                      obj/FlashExecFnc.o
FlashDriver                                       obj/FlashAlgoInfo.o
FlashEraseChip                                    obj/FlashAlgoFncs.o
FlashEraseSector                                  obj/FlashAlgoFncs.o
FlashInit                                         obj/FlashAlgoFncs.o
FlashProgramPage                                  obj/FlashAlgoFncs.o
FlashUnInit                                       obj/FlashAlgoFncs.o
Polling                                           obj/FlashAlgoFncs.o
_GLOBAL_OFFSET_TABLE_                             obj/FlashExecFnc.o
base_adr                                          obj/FlashAlgoFncs.o
fsr                                               obj/FlashAlgoFncs.o
