
Discarded input sections

 .text          0x00000000        0x0 ..\obj\stm32f10x_tim.o
 .data          0x00000000        0x0 ..\obj\stm32f10x_tim.o
 .bss           0x00000000        0x0 ..\obj\stm32f10x_tim.o
 .text.TIM_DeInit
                0x00000000      0x22c ..\obj\stm32f10x_tim.o
 .text.TIM_OC1Init
                0x00000000      0x118 ..\obj\stm32f10x_tim.o
 .text.TIM_OC2Init
                0x00000000      0x110 ..\obj\stm32f10x_tim.o
 .text.TIM_OC3Init
                0x00000000      0x10c ..\obj\stm32f10x_tim.o
 .text.TIM_OC4Init
                0x00000000       0xd0 ..\obj\stm32f10x_tim.o
 .text.TIM_ICInit
                0x00000000       0xa8 ..\obj\stm32f10x_tim.o
 .text.TIM_PWMIConfig
                0x00000000       0xb8 ..\obj\stm32f10x_tim.o
 .text.TIM_BDTRConfig
                0x00000000       0x4e ..\obj\stm32f10x_tim.o
 .text.TIM_TimeBaseStructInit
                0x00000000       0x32 ..\obj\stm32f10x_tim.o
 .text.TIM_OCStructInit
                0x00000000       0x42 ..\obj\stm32f10x_tim.o
 .text.TIM_ICStructInit
                0x00000000       0x30 ..\obj\stm32f10x_tim.o
 .text.TIM_BDTRStructInit
                0x00000000       0x3c ..\obj\stm32f10x_tim.o
 .text.TIM_CtrlPWMOutputs
                0x00000000       0x4a ..\obj\stm32f10x_tim.o
 .text.TIM_GenerateEvent
                0x00000000       0x1c ..\obj\stm32f10x_tim.o
 .text.TIM_DMAConfig
                0x00000000       0x28 ..\obj\stm32f10x_tim.o
 .text.TIM_DMACmd
                0x00000000       0x46 ..\obj\stm32f10x_tim.o
 .text.TIM_InternalClockConfig
                0x00000000       0x22 ..\obj\stm32f10x_tim.o
 .text.TIM_ITRxExternalClockConfig
                0x00000000       0x2e ..\obj\stm32f10x_tim.o
 .text.TIM_TIxExternalClockConfig
                0x00000000       0x5c ..\obj\stm32f10x_tim.o
 .text.TIM_ETRClockMode1Config
                0x00000000       0x5e ..\obj\stm32f10x_tim.o
 .text.TIM_ETRClockMode2Config
                0x00000000       0x3e ..\obj\stm32f10x_tim.o
 .text.TIM_ETRConfig
                0x00000000       0x52 ..\obj\stm32f10x_tim.o
 .text.TIM_PrescalerConfig
                0x00000000       0x26 ..\obj\stm32f10x_tim.o
 .text.TIM_CounterModeConfig
                0x00000000       0x36 ..\obj\stm32f10x_tim.o
 .text.TIM_SelectInputTrigger
                0x00000000       0x36 ..\obj\stm32f10x_tim.o
 .text.TIM_EncoderInterfaceConfig
                0x00000000       0x96 ..\obj\stm32f10x_tim.o
 .text.TIM_ForcedOC1Config
                0x00000000       0x36 ..\obj\stm32f10x_tim.o
 .text.TIM_ForcedOC2Config
                0x00000000       0x3a ..\obj\stm32f10x_tim.o
 .text.TIM_ForcedOC3Config
                0x00000000       0x36 ..\obj\stm32f10x_tim.o
 .text.TIM_ForcedOC4Config
                0x00000000       0x3a ..\obj\stm32f10x_tim.o
 .text.TIM_ARRPreloadConfig
                0x00000000       0x3e ..\obj\stm32f10x_tim.o
 .text.TIM_SelectCOM
                0x00000000       0x3e ..\obj\stm32f10x_tim.o
 .text.TIM_SelectCCDMA
                0x00000000       0x3e ..\obj\stm32f10x_tim.o
 .text.TIM_CCPreloadControl
                0x00000000       0x3e ..\obj\stm32f10x_tim.o
 .text.TIM_OC1PreloadConfig
                0x00000000       0x36 ..\obj\stm32f10x_tim.o
 .text.TIM_OC2PreloadConfig
                0x00000000       0x3a ..\obj\stm32f10x_tim.o
 .text.TIM_OC3PreloadConfig
                0x00000000       0x36 ..\obj\stm32f10x_tim.o
 .text.TIM_OC4PreloadConfig
                0x00000000       0x3a ..\obj\stm32f10x_tim.o
 .text.TIM_OC1FastConfig
                0x00000000       0x36 ..\obj\stm32f10x_tim.o
 .text.TIM_OC2FastConfig
                0x00000000       0x3a ..\obj\stm32f10x_tim.o
 .text.TIM_OC3FastConfig
                0x00000000       0x36 ..\obj\stm32f10x_tim.o
 .text.TIM_OC4FastConfig
                0x00000000       0x3a ..\obj\stm32f10x_tim.o
 .text.TIM_ClearOC1Ref
                0x00000000       0x36 ..\obj\stm32f10x_tim.o
 .text.TIM_ClearOC2Ref
                0x00000000       0x3a ..\obj\stm32f10x_tim.o
 .text.TIM_ClearOC3Ref
                0x00000000       0x36 ..\obj\stm32f10x_tim.o
 .text.TIM_ClearOC4Ref
                0x00000000       0x3a ..\obj\stm32f10x_tim.o
 .text.TIM_OC1PolarityConfig
                0x00000000       0x36 ..\obj\stm32f10x_tim.o
 .text.TIM_OC1NPolarityConfig
                0x00000000       0x36 ..\obj\stm32f10x_tim.o
 .text.TIM_OC2PolarityConfig
                0x00000000       0x3a ..\obj\stm32f10x_tim.o
 .text.TIM_OC2NPolarityConfig
                0x00000000       0x3a ..\obj\stm32f10x_tim.o
 .text.TIM_OC3PolarityConfig
                0x00000000       0x3a ..\obj\stm32f10x_tim.o
 .text.TIM_OC3NPolarityConfig
                0x00000000       0x3a ..\obj\stm32f10x_tim.o
 .text.TIM_OC4PolarityConfig
                0x00000000       0x3a ..\obj\stm32f10x_tim.o
 .text.TIM_CCxCmd
                0x00000000       0x54 ..\obj\stm32f10x_tim.o
 .text.TIM_CCxNCmd
                0x00000000       0x54 ..\obj\stm32f10x_tim.o
 .text.TIM_SelectOCxM
                0x00000000       0xb0 ..\obj\stm32f10x_tim.o
 .text.TIM_UpdateDisableConfig
                0x00000000       0x3e ..\obj\stm32f10x_tim.o
 .text.TIM_UpdateRequestConfig
                0x00000000       0x3e ..\obj\stm32f10x_tim.o
 .text.TIM_SelectHallSensor
                0x00000000       0x3e ..\obj\stm32f10x_tim.o
 .text.TIM_SelectOnePulseMode
                0x00000000       0x36 ..\obj\stm32f10x_tim.o
 .text.TIM_SelectOutputTrigger
                0x00000000       0x36 ..\obj\stm32f10x_tim.o
 .text.TIM_SelectSlaveMode
                0x00000000       0x36 ..\obj\stm32f10x_tim.o
 .text.TIM_SelectMasterSlaveMode
                0x00000000       0x36 ..\obj\stm32f10x_tim.o
 .text.TIM_SetCounter
                0x00000000       0x1c ..\obj\stm32f10x_tim.o
 .text.TIM_SetAutoreload
                0x00000000       0x1c ..\obj\stm32f10x_tim.o
 .text.TIM_SetCompare1
                0x00000000       0x1c ..\obj\stm32f10x_tim.o
 .text.TIM_SetCompare2
                0x00000000       0x1c ..\obj\stm32f10x_tim.o
 .text.TIM_SetCompare3
                0x00000000       0x1c ..\obj\stm32f10x_tim.o
 .text.TIM_SetCompare4
                0x00000000       0x1e ..\obj\stm32f10x_tim.o
 .text.TIM_SetIC1Prescaler
                0x00000000       0x36 ..\obj\stm32f10x_tim.o
 .text.TIM_SetIC2Prescaler
                0x00000000       0x3a ..\obj\stm32f10x_tim.o
 .text.TIM_SetIC3Prescaler
                0x00000000       0x36 ..\obj\stm32f10x_tim.o
 .text.TIM_SetIC4Prescaler
                0x00000000       0x3a ..\obj\stm32f10x_tim.o
 .text.TIM_SetClockDivision
                0x00000000       0x36 ..\obj\stm32f10x_tim.o
 .text.TIM_GetCapture1
                0x00000000       0x18 ..\obj\stm32f10x_tim.o
 .text.TIM_GetCapture2
                0x00000000       0x18 ..\obj\stm32f10x_tim.o
 .text.TIM_GetCapture3
                0x00000000       0x18 ..\obj\stm32f10x_tim.o
 .text.TIM_GetCapture4
                0x00000000       0x1a ..\obj\stm32f10x_tim.o
 .text.TIM_GetCounter
                0x00000000       0x18 ..\obj\stm32f10x_tim.o
 .text.TIM_GetPrescaler
                0x00000000       0x18 ..\obj\stm32f10x_tim.o
 .text.TIM_GetFlagStatus
                0x00000000       0x36 ..\obj\stm32f10x_tim.o
 .text.TIM_ClearFlag
                0x00000000       0x20 ..\obj\stm32f10x_tim.o
 .text.TI1_Config
                0x00000000       0xe0 ..\obj\stm32f10x_tim.o
 .text.TI2_Config
                0x00000000       0xf4 ..\obj\stm32f10x_tim.o
 .text.TI3_Config
                0x00000000       0xec ..\obj\stm32f10x_tim.o
 .text.TI4_Config
                0x00000000       0xf8 ..\obj\stm32f10x_tim.o
 .text          0x00000000        0x0 ..\obj\system_stm32f10x.o
 .bss           0x00000000        0x0 ..\obj\system_stm32f10x.o
 .text.SystemCoreClockUpdate
                0x00000000      0x14c ..\obj\system_stm32f10x.o
 .text          0x00000000        0x0 ..\obj\stm32f10x_gpio.o
 .data          0x00000000        0x0 ..\obj\stm32f10x_gpio.o
 .bss           0x00000000        0x0 ..\obj\stm32f10x_gpio.o
 .text.GPIO_DeInit
                0x00000000       0xe4 ..\obj\stm32f10x_gpio.o
 .text.GPIO_AFIODeInit
                0x00000000       0x18 ..\obj\stm32f10x_gpio.o
 .text.GPIO_StructInit
                0x00000000       0x26 ..\obj\stm32f10x_gpio.o
 .text.GPIO_ReadInputDataBit
                0x00000000       0x32 ..\obj\stm32f10x_gpio.o
 .text.GPIO_ReadInputData
                0x00000000       0x18 ..\obj\stm32f10x_gpio.o
 .text.GPIO_ReadOutputData
                0x00000000       0x18 ..\obj\stm32f10x_gpio.o
 .text.GPIO_WriteBit
                0x00000000       0x2e ..\obj\stm32f10x_gpio.o
 .text.GPIO_Write
                0x00000000       0x1c ..\obj\stm32f10x_gpio.o
 .text.GPIO_PinLockConfig
                0x00000000       0x42 ..\obj\stm32f10x_gpio.o
 .text.GPIO_EventOutputConfig
                0x00000000       0x4c ..\obj\stm32f10x_gpio.o
 .text.GPIO_EventOutputCmd
                0x00000000       0x20 ..\obj\stm32f10x_gpio.o
 .text.GPIO_PinRemapConfig
                0x00000000       0xe0 ..\obj\stm32f10x_gpio.o
 .text.GPIO_EXTILineConfig
                0x00000000       0x80 ..\obj\stm32f10x_gpio.o
 .text.GPIO_ETH_MediaInterfaceConfig
                0x00000000       0x1c ..\obj\stm32f10x_gpio.o
 .text          0x00000000        0x0 ..\obj\main.o
 .data          0x00000000        0x0 ..\obj\main.o
 .text          0x00000000        0x0 ..\obj\stm32f10x_rcc.o
 .data          0x00000000       0x14 ..\obj\stm32f10x_rcc.o
 .bss           0x00000000        0x0 ..\obj\stm32f10x_rcc.o
 .text.RCC_AdjustHSICalibrationValue
                0x00000000       0x3c ..\obj\stm32f10x_rcc.o
 .text.RCC_HSICmd
                0x00000000       0x20 ..\obj\stm32f10x_rcc.o
 .text.RCC_PREDIV1Config
                0x00000000       0x40 ..\obj\stm32f10x_rcc.o
 .text.RCC_PREDIV2Config
                0x00000000       0x38 ..\obj\stm32f10x_rcc.o
 .text.RCC_PLL2Config
                0x00000000       0x38 ..\obj\stm32f10x_rcc.o
 .text.RCC_PLL2Cmd
                0x00000000       0x20 ..\obj\stm32f10x_rcc.o
 .text.RCC_PLL3Config
                0x00000000       0x38 ..\obj\stm32f10x_rcc.o
 .text.RCC_PLL3Cmd
                0x00000000       0x20 ..\obj\stm32f10x_rcc.o
 .text.RCC_ITConfig
                0x00000000       0x4c ..\obj\stm32f10x_rcc.o
 .text.RCC_OTGFSCLKConfig
                0x00000000       0x1c ..\obj\stm32f10x_rcc.o
 .text.RCC_ADCCLKConfig
                0x00000000       0x38 ..\obj\stm32f10x_rcc.o
 .text.RCC_I2S2CLKConfig
                0x00000000       0x1c ..\obj\stm32f10x_rcc.o
 .text.RCC_I2S3CLKConfig
                0x00000000       0x1c ..\obj\stm32f10x_rcc.o
 .text.RCC_LSEConfig
                0x00000000       0x40 ..\obj\stm32f10x_rcc.o
 .text.RCC_LSICmd
                0x00000000       0x20 ..\obj\stm32f10x_rcc.o
 .text.RCC_RTCCLKConfig
                0x00000000       0x24 ..\obj\stm32f10x_rcc.o
 .text.RCC_RTCCLKCmd
                0x00000000       0x20 ..\obj\stm32f10x_rcc.o
 .text.RCC_GetClocksFreq
                0x00000000      0x1d4 ..\obj\stm32f10x_rcc.o
 .text.RCC_AHBPeriphClockCmd
                0x00000000       0x3c ..\obj\stm32f10x_rcc.o
 .text.RCC_AHBPeriphResetCmd
                0x00000000       0x3c ..\obj\stm32f10x_rcc.o
 .text.RCC_APB2PeriphResetCmd
                0x00000000       0x3c ..\obj\stm32f10x_rcc.o
 .text.RCC_APB1PeriphResetCmd
                0x00000000       0x3c ..\obj\stm32f10x_rcc.o
 .text.RCC_BackupResetCmd
                0x00000000       0x20 ..\obj\stm32f10x_rcc.o
 .text.RCC_ClockSecuritySystemCmd
                0x00000000       0x20 ..\obj\stm32f10x_rcc.o
 .text.RCC_MCOConfig
                0x00000000       0x20 ..\obj\stm32f10x_rcc.o
 .text.RCC_ClearFlag
                0x00000000       0x1c ..\obj\stm32f10x_rcc.o
 .text.RCC_GetITStatus
                0x00000000       0x34 ..\obj\stm32f10x_rcc.o
 .text.RCC_ClearITPendingBit
                0x00000000       0x20 ..\obj\stm32f10x_rcc.o
 .text          0x00000000        0x0 ..\obj\startup_stm32f10x_cl.o
 .data          0x00000000        0x0 ..\obj\startup_stm32f10x_cl.o
 .bss           0x00000000        0x0 ..\obj\startup_stm32f10x_cl.o
 .text          0x00000000        0x0 ..\obj\stm32f10x_flash.o
 .data          0x00000000        0x0 ..\obj\stm32f10x_flash.o
 .bss           0x00000000        0x0 ..\obj\stm32f10x_flash.o
 .text.FLASH_HalfCycleAccessCmd
                0x00000000       0x30 ..\obj\stm32f10x_flash.o
 .text.FLASH_Unlock
                0x00000000       0x24 ..\obj\stm32f10x_flash.o
 .text.FLASH_UnlockBank1
                0x00000000       0x24 ..\obj\stm32f10x_flash.o
 .text.FLASH_Lock
                0x00000000       0x1c ..\obj\stm32f10x_flash.o
 .text.FLASH_LockBank1
                0x00000000       0x1c ..\obj\stm32f10x_flash.o
 .text.FLASH_ErasePage
                0x00000000       0x64 ..\obj\stm32f10x_flash.o
 .text.FLASH_EraseAllPages
                0x00000000       0x5c ..\obj\stm32f10x_flash.o
 .text.FLASH_EraseAllBank1Pages
                0x00000000       0x5c ..\obj\stm32f10x_flash.o
 .text.FLASH_EraseOptionBytes
                0x00000000       0xd4 ..\obj\stm32f10x_flash.o
 .text.FLASH_ProgramWord
                0x00000000       0x94 ..\obj\stm32f10x_flash.o
 .text.FLASH_ProgramHalfWord
                0x00000000       0x5c ..\obj\stm32f10x_flash.o
 .text.FLASH_ProgramOptionByteData
                0x00000000       0x78 ..\obj\stm32f10x_flash.o
 .text.FLASH_EnableWriteProtection
                0x00000000      0x118 ..\obj\stm32f10x_flash.o
 .text.FLASH_ReadOutProtection
                0x00000000       0xd4 ..\obj\stm32f10x_flash.o
 .text.FLASH_UserOptionByteConfig
                0x00000000       0x94 ..\obj\stm32f10x_flash.o
 .text.FLASH_GetUserOptionByte
                0x00000000       0x18 ..\obj\stm32f10x_flash.o
 .text.FLASH_GetWriteProtectionOptionByte
                0x00000000       0x14 ..\obj\stm32f10x_flash.o
 .text.FLASH_GetReadOutProtectionStatus
                0x00000000       0x30 ..\obj\stm32f10x_flash.o
 .text.FLASH_GetPrefetchBufferStatus
                0x00000000       0x30 ..\obj\stm32f10x_flash.o
 .text.FLASH_ITConfig
                0x00000000       0x3c ..\obj\stm32f10x_flash.o
 .text.FLASH_GetFlagStatus
                0x00000000       0x50 ..\obj\stm32f10x_flash.o
 .text.FLASH_ClearFlag
                0x00000000       0x1c ..\obj\stm32f10x_flash.o
 .text.FLASH_GetStatus
                0x00000000       0x54 ..\obj\stm32f10x_flash.o
 .text.FLASH_GetBank1Status
                0x00000000       0x54 ..\obj\stm32f10x_flash.o
 .text.FLASH_WaitForLastOperation
                0x00000000       0x44 ..\obj\stm32f10x_flash.o
 .text.FLASH_WaitForLastBank1Operation
                0x00000000       0x44 ..\obj\stm32f10x_flash.o
 .text          0x00000000        0x0 ..\obj\misc.o
 .data          0x00000000        0x0 ..\obj\misc.o
 .bss           0x00000000        0x0 ..\obj\misc.o
 .text.NVIC_PriorityGroupConfig
                0x00000000       0x24 ..\obj\misc.o
 .text.NVIC_SetVectorTable
                0x00000000       0x2c ..\obj\misc.o
 .text.NVIC_SystemLPConfig
                0x00000000       0x40 ..\obj\misc.o
 .text.SysTick_CLKSourceConfig
                0x00000000       0x38 ..\obj\misc.o

Memory Configuration

Name             Origin             Length             Attributes
rom              0x08000000         0x00040000         xr
ram              0x20000000         0x00010000         xrw
*default*        0x00000000         0xffffffff

Linker script and memory map

                0x20010000                _eram = 0x20010000

.text           0x08000000      0xd90
 *(.isr_vector)
 .isr_vector    0x08000000      0x154 ..\obj\startup_stm32f10x_cl.o
                0x08000000                g_pfnVectors
 *(.text*)
 .text.TIM_TimeBaseInit
                0x08000154       0xf8 ..\obj\stm32f10x_tim.o
                0x08000154                TIM_TimeBaseInit
 .text.TIM_Cmd  0x0800024c       0x3e ..\obj\stm32f10x_tim.o
                0x0800024c                TIM_Cmd
 .text.TIM_ITConfig
                0x0800028a       0x46 ..\obj\stm32f10x_tim.o
                0x0800028a                TIM_ITConfig
 .text.TIM_GetITStatus
                0x080002d0       0x52 ..\obj\stm32f10x_tim.o
                0x080002d0                TIM_GetITStatus
 .text.TIM_ClearITPendingBit
                0x08000322       0x20 ..\obj\stm32f10x_tim.o
                0x08000322                TIM_ClearITPendingBit
 *fill*         0x08000342        0x2 
 .text.SystemInit
                0x08000344       0x7c ..\obj\system_stm32f10x.o
                0x08000344                SystemInit
 .text.SetSysClock
                0x080003c0        0xc ..\obj\system_stm32f10x.o
 .text.SetSysClockTo72
                0x080003cc      0x138 ..\obj\system_stm32f10x.o
 .text.GPIO_Init
                0x08000504      0x178 ..\obj\stm32f10x_gpio.o
                0x08000504                GPIO_Init
 .text.GPIO_ReadOutputDataBit
                0x0800067c       0x32 ..\obj\stm32f10x_gpio.o
                0x0800067c                GPIO_ReadOutputDataBit
 .text.GPIO_SetBits
                0x080006ae       0x1c ..\obj\stm32f10x_gpio.o
                0x080006ae                GPIO_SetBits
 .text.GPIO_ResetBits
                0x080006ca       0x1c ..\obj\stm32f10x_gpio.o
                0x080006ca                GPIO_ResetBits
 *fill*         0x080006e6        0x2 
 .text.SystemClock_Config
                0x080006e8       0x8c ..\obj\main.o
                0x080006e8                SystemClock_Config
 .text.TIM2_Config
                0x08000774       0x6a ..\obj\main.o
                0x08000774                TIM2_Config
 *fill*         0x080007de        0x2 
 .text.GPIO_Config
                0x080007e0       0x40 ..\obj\main.o
                0x080007e0                GPIO_Config
 .text.TIM2_IRQHandler
                0x08000820       0x68 ..\obj\main.o
                0x08000820                TIM2_IRQHandler
 .text.main     0x08000888       0x12 ..\obj\main.o
                0x08000888                main
 *fill*         0x0800089a        0x2 
 .text.RCC_DeInit
                0x0800089c       0x70 ..\obj\stm32f10x_rcc.o
                0x0800089c                RCC_DeInit
 .text.RCC_HSEConfig
                0x0800090c       0x5c ..\obj\stm32f10x_rcc.o
                0x0800090c                RCC_HSEConfig
 .text.RCC_WaitForHSEStartUp
                0x08000968       0x50 ..\obj\stm32f10x_rcc.o
                0x08000968                RCC_WaitForHSEStartUp
 .text.RCC_PLLConfig
                0x080009b8       0x3c ..\obj\stm32f10x_rcc.o
                0x080009b8                RCC_PLLConfig
 .text.RCC_PLLCmd
                0x080009f4       0x20 ..\obj\stm32f10x_rcc.o
                0x080009f4                RCC_PLLCmd
 .text.RCC_SYSCLKConfig
                0x08000a14       0x38 ..\obj\stm32f10x_rcc.o
                0x08000a14                RCC_SYSCLKConfig
 .text.RCC_GetSYSCLKSource
                0x08000a4c       0x1c ..\obj\stm32f10x_rcc.o
                0x08000a4c                RCC_GetSYSCLKSource
 .text.RCC_HCLKConfig
                0x08000a68       0x38 ..\obj\stm32f10x_rcc.o
                0x08000a68                RCC_HCLKConfig
 .text.RCC_PCLK1Config
                0x08000aa0       0x38 ..\obj\stm32f10x_rcc.o
                0x08000aa0                RCC_PCLK1Config
 .text.RCC_PCLK2Config
                0x08000ad8       0x38 ..\obj\stm32f10x_rcc.o
                0x08000ad8                RCC_PCLK2Config
 .text.RCC_APB2PeriphClockCmd
                0x08000b10       0x3c ..\obj\stm32f10x_rcc.o
                0x08000b10                RCC_APB2PeriphClockCmd
 .text.RCC_APB1PeriphClockCmd
                0x08000b4c       0x3c ..\obj\stm32f10x_rcc.o
                0x08000b4c                RCC_APB1PeriphClockCmd
 .text.RCC_GetFlagStatus
                0x08000b88       0x74 ..\obj\stm32f10x_rcc.o
                0x08000b88                RCC_GetFlagStatus
 .text.Default_Reset_Handler
                0x08000bfc       0x60 ..\obj\startup_stm32f10x_cl.o
                0x08000bfc                Default_Reset_Handler
                0x08000bfc                Reset_Handler
 .text.Default_Handler
                0x08000c5c        0x6 ..\obj\startup_stm32f10x_cl.o
                0x08000c5c                EXTI2_IRQHandler
                0x08000c5c                DebugMon_Handler
                0x08000c5c                TIM1_CC_IRQHandler
                0x08000c5c                HardFault_Handler
                0x08000c5c                TIM6_IRQHandler
                0x08000c5c                SysTick_Handler
                0x08000c5c                PVD_IRQHandler
                0x08000c5c                PendSV_Handler
                0x08000c5c                NMI_Handler
                0x08000c5c                CAN2_RX1_IRQHandler
                0x08000c5c                EXTI3_IRQHandler
                0x08000c5c                EXTI0_IRQHandler
                0x08000c5c                I2C2_EV_IRQHandler
                0x08000c5c                CAN1_RX0_IRQHandler
                0x08000c5c                UsageFault_Handler
                0x08000c5c                CAN2_SCE_IRQHandler
                0x08000c5c                ADC1_2_IRQHandler
                0x08000c5c                SPI1_IRQHandler
                0x08000c5c                TAMPER_IRQHandler
                0x08000c5c                CAN2_RX0_IRQHandler
                0x08000c5c                DMA2_Channel2_IRQHandler
                0x08000c5c                DMA1_Channel4_IRQHandler
                0x08000c5c                USART3_IRQHandler
                0x08000c5c                RTC_IRQHandler
                0x08000c5c                DMA1_Channel7_IRQHandler
                0x08000c5c                CAN1_RX1_IRQHandler
                0x08000c5c                UART5_IRQHandler
                0x08000c5c                TIM4_IRQHandler
                0x08000c5c                DMA2_Channel1_IRQHandler
                0x08000c5c                I2C1_EV_IRQHandler
                0x08000c5c                DMA1_Channel6_IRQHandler
                0x08000c5c                UART4_IRQHandler
                0x08000c5c                DMA2_Channel4_IRQHandler
                0x08000c5c                TIM3_IRQHandler
                0x08000c5c                RCC_IRQHandler
                0x08000c5c                TIM1_TRG_COM_IRQHandler
                0x08000c5c                DMA1_Channel1_IRQHandler
                0x08000c5c                EXTI15_10_IRQHandler
                0x08000c5c                TIM7_IRQHandler
                0x08000c5c                CAN2_TX_IRQHandler
                0x08000c5c                TIM5_IRQHandler
                0x08000c5c                EXTI9_5_IRQHandler
                0x08000c5c                ETH_WKUP_IRQHandler
                0x08000c5c                SPI2_IRQHandler
                0x08000c5c                MemManage_Handler
                0x08000c5c                CAN1_TX_IRQHandler
                0x08000c5c                SVC_Handler
                0x08000c5c                DMA2_Channel5_IRQHandler
                0x08000c5c                DMA1_Channel5_IRQHandler
                0x08000c5c                EXTI4_IRQHandler
                0x08000c5c                DMA1_Channel3_IRQHandler
                0x08000c5c                ETH_IRQHandler
                0x08000c5c                TIM1_UP_IRQHandler
                0x08000c5c                WWDG_IRQHandler
                0x08000c5c                OTG_FS_WKUP_IRQHandler
                0x08000c5c                TIM1_BRK_IRQHandler
                0x08000c5c                EXTI1_IRQHandler
                0x08000c5c                RTCAlarm_IRQHandler
                0x08000c5c                USART2_IRQHandler
                0x08000c5c                I2C2_ER_IRQHandler
                0x08000c5c                DMA1_Channel2_IRQHandler
                0x08000c5c                CAN1_SCE_IRQHandler
                0x08000c5c                FLASH_IRQHandler
                0x08000c5c                BusFault_Handler
                0x08000c5c                USART1_IRQHandler
                0x08000c5c                OTG_FS_IRQHandler
                0x08000c5c                SPI3_IRQHandler
                0x08000c5c                I2C1_ER_IRQHandler
                0x08000c5c                DMA2_Channel3_IRQHandler
 *fill*         0x08000c62        0x2 
 .text.FLASH_SetLatency
                0x08000c64       0x38 ..\obj\stm32f10x_flash.o
                0x08000c64                FLASH_SetLatency
 .text.FLASH_PrefetchBufferCmd
                0x08000c9c       0x30 ..\obj\stm32f10x_flash.o
                0x08000c9c                FLASH_PrefetchBufferCmd
 .text.NVIC_Init
                0x08000ccc       0xc4 ..\obj\misc.o
                0x08000ccc                NVIC_Init
 *(.init)
 *(.fini)
 *crtbegin.o(.ctors)
 *crtbegin?.o(.ctors)
 *(EXCLUDE_FILE(*crtend.o *crtend?.o) .ctors)
 *(SORT_BY_NAME(.ctors.*))
 *(.ctors)
 *crtbegin.o(.dtors)
 *crtbegin?.o(.dtors)
 *(EXCLUDE_FILE(*crtend.o *crtend?.o) .dtors)
 *(SORT_BY_NAME(.dtors.*))
 *(.dtors)
 *(.rodata*)
 *(.eh_fram e*)

.glue_7         0x08000d90        0x0
 .glue_7        0x08000d90        0x0 linker stubs

.glue_7t        0x08000d90        0x0
 .glue_7t       0x08000d90        0x0 linker stubs

.vfp11_veneer   0x08000d90        0x0
 .vfp11_veneer  0x08000d90        0x0 linker stubs

.v4_bx          0x08000d90        0x0
 .v4_bx         0x08000d90        0x0 linker stubs

.iplt           0x08000d90        0x0
 .iplt          0x08000d90        0x0 ..\obj\system_stm32f10x.o

.rel.dyn        0x08000d90        0x0
 .rel.iplt      0x08000d90        0x0 ..\obj\system_stm32f10x.o

.ARM.extab
 *(.ARM.extab* .gnu.linkonce.armextab.*)
                0x08000d90                __exidx_start = .

.ARM.exidx
 *(.ARM.exidx* .gnu.linkonce.armexidx.*)
                0x08000d90                __exidx_end = .
                0x08000d90                __etext = .
                0x08000d90                _sidata = __etext

.data           0x20000000       0x14 load address 0x08000d90
                0x20000000                __data_start__ = .
                0x20000000                _sdata = __data_start__
 *(vtable)
 *(.data*)
 .data          0x20000000       0x14 ..\obj\system_stm32f10x.o
                0x20000000                SystemCoreClock
                0x20000004                AHBPrescTable
                0x20000014                . = ALIGN (0x4)
                [!provide]                PROVIDE (__preinit_array_start = .)
 *(.preinit_array)
                [!provide]                PROVIDE (__preinit_array_end = .)
                0x20000014                . = ALIGN (0x4)
                [!provide]                PROVIDE (__init_array_start = .)
 *(SORT_BY_NAME(.init_array.*))
 *(.init_array)
                [!provide]                PROVIDE (__init_array_end = .)
                0x20000014                . = ALIGN (0x4)
                [!provide]                PROVIDE (__fini_array_start = .)
 *(SORT_BY_NAME(.fini_array.*))
 *(.fini_array)
                [!provide]                PROVIDE (__fini_array_end = .)
 *(.jcr*)
                0x20000014                . = ALIGN (0x4)
                0x20000014                __data_end__ = .
                0x20000014                _edata = __data_end__

.igot.plt       0x20000014        0x0 load address 0x08000da4
 .igot.plt      0x20000014        0x0 ..\obj\system_stm32f10x.o

.bss            0x20000014        0x4 load address 0x08000da4
                0x20000014                . = ALIGN (0x4)
                0x20000014                __bss_start__ = .
                0x20000014                _sbss = __bss_start__
 *(.bss*)
 .bss           0x20000014        0x4 ..\obj\main.o
                0x20000014                step
 *(COMMON)
                0x20000018                . = ALIGN (0x4)
                0x20000018                __bss_end__ = .
                0x20000018                _ebss = __bss_end__

.heap           0x20000018        0x0
                0x20000018                __end__ = .
                0x20000018                _end = __end__
                0x20000018                end = __end__
 *(.heap*)
                0x20000018                __HeapLimit = .

.co_stack       0x20000018      0x400 load address 0x08000da8
                0x20000018                . = ALIGN (0x8)
 *(.co_stack .co_stack.*)
 .co_stack      0x20000018      0x400 ..\obj\startup_stm32f10x_cl.o
                0x20000018                pulStack
                0x20010000                __StackTop = (ORIGIN (ram) + LENGTH (ram))
                0x2000fc00                __StackLimit = (__StackTop - SIZEOF (.co_stack))
                [!provide]                PROVIDE (__stack = __StackTop)
                0x00000001                ASSERT ((__StackLimit >= __HeapLimit), region ram  overflowed with stack)
LOAD ..\obj\stm32f10x_tim.o
LOAD ..\obj\system_stm32f10x.o
LOAD ..\obj\stm32f10x_gpio.o
LOAD ..\obj\main.o
LOAD ..\obj\stm32f10x_rcc.o
LOAD ..\obj\startup_stm32f10x_cl.o
LOAD ..\obj\stm32f10x_flash.o
LOAD ..\obj\misc.o
START GROUP
LOAD c:/program files (x86)/gnu arm embedded toolchain/10 2020-q4-major/bin/../lib/gcc/arm-none-eabi/10.2.1/thumb/v7-m/nofp\libgcc.a
LOAD c:/program files (x86)/gnu arm embedded toolchain/10 2020-q4-major/bin/../lib/gcc/arm-none-eabi/10.2.1/../../../../arm-none-eabi/lib/thumb/v7-m/nofp\libg.a
LOAD c:/program files (x86)/gnu arm embedded toolchain/10 2020-q4-major/bin/../lib/gcc/arm-none-eabi/10.2.1/../../../../arm-none-eabi/lib/thumb/v7-m/nofp\libc.a
END GROUP
OUTPUT(blink with interruption.elf elf32-littlearm)
LOAD linker stubs

.debug_info     0x00000000     0x4b64
 .debug_info    0x00000000     0x1de8 ..\obj\stm32f10x_tim.o
 .debug_info    0x00001de8      0x512 ..\obj\system_stm32f10x.o
 .debug_info    0x000022fa      0x72e ..\obj\stm32f10x_gpio.o
 .debug_info    0x00002a28      0x7d2 ..\obj\main.o
 .debug_info    0x000031fa      0xb17 ..\obj\stm32f10x_rcc.o
 .debug_info    0x00003d11       0xfb ..\obj\startup_stm32f10x_cl.o
 .debug_info    0x00003e0c      0x7fc ..\obj\stm32f10x_flash.o
 .debug_info    0x00004608      0x55c ..\obj\misc.o

.debug_abbrev   0x00000000      0xc62
 .debug_abbrev  0x00000000      0x1c9 ..\obj\stm32f10x_tim.o
 .debug_abbrev  0x000001c9      0x17d ..\obj\system_stm32f10x.o
 .debug_abbrev  0x00000346      0x1e9 ..\obj\stm32f10x_gpio.o
 .debug_abbrev  0x0000052f      0x199 ..\obj\main.o
 .debug_abbrev  0x000006c8      0x1d3 ..\obj\stm32f10x_rcc.o
 .debug_abbrev  0x0000089b       0xb3 ..\obj\startup_stm32f10x_cl.o
 .debug_abbrev  0x0000094e      0x1a4 ..\obj\stm32f10x_flash.o
 .debug_abbrev  0x00000af2      0x170 ..\obj\misc.o

.debug_aranges  0x00000000      0x6d0
 .debug_aranges
                0x00000000      0x2f0 ..\obj\stm32f10x_tim.o
 .debug_aranges
                0x000002f0       0x38 ..\obj\system_stm32f10x.o
 .debug_aranges
                0x00000328       0xa8 ..\obj\stm32f10x_gpio.o
 .debug_aranges
                0x000003d0       0x40 ..\obj\main.o
 .debug_aranges
                0x00000410      0x160 ..\obj\stm32f10x_rcc.o
 .debug_aranges
                0x00000570       0x28 ..\obj\startup_stm32f10x_cl.o
 .debug_aranges
                0x00000598       0xf8 ..\obj\stm32f10x_flash.o
 .debug_aranges
                0x00000690       0x40 ..\obj\misc.o

.debug_ranges   0x00000000      0x650
 .debug_ranges  0x00000000      0x2e0 ..\obj\stm32f10x_tim.o
 .debug_ranges  0x000002e0       0x28 ..\obj\system_stm32f10x.o
 .debug_ranges  0x00000308       0x98 ..\obj\stm32f10x_gpio.o
 .debug_ranges  0x000003a0       0x30 ..\obj\main.o
 .debug_ranges  0x000003d0      0x150 ..\obj\stm32f10x_rcc.o
 .debug_ranges  0x00000520       0x18 ..\obj\startup_stm32f10x_cl.o
 .debug_ranges  0x00000538       0xe8 ..\obj\stm32f10x_flash.o
 .debug_ranges  0x00000620       0x30 ..\obj\misc.o

.debug_line     0x00000000     0x32c5
 .debug_line    0x00000000     0x11e0 ..\obj\stm32f10x_tim.o
 .debug_line    0x000011e0      0x3a2 ..\obj\system_stm32f10x.o
 .debug_line    0x00001582      0x5d3 ..\obj\stm32f10x_gpio.o
 .debug_line    0x00001b55      0x313 ..\obj\main.o
 .debug_line    0x00001e68      0x8e3 ..\obj\stm32f10x_rcc.o
 .debug_line    0x0000274b       0xcb ..\obj\startup_stm32f10x_cl.o
 .debug_line    0x00002816      0x788 ..\obj\stm32f10x_flash.o
 .debug_line    0x00002f9e      0x327 ..\obj\misc.o

.debug_str      0x00000000     0x22ac
 .debug_str     0x00000000      0xd5c ..\obj\stm32f10x_tim.o
                                0xe17 (size before relaxing)
 .debug_str     0x00000d5c      0x1c0 ..\obj\system_stm32f10x.o
                                0x36a (size before relaxing)
 .debug_str     0x00000f1c      0x38b ..\obj\stm32f10x_gpio.o
                                0x553 (size before relaxing)
 .debug_str     0x000012a7      0x4ec ..\obj\main.o
                                0x96c (size before relaxing)
 .debug_str     0x00001793      0x4e2 ..\obj\stm32f10x_rcc.o
                                0x79c (size before relaxing)
 .debug_str     0x00001c75       0xbd ..\obj\startup_stm32f10x_cl.o
                                0x1a5 (size before relaxing)
 .debug_str     0x00001d32      0x414 ..\obj\stm32f10x_flash.o
                                0x622 (size before relaxing)
 .debug_str     0x00002146      0x166 ..\obj\misc.o
                                0x3f8 (size before relaxing)

.comment        0x00000000       0x4d
 .comment       0x00000000       0x4d ..\obj\stm32f10x_tim.o
                                 0x4e (size before relaxing)
 .comment       0x0000004d       0x4e ..\obj\system_stm32f10x.o
 .comment       0x0000004d       0x4e ..\obj\stm32f10x_gpio.o
 .comment       0x0000004d       0x4e ..\obj\main.o
 .comment       0x0000004d       0x4e ..\obj\stm32f10x_rcc.o
 .comment       0x0000004d       0x4e ..\obj\startup_stm32f10x_cl.o
 .comment       0x0000004d       0x4e ..\obj\stm32f10x_flash.o
 .comment       0x0000004d       0x4e ..\obj\misc.o

.ARM.attributes
                0x00000000       0x2d
 .ARM.attributes
                0x00000000       0x2d ..\obj\stm32f10x_tim.o
 .ARM.attributes
                0x0000002d       0x2d ..\obj\system_stm32f10x.o
 .ARM.attributes
                0x0000005a       0x2d ..\obj\stm32f10x_gpio.o
 .ARM.attributes
                0x00000087       0x2d ..\obj\main.o
 .ARM.attributes
                0x000000b4       0x2d ..\obj\stm32f10x_rcc.o
 .ARM.attributes
                0x000000e1       0x2d ..\obj\startup_stm32f10x_cl.o
 .ARM.attributes
                0x0000010e       0x2d ..\obj\stm32f10x_flash.o
 .ARM.attributes
                0x0000013b       0x2d ..\obj\misc.o

.debug_frame    0x00000000     0x1dd8
 .debug_frame   0x00000000      0xe2c ..\obj\stm32f10x_tim.o
 .debug_frame   0x00000e2c       0x98 ..\obj\system_stm32f10x.o
 .debug_frame   0x00000ec4      0x2d0 ..\obj\stm32f10x_gpio.o
 .debug_frame   0x00001194       0xb4 ..\obj\main.o
 .debug_frame   0x00001248      0x65c ..\obj\stm32f10x_rcc.o
 .debug_frame   0x000018a4       0x4c ..\obj\startup_stm32f10x_cl.o
 .debug_frame   0x000018f0      0x410 ..\obj\stm32f10x_flash.o
 .debug_frame   0x00001d00       0xd8 ..\obj\misc.o
