Archive member included to satisfy reference by file (symbol)

c:/program files (x86)/gnu arm embedded toolchain/10 2020-q4-major/bin/../lib/gcc/arm-none-eabi/10.2.1/../../../../arm-none-eabi/lib/thumb/v7-m/nofp\libg.a(lib_a-atoi.o)
                              ..\obj\main.o (atoi)
c:/program files (x86)/gnu arm embedded toolchain/10 2020-q4-major/bin/../lib/gcc/arm-none-eabi/10.2.1/../../../../arm-none-eabi/lib/thumb/v7-m/nofp\libg.a(lib_a-memcpy.o)
                              ..\obj\main.o (memcpy)
c:/program files (x86)/gnu arm embedded toolchain/10 2020-q4-major/bin/../lib/gcc/arm-none-eabi/10.2.1/../../../../arm-none-eabi/lib/thumb/v7-m/nofp\libg.a(lib_a-memset.o)
                              ..\obj\main.o (memset)
c:/program files (x86)/gnu arm embedded toolchain/10 2020-q4-major/bin/../lib/gcc/arm-none-eabi/10.2.1/../../../../arm-none-eabi/lib/thumb/v7-m/nofp\libg.a(lib_a-strchr.o)
                              ..\obj\main.o (strchr)
c:/program files (x86)/gnu arm embedded toolchain/10 2020-q4-major/bin/../lib/gcc/arm-none-eabi/10.2.1/../../../../arm-none-eabi/lib/thumb/v7-m/nofp\libg.a(lib_a-strcmp.o)
                              ..\obj\main.o (strcmp)
c:/program files (x86)/gnu arm embedded toolchain/10 2020-q4-major/bin/../lib/gcc/arm-none-eabi/10.2.1/../../../../arm-none-eabi/lib/thumb/v7-m/nofp\libg.a(lib_a-strncpy.o)
                              ..\obj\main.o (strncpy)
c:/program files (x86)/gnu arm embedded toolchain/10 2020-q4-major/bin/../lib/gcc/arm-none-eabi/10.2.1/../../../../arm-none-eabi/lib/thumb/v7-m/nofp\libg.a(lib_a-strtol.o)
                              c:/program files (x86)/gnu arm embedded toolchain/10 2020-q4-major/bin/../lib/gcc/arm-none-eabi/10.2.1/../../../../arm-none-eabi/lib/thumb/v7-m/nofp\libg.a(lib_a-atoi.o) (_strtol_r)
c:/program files (x86)/gnu arm embedded toolchain/10 2020-q4-major/bin/../lib/gcc/arm-none-eabi/10.2.1/../../../../arm-none-eabi/lib/thumb/v7-m/nofp\libg.a(lib_a-ctype_.o)
                              c:/program files (x86)/gnu arm embedded toolchain/10 2020-q4-major/bin/../lib/gcc/arm-none-eabi/10.2.1/../../../../arm-none-eabi/lib/thumb/v7-m/nofp\libg.a(lib_a-strtol.o) (_ctype_)
c:/program files (x86)/gnu arm embedded toolchain/10 2020-q4-major/bin/../lib/gcc/arm-none-eabi/10.2.1/../../../../arm-none-eabi/lib/thumb/v7-m/nofp\libg.a(lib_a-errno.o)
                              c:/program files (x86)/gnu arm embedded toolchain/10 2020-q4-major/bin/../lib/gcc/arm-none-eabi/10.2.1/../../../../arm-none-eabi/lib/thumb/v7-m/nofp\libg.a(lib_a-strtol.o) (__errno)

Discarded input sections

 .text          0x00000000        0x0 ..\obj\stm32f10x_tim.o
 .data          0x00000000        0x0 ..\obj\stm32f10x_tim.o
 .bss           0x00000000        0x0 ..\obj\stm32f10x_tim.o
 .text.TIM_DeInit
                0x00000000      0x22c ..\obj\stm32f10x_tim.o
 .text.TIM_OC1Init
                0x00000000      0x118 ..\obj\stm32f10x_tim.o
 .text.TIM_OC2Init
                0x00000000      0x110 ..\obj\stm32f10x_tim.o
 .text.TIM_OC3Init
                0x00000000      0x10c ..\obj\stm32f10x_tim.o
 .text.TIM_OC4Init
                0x00000000       0xd0 ..\obj\stm32f10x_tim.o
 .text.TIM_ICInit
                0x00000000       0xa8 ..\obj\stm32f10x_tim.o
 .text.TIM_PWMIConfig
                0x00000000       0xb8 ..\obj\stm32f10x_tim.o
 .text.TIM_BDTRConfig
                0x00000000       0x4e ..\obj\stm32f10x_tim.o
 .text.TIM_TimeBaseStructInit
                0x00000000       0x32 ..\obj\stm32f10x_tim.o
 .text.TIM_OCStructInit
                0x00000000       0x42 ..\obj\stm32f10x_tim.o
 .text.TIM_ICStructInit
                0x00000000       0x30 ..\obj\stm32f10x_tim.o
 .text.TIM_BDTRStructInit
                0x00000000       0x3c ..\obj\stm32f10x_tim.o
 .text.TIM_CtrlPWMOutputs
                0x00000000       0x4a ..\obj\stm32f10x_tim.o
 .text.TIM_GenerateEvent
                0x00000000       0x1c ..\obj\stm32f10x_tim.o
 .text.TIM_DMAConfig
                0x00000000       0x28 ..\obj\stm32f10x_tim.o
 .text.TIM_DMACmd
                0x00000000       0x46 ..\obj\stm32f10x_tim.o
 .text.TIM_InternalClockConfig
                0x00000000       0x22 ..\obj\stm32f10x_tim.o
 .text.TIM_ITRxExternalClockConfig
                0x00000000       0x2e ..\obj\stm32f10x_tim.o
 .text.TIM_TIxExternalClockConfig
                0x00000000       0x5c ..\obj\stm32f10x_tim.o
 .text.TIM_ETRClockMode1Config
                0x00000000       0x5e ..\obj\stm32f10x_tim.o
 .text.TIM_ETRClockMode2Config
                0x00000000       0x3e ..\obj\stm32f10x_tim.o
 .text.TIM_ETRConfig
                0x00000000       0x52 ..\obj\stm32f10x_tim.o
 .text.TIM_PrescalerConfig
                0x00000000       0x26 ..\obj\stm32f10x_tim.o
 .text.TIM_CounterModeConfig
                0x00000000       0x36 ..\obj\stm32f10x_tim.o
 .text.TIM_SelectInputTrigger
                0x00000000       0x36 ..\obj\stm32f10x_tim.o
 .text.TIM_EncoderInterfaceConfig
                0x00000000       0x96 ..\obj\stm32f10x_tim.o
 .text.TIM_ForcedOC1Config
                0x00000000       0x36 ..\obj\stm32f10x_tim.o
 .text.TIM_ForcedOC2Config
                0x00000000       0x3a ..\obj\stm32f10x_tim.o
 .text.TIM_ForcedOC3Config
                0x00000000       0x36 ..\obj\stm32f10x_tim.o
 .text.TIM_ForcedOC4Config
                0x00000000       0x3a ..\obj\stm32f10x_tim.o
 .text.TIM_ARRPreloadConfig
                0x00000000       0x3e ..\obj\stm32f10x_tim.o
 .text.TIM_SelectCOM
                0x00000000       0x3e ..\obj\stm32f10x_tim.o
 .text.TIM_SelectCCDMA
                0x00000000       0x3e ..\obj\stm32f10x_tim.o
 .text.TIM_CCPreloadControl
                0x00000000       0x3e ..\obj\stm32f10x_tim.o
 .text.TIM_OC1PreloadConfig
                0x00000000       0x36 ..\obj\stm32f10x_tim.o
 .text.TIM_OC2PreloadConfig
                0x00000000       0x3a ..\obj\stm32f10x_tim.o
 .text.TIM_OC3PreloadConfig
                0x00000000       0x36 ..\obj\stm32f10x_tim.o
 .text.TIM_OC4PreloadConfig
                0x00000000       0x3a ..\obj\stm32f10x_tim.o
 .text.TIM_OC1FastConfig
                0x00000000       0x36 ..\obj\stm32f10x_tim.o
 .text.TIM_OC2FastConfig
                0x00000000       0x3a ..\obj\stm32f10x_tim.o
 .text.TIM_OC3FastConfig
                0x00000000       0x36 ..\obj\stm32f10x_tim.o
 .text.TIM_OC4FastConfig
                0x00000000       0x3a ..\obj\stm32f10x_tim.o
 .text.TIM_ClearOC1Ref
                0x00000000       0x36 ..\obj\stm32f10x_tim.o
 .text.TIM_ClearOC2Ref
                0x00000000       0x3a ..\obj\stm32f10x_tim.o
 .text.TIM_ClearOC3Ref
                0x00000000       0x36 ..\obj\stm32f10x_tim.o
 .text.TIM_ClearOC4Ref
                0x00000000       0x3a ..\obj\stm32f10x_tim.o
 .text.TIM_OC1PolarityConfig
                0x00000000       0x36 ..\obj\stm32f10x_tim.o
 .text.TIM_OC1NPolarityConfig
                0x00000000       0x36 ..\obj\stm32f10x_tim.o
 .text.TIM_OC2PolarityConfig
                0x00000000       0x3a ..\obj\stm32f10x_tim.o
 .text.TIM_OC2NPolarityConfig
                0x00000000       0x3a ..\obj\stm32f10x_tim.o
 .text.TIM_OC3PolarityConfig
                0x00000000       0x3a ..\obj\stm32f10x_tim.o
 .text.TIM_OC3NPolarityConfig
                0x00000000       0x3a ..\obj\stm32f10x_tim.o
 .text.TIM_OC4PolarityConfig
                0x00000000       0x3a ..\obj\stm32f10x_tim.o
 .text.TIM_CCxCmd
                0x00000000       0x54 ..\obj\stm32f10x_tim.o
 .text.TIM_CCxNCmd
                0x00000000       0x54 ..\obj\stm32f10x_tim.o
 .text.TIM_SelectOCxM
                0x00000000       0xb0 ..\obj\stm32f10x_tim.o
 .text.TIM_UpdateDisableConfig
                0x00000000       0x3e ..\obj\stm32f10x_tim.o
 .text.TIM_UpdateRequestConfig
                0x00000000       0x3e ..\obj\stm32f10x_tim.o
 .text.TIM_SelectHallSensor
                0x00000000       0x3e ..\obj\stm32f10x_tim.o
 .text.TIM_SelectOnePulseMode
                0x00000000       0x36 ..\obj\stm32f10x_tim.o
 .text.TIM_SelectOutputTrigger
                0x00000000       0x36 ..\obj\stm32f10x_tim.o
 .text.TIM_SelectSlaveMode
                0x00000000       0x36 ..\obj\stm32f10x_tim.o
 .text.TIM_SelectMasterSlaveMode
                0x00000000       0x36 ..\obj\stm32f10x_tim.o
 .text.TIM_SetCounter
                0x00000000       0x1c ..\obj\stm32f10x_tim.o
 .text.TIM_SetAutoreload
                0x00000000       0x1c ..\obj\stm32f10x_tim.o
 .text.TIM_SetCompare1
                0x00000000       0x1c ..\obj\stm32f10x_tim.o
 .text.TIM_SetCompare2
                0x00000000       0x1c ..\obj\stm32f10x_tim.o
 .text.TIM_SetCompare3
                0x00000000       0x1c ..\obj\stm32f10x_tim.o
 .text.TIM_SetCompare4
                0x00000000       0x1e ..\obj\stm32f10x_tim.o
 .text.TIM_SetIC1Prescaler
                0x00000000       0x36 ..\obj\stm32f10x_tim.o
 .text.TIM_SetIC2Prescaler
                0x00000000       0x3a ..\obj\stm32f10x_tim.o
 .text.TIM_SetIC3Prescaler
                0x00000000       0x36 ..\obj\stm32f10x_tim.o
 .text.TIM_SetIC4Prescaler
                0x00000000       0x3a ..\obj\stm32f10x_tim.o
 .text.TIM_SetClockDivision
                0x00000000       0x36 ..\obj\stm32f10x_tim.o
 .text.TIM_GetCapture1
                0x00000000       0x18 ..\obj\stm32f10x_tim.o
 .text.TIM_GetCapture2
                0x00000000       0x18 ..\obj\stm32f10x_tim.o
 .text.TIM_GetCapture3
                0x00000000       0x18 ..\obj\stm32f10x_tim.o
 .text.TIM_GetCapture4
                0x00000000       0x1a ..\obj\stm32f10x_tim.o
 .text.TIM_GetCounter
                0x00000000       0x18 ..\obj\stm32f10x_tim.o
 .text.TIM_GetPrescaler
                0x00000000       0x18 ..\obj\stm32f10x_tim.o
 .text.TIM_GetFlagStatus
                0x00000000       0x36 ..\obj\stm32f10x_tim.o
 .text.TIM_ClearFlag
                0x00000000       0x20 ..\obj\stm32f10x_tim.o
 .text.TI1_Config
                0x00000000       0xe0 ..\obj\stm32f10x_tim.o
 .text.TI2_Config
                0x00000000       0xf4 ..\obj\stm32f10x_tim.o
 .text.TI3_Config
                0x00000000       0xec ..\obj\stm32f10x_tim.o
 .text.TI4_Config
                0x00000000       0xf8 ..\obj\stm32f10x_tim.o
 .text          0x00000000        0x0 ..\obj\system_stm32f10x.o
 .bss           0x00000000        0x0 ..\obj\system_stm32f10x.o
 .text.SystemCoreClockUpdate
                0x00000000      0x148 ..\obj\system_stm32f10x.o
 .text          0x00000000        0x0 ..\obj\stm32f10x_can.o
 .data          0x00000000        0x0 ..\obj\stm32f10x_can.o
 .bss           0x00000000        0x0 ..\obj\stm32f10x_can.o
 .text.CAN_SlaveStartBank
                0x00000000       0x60 ..\obj\stm32f10x_can.o
 .text.CAN_DBGFreeze
                0x00000000       0x36 ..\obj\stm32f10x_can.o
 .text.CAN_TTComModeCmd
                0x00000000       0x96 ..\obj\stm32f10x_can.o
 .text.CAN_CancelTransmit
                0x00000000       0x56 ..\obj\stm32f10x_can.o
 .text.CAN_FIFORelease
                0x00000000       0x36 ..\obj\stm32f10x_can.o
 .text.CAN_MessagePending
                0x00000000       0x48 ..\obj\stm32f10x_can.o
 .text.CAN_OperatingModeRequest
                0x00000000       0xfa ..\obj\stm32f10x_can.o
 .text.CAN_Sleep
                0x00000000       0x38 ..\obj\stm32f10x_can.o
 .text.CAN_WakeUp
                0x00000000       0x54 ..\obj\stm32f10x_can.o
 .text.CAN_GetLastErrorCode
                0x00000000       0x24 ..\obj\stm32f10x_can.o
 .text.CAN_GetReceiveErrorCounter
                0x00000000       0x20 ..\obj\stm32f10x_can.o
 .text.CAN_GetLSBTransmitErrorCounter
                0x00000000       0x20 ..\obj\stm32f10x_can.o
 .text.CAN_GetFlagStatus
                0x00000000       0xcc ..\obj\stm32f10x_can.o
 .text.CAN_ClearFlag
                0x00000000       0x70 ..\obj\stm32f10x_can.o
 .text.CAN_ClearITPendingBit
                0x00000000      0x1b4 ..\obj\stm32f10x_can.o
 .text          0x00000000        0x0 ..\obj\stm32f10x_gpio.o
 .data          0x00000000        0x0 ..\obj\stm32f10x_gpio.o
 .bss           0x00000000        0x0 ..\obj\stm32f10x_gpio.o
 .text.GPIO_DeInit
                0x00000000       0xe4 ..\obj\stm32f10x_gpio.o
 .text.GPIO_AFIODeInit
                0x00000000       0x18 ..\obj\stm32f10x_gpio.o
 .text.GPIO_StructInit
                0x00000000       0x26 ..\obj\stm32f10x_gpio.o
 .text.GPIO_ReadInputData
                0x00000000       0x18 ..\obj\stm32f10x_gpio.o
 .text.GPIO_ReadOutputData
                0x00000000       0x18 ..\obj\stm32f10x_gpio.o
 .text.GPIO_WriteBit
                0x00000000       0x2e ..\obj\stm32f10x_gpio.o
 .text.GPIO_Write
                0x00000000       0x1c ..\obj\stm32f10x_gpio.o
 .text.GPIO_PinLockConfig
                0x00000000       0x42 ..\obj\stm32f10x_gpio.o
 .text.GPIO_EventOutputConfig
                0x00000000       0x4c ..\obj\stm32f10x_gpio.o
 .text.GPIO_EventOutputCmd
                0x00000000       0x20 ..\obj\stm32f10x_gpio.o
 .text.GPIO_PinRemapConfig
                0x00000000       0xe0 ..\obj\stm32f10x_gpio.o
 .text.GPIO_ETH_MediaInterfaceConfig
                0x00000000       0x1c ..\obj\stm32f10x_gpio.o
 .text          0x00000000        0x0 ..\obj\main.o
 .data          0x00000000        0x0 ..\obj\main.o
 .text.Delay_ms
                0x00000000       0x30 ..\obj\main.o
 .text          0x00000000        0x0 ..\obj\printf.o
 .bss           0x00000000        0x0 ..\obj\printf.o
 .text.PrintChar
                0x00000000       0x14 ..\obj\printf.o
 .text.snprintf
                0x00000000       0x30 ..\obj\printf.o
 .rodata        0x00000000       0x24 ..\obj\printf.o
 .text.vfprintf
                0x00000000       0x68 ..\obj\printf.o
 .text.vprintf  0x00000000       0x28 ..\obj\printf.o
 .text.fprintf  0x00000000       0x2c ..\obj\printf.o
 .text.printf   0x00000000       0x28 ..\obj\printf.o
 .text.puts     0x00000000       0x24 ..\obj\printf.o
 .text.fputc    0x00000000       0x40 ..\obj\printf.o
 .text.fputs    0x00000000       0x48 ..\obj\printf.o
 .text          0x00000000        0x0 ..\obj\stm32f10x_rcc.o
 .bss           0x00000000        0x0 ..\obj\stm32f10x_rcc.o
 .text.RCC_AdjustHSICalibrationValue
                0x00000000       0x3c ..\obj\stm32f10x_rcc.o
 .text.RCC_HSICmd
                0x00000000       0x20 ..\obj\stm32f10x_rcc.o
 .text.RCC_PREDIV1Config
                0x00000000       0x40 ..\obj\stm32f10x_rcc.o
 .text.RCC_PREDIV2Config
                0x00000000       0x38 ..\obj\stm32f10x_rcc.o
 .text.RCC_PLL2Config
                0x00000000       0x38 ..\obj\stm32f10x_rcc.o
 .text.RCC_PLL2Cmd
                0x00000000       0x20 ..\obj\stm32f10x_rcc.o
 .text.RCC_PLL3Config
                0x00000000       0x38 ..\obj\stm32f10x_rcc.o
 .text.RCC_PLL3Cmd
                0x00000000       0x20 ..\obj\stm32f10x_rcc.o
 .text.RCC_ITConfig
                0x00000000       0x4c ..\obj\stm32f10x_rcc.o
 .text.RCC_OTGFSCLKConfig
                0x00000000       0x1c ..\obj\stm32f10x_rcc.o
 .text.RCC_ADCCLKConfig
                0x00000000       0x38 ..\obj\stm32f10x_rcc.o
 .text.RCC_I2S2CLKConfig
                0x00000000       0x1c ..\obj\stm32f10x_rcc.o
 .text.RCC_I2S3CLKConfig
                0x00000000       0x1c ..\obj\stm32f10x_rcc.o
 .text.RCC_LSEConfig
                0x00000000       0x40 ..\obj\stm32f10x_rcc.o
 .text.RCC_LSICmd
                0x00000000       0x20 ..\obj\stm32f10x_rcc.o
 .text.RCC_RTCCLKConfig
                0x00000000       0x24 ..\obj\stm32f10x_rcc.o
 .text.RCC_RTCCLKCmd
                0x00000000       0x20 ..\obj\stm32f10x_rcc.o
 .text.RCC_AHBPeriphResetCmd
                0x00000000       0x3c ..\obj\stm32f10x_rcc.o
 .text.RCC_APB2PeriphResetCmd
                0x00000000       0x3c ..\obj\stm32f10x_rcc.o
 .text.RCC_BackupResetCmd
                0x00000000       0x20 ..\obj\stm32f10x_rcc.o
 .text.RCC_ClockSecuritySystemCmd
                0x00000000       0x20 ..\obj\stm32f10x_rcc.o
 .text.RCC_MCOConfig
                0x00000000       0x20 ..\obj\stm32f10x_rcc.o
 .text.RCC_ClearFlag
                0x00000000       0x1c ..\obj\stm32f10x_rcc.o
 .text.RCC_GetITStatus
                0x00000000       0x34 ..\obj\stm32f10x_rcc.o
 .text.RCC_ClearITPendingBit
                0x00000000       0x20 ..\obj\stm32f10x_rcc.o
 .text          0x00000000        0x0 ..\obj\startup_stm32f10x_cl.o
 .data          0x00000000        0x0 ..\obj\startup_stm32f10x_cl.o
 .bss           0x00000000        0x0 ..\obj\startup_stm32f10x_cl.o
 .text          0x00000000        0x0 ..\obj\stm32f10x_exti.o
 .data          0x00000000        0x0 ..\obj\stm32f10x_exti.o
 .bss           0x00000000        0x0 ..\obj\stm32f10x_exti.o
 .text.EXTI_DeInit
                0x00000000       0x34 ..\obj\stm32f10x_exti.o
 .text.EXTI_StructInit
                0x00000000       0x2a ..\obj\stm32f10x_exti.o
 .text.EXTI_GenerateSWInterrupt
                0x00000000       0x24 ..\obj\stm32f10x_exti.o
 .text.EXTI_GetFlagStatus
                0x00000000       0x34 ..\obj\stm32f10x_exti.o
 .text.EXTI_ClearFlag
                0x00000000       0x1c ..\obj\stm32f10x_exti.o
 .text          0x00000000        0x0 ..\obj\can1.o
 .data          0x00000000        0x0 ..\obj\can1.o
 .text          0x00000000        0x0 ..\obj\stm32f10x_usart.o
 .data          0x00000000        0x0 ..\obj\stm32f10x_usart.o
 .bss           0x00000000        0x0 ..\obj\stm32f10x_usart.o
 .text.USART_DeInit
                0x00000000       0xb8 ..\obj\stm32f10x_usart.o
 .text.USART_StructInit
                0x00000000       0x38 ..\obj\stm32f10x_usart.o
 .text.USART_ClockInit
                0x00000000       0x56 ..\obj\stm32f10x_usart.o
 .text.USART_ClockStructInit
                0x00000000       0x2a ..\obj\stm32f10x_usart.o
 .text.USART_ITConfig
                0x00000000       0x8e ..\obj\stm32f10x_usart.o
 .text.USART_SetAddress
                0x00000000       0x38 ..\obj\stm32f10x_usart.o
 .text.USART_WakeUpConfig
                0x00000000       0x36 ..\obj\stm32f10x_usart.o
 .text.USART_ReceiverWakeUpCmd
                0x00000000       0x3e ..\obj\stm32f10x_usart.o
 .text.USART_LINBreakDetectLengthConfig
                0x00000000       0x36 ..\obj\stm32f10x_usart.o
 .text.USART_LINCmd
                0x00000000       0x3e ..\obj\stm32f10x_usart.o
 .text.USART_ReceiveData
                0x00000000       0x1e ..\obj\stm32f10x_usart.o
 .text.USART_SendBreak
                0x00000000       0x22 ..\obj\stm32f10x_usart.o
 .text.USART_SetGuardTime
                0x00000000       0x3a ..\obj\stm32f10x_usart.o
 .text.USART_SetPrescaler
                0x00000000       0x38 ..\obj\stm32f10x_usart.o
 .text.USART_SmartCardCmd
                0x00000000       0x3e ..\obj\stm32f10x_usart.o
 .text.USART_SmartCardNACKCmd
                0x00000000       0x3e ..\obj\stm32f10x_usart.o
 .text.USART_HalfDuplexCmd
                0x00000000       0x3e ..\obj\stm32f10x_usart.o
 .text.USART_OverSampling8Cmd
                0x00000000       0x42 ..\obj\stm32f10x_usart.o
 .text.USART_OneBitMethodCmd
                0x00000000       0x3e ..\obj\stm32f10x_usart.o
 .text.USART_IrDAConfig
                0x00000000       0x36 ..\obj\stm32f10x_usart.o
 .text.USART_IrDACmd
                0x00000000       0x3e ..\obj\stm32f10x_usart.o
 .text.USART_ClearFlag
                0x00000000       0x20 ..\obj\stm32f10x_usart.o
 .text.USART_GetITStatus
                0x00000000       0xb4 ..\obj\stm32f10x_usart.o
 .text.USART_ClearITPendingBit
                0x00000000       0x38 ..\obj\stm32f10x_usart.o
 .text          0x00000000        0x0 ..\obj\can2.o
 .data          0x00000000        0x0 ..\obj\can2.o
 .text          0x00000000        0x0 ..\obj\stm32f10x_flash.o
 .data          0x00000000        0x0 ..\obj\stm32f10x_flash.o
 .bss           0x00000000        0x0 ..\obj\stm32f10x_flash.o
 .text.FLASH_HalfCycleAccessCmd
                0x00000000       0x30 ..\obj\stm32f10x_flash.o
 .text.FLASH_Unlock
                0x00000000       0x24 ..\obj\stm32f10x_flash.o
 .text.FLASH_UnlockBank1
                0x00000000       0x24 ..\obj\stm32f10x_flash.o
 .text.FLASH_Lock
                0x00000000       0x1c ..\obj\stm32f10x_flash.o
 .text.FLASH_LockBank1
                0x00000000       0x1c ..\obj\stm32f10x_flash.o
 .text.FLASH_ErasePage
                0x00000000       0x64 ..\obj\stm32f10x_flash.o
 .text.FLASH_EraseAllPages
                0x00000000       0x5c ..\obj\stm32f10x_flash.o
 .text.FLASH_EraseAllBank1Pages
                0x00000000       0x5c ..\obj\stm32f10x_flash.o
 .text.FLASH_EraseOptionBytes
                0x00000000       0xd4 ..\obj\stm32f10x_flash.o
 .text.FLASH_ProgramWord
                0x00000000       0x94 ..\obj\stm32f10x_flash.o
 .text.FLASH_ProgramHalfWord
                0x00000000       0x5c ..\obj\stm32f10x_flash.o
 .text.FLASH_ProgramOptionByteData
                0x00000000       0x78 ..\obj\stm32f10x_flash.o
 .text.FLASH_EnableWriteProtection
                0x00000000      0x118 ..\obj\stm32f10x_flash.o
 .text.FLASH_ReadOutProtection
                0x00000000       0xd4 ..\obj\stm32f10x_flash.o
 .text.FLASH_UserOptionByteConfig
                0x00000000       0x94 ..\obj\stm32f10x_flash.o
 .text.FLASH_GetUserOptionByte
                0x00000000       0x18 ..\obj\stm32f10x_flash.o
 .text.FLASH_GetWriteProtectionOptionByte
                0x00000000       0x14 ..\obj\stm32f10x_flash.o
 .text.FLASH_GetReadOutProtectionStatus
                0x00000000       0x30 ..\obj\stm32f10x_flash.o
 .text.FLASH_GetPrefetchBufferStatus
                0x00000000       0x30 ..\obj\stm32f10x_flash.o
 .text.FLASH_ITConfig
                0x00000000       0x3c ..\obj\stm32f10x_flash.o
 .text.FLASH_GetFlagStatus
                0x00000000       0x50 ..\obj\stm32f10x_flash.o
 .text.FLASH_ClearFlag
                0x00000000       0x1c ..\obj\stm32f10x_flash.o
 .text.FLASH_GetStatus
                0x00000000       0x54 ..\obj\stm32f10x_flash.o
 .text.FLASH_GetBank1Status
                0x00000000       0x54 ..\obj\stm32f10x_flash.o
 .text.FLASH_WaitForLastOperation
                0x00000000       0x44 ..\obj\stm32f10x_flash.o
 .text.FLASH_WaitForLastBank1Operation
                0x00000000       0x44 ..\obj\stm32f10x_flash.o
 .text          0x00000000        0x0 ..\obj\stm32f10x_dma.o
 .data          0x00000000        0x0 ..\obj\stm32f10x_dma.o
 .bss           0x00000000        0x0 ..\obj\stm32f10x_dma.o
 .text.DMA_StructInit
                0x00000000       0x54 ..\obj\stm32f10x_dma.o
 .text.DMA_GetFlagStatus
                0x00000000       0x50 ..\obj\stm32f10x_dma.o
 .text.DMA_ClearFlag
                0x00000000       0x34 ..\obj\stm32f10x_dma.o
 .text          0x00000000        0x0 ..\obj\can_packing.o
 .data          0x00000000        0x0 ..\obj\can_packing.o
 .bss           0x00000000        0x0 ..\obj\can_packing.o
 .text          0x00000000        0x0 ..\obj\misc.o
 .data          0x00000000        0x0 ..\obj\misc.o
 .bss           0x00000000        0x0 ..\obj\misc.o
 .text.NVIC_SetVectorTable
                0x00000000       0x2c ..\obj\misc.o
 .text.NVIC_SystemLPConfig
                0x00000000       0x40 ..\obj\misc.o
 .text.SysTick_CLKSourceConfig
                0x00000000       0x38 ..\obj\misc.o
 .text          0x00000000        0x0 c:/program files (x86)/gnu arm embedded toolchain/10 2020-q4-major/bin/../lib/gcc/arm-none-eabi/10.2.1/../../../../arm-none-eabi/lib/thumb/v7-m/nofp\libg.a(lib_a-atoi.o)
 .data          0x00000000        0x0 c:/program files (x86)/gnu arm embedded toolchain/10 2020-q4-major/bin/../lib/gcc/arm-none-eabi/10.2.1/../../../../arm-none-eabi/lib/thumb/v7-m/nofp\libg.a(lib_a-atoi.o)
 .bss           0x00000000        0x0 c:/program files (x86)/gnu arm embedded toolchain/10 2020-q4-major/bin/../lib/gcc/arm-none-eabi/10.2.1/../../../../arm-none-eabi/lib/thumb/v7-m/nofp\libg.a(lib_a-atoi.o)
 .text._atoi_r  0x00000000        0x8 c:/program files (x86)/gnu arm embedded toolchain/10 2020-q4-major/bin/../lib/gcc/arm-none-eabi/10.2.1/../../../../arm-none-eabi/lib/thumb/v7-m/nofp\libg.a(lib_a-atoi.o)
 .data          0x00000000        0x0 c:/program files (x86)/gnu arm embedded toolchain/10 2020-q4-major/bin/../lib/gcc/arm-none-eabi/10.2.1/../../../../arm-none-eabi/lib/thumb/v7-m/nofp\libg.a(lib_a-memcpy.o)
 .bss           0x00000000        0x0 c:/program files (x86)/gnu arm embedded toolchain/10 2020-q4-major/bin/../lib/gcc/arm-none-eabi/10.2.1/../../../../arm-none-eabi/lib/thumb/v7-m/nofp\libg.a(lib_a-memcpy.o)
 .text          0x00000000        0x0 c:/program files (x86)/gnu arm embedded toolchain/10 2020-q4-major/bin/../lib/gcc/arm-none-eabi/10.2.1/../../../../arm-none-eabi/lib/thumb/v7-m/nofp\libg.a(lib_a-memset.o)
 .data          0x00000000        0x0 c:/program files (x86)/gnu arm embedded toolchain/10 2020-q4-major/bin/../lib/gcc/arm-none-eabi/10.2.1/../../../../arm-none-eabi/lib/thumb/v7-m/nofp\libg.a(lib_a-memset.o)
 .bss           0x00000000        0x0 c:/program files (x86)/gnu arm embedded toolchain/10 2020-q4-major/bin/../lib/gcc/arm-none-eabi/10.2.1/../../../../arm-none-eabi/lib/thumb/v7-m/nofp\libg.a(lib_a-memset.o)
 .text          0x00000000        0x0 c:/program files (x86)/gnu arm embedded toolchain/10 2020-q4-major/bin/../lib/gcc/arm-none-eabi/10.2.1/../../../../arm-none-eabi/lib/thumb/v7-m/nofp\libg.a(lib_a-strchr.o)
 .data          0x00000000        0x0 c:/program files (x86)/gnu arm embedded toolchain/10 2020-q4-major/bin/../lib/gcc/arm-none-eabi/10.2.1/../../../../arm-none-eabi/lib/thumb/v7-m/nofp\libg.a(lib_a-strchr.o)
 .bss           0x00000000        0x0 c:/program files (x86)/gnu arm embedded toolchain/10 2020-q4-major/bin/../lib/gcc/arm-none-eabi/10.2.1/../../../../arm-none-eabi/lib/thumb/v7-m/nofp\libg.a(lib_a-strchr.o)
 .data          0x00000000        0x0 c:/program files (x86)/gnu arm embedded toolchain/10 2020-q4-major/bin/../lib/gcc/arm-none-eabi/10.2.1/../../../../arm-none-eabi/lib/thumb/v7-m/nofp\libg.a(lib_a-strcmp.o)
 .bss           0x00000000        0x0 c:/program files (x86)/gnu arm embedded toolchain/10 2020-q4-major/bin/../lib/gcc/arm-none-eabi/10.2.1/../../../../arm-none-eabi/lib/thumb/v7-m/nofp\libg.a(lib_a-strcmp.o)
 .text          0x00000000        0x0 c:/program files (x86)/gnu arm embedded toolchain/10 2020-q4-major/bin/../lib/gcc/arm-none-eabi/10.2.1/../../../../arm-none-eabi/lib/thumb/v7-m/nofp\libg.a(lib_a-strncpy.o)
 .data          0x00000000        0x0 c:/program files (x86)/gnu arm embedded toolchain/10 2020-q4-major/bin/../lib/gcc/arm-none-eabi/10.2.1/../../../../arm-none-eabi/lib/thumb/v7-m/nofp\libg.a(lib_a-strncpy.o)
 .bss           0x00000000        0x0 c:/program files (x86)/gnu arm embedded toolchain/10 2020-q4-major/bin/../lib/gcc/arm-none-eabi/10.2.1/../../../../arm-none-eabi/lib/thumb/v7-m/nofp\libg.a(lib_a-strncpy.o)
 .text          0x00000000        0x0 c:/program files (x86)/gnu arm embedded toolchain/10 2020-q4-major/bin/../lib/gcc/arm-none-eabi/10.2.1/../../../../arm-none-eabi/lib/thumb/v7-m/nofp\libg.a(lib_a-strtol.o)
 .data          0x00000000        0x0 c:/program files (x86)/gnu arm embedded toolchain/10 2020-q4-major/bin/../lib/gcc/arm-none-eabi/10.2.1/../../../../arm-none-eabi/lib/thumb/v7-m/nofp\libg.a(lib_a-strtol.o)
 .bss           0x00000000        0x0 c:/program files (x86)/gnu arm embedded toolchain/10 2020-q4-major/bin/../lib/gcc/arm-none-eabi/10.2.1/../../../../arm-none-eabi/lib/thumb/v7-m/nofp\libg.a(lib_a-strtol.o)
 .text._strtol_r
                0x00000000       0x1c c:/program files (x86)/gnu arm embedded toolchain/10 2020-q4-major/bin/../lib/gcc/arm-none-eabi/10.2.1/../../../../arm-none-eabi/lib/thumb/v7-m/nofp\libg.a(lib_a-strtol.o)
 .text.strtol_l
                0x00000000       0x2c c:/program files (x86)/gnu arm embedded toolchain/10 2020-q4-major/bin/../lib/gcc/arm-none-eabi/10.2.1/../../../../arm-none-eabi/lib/thumb/v7-m/nofp\libg.a(lib_a-strtol.o)
 .text          0x00000000        0x0 c:/program files (x86)/gnu arm embedded toolchain/10 2020-q4-major/bin/../lib/gcc/arm-none-eabi/10.2.1/../../../../arm-none-eabi/lib/thumb/v7-m/nofp\libg.a(lib_a-ctype_.o)
 .data          0x00000000        0x0 c:/program files (x86)/gnu arm embedded toolchain/10 2020-q4-major/bin/../lib/gcc/arm-none-eabi/10.2.1/../../../../arm-none-eabi/lib/thumb/v7-m/nofp\libg.a(lib_a-ctype_.o)
 .bss           0x00000000        0x0 c:/program files (x86)/gnu arm embedded toolchain/10 2020-q4-major/bin/../lib/gcc/arm-none-eabi/10.2.1/../../../../arm-none-eabi/lib/thumb/v7-m/nofp\libg.a(lib_a-ctype_.o)
 .text          0x00000000        0x0 c:/program files (x86)/gnu arm embedded toolchain/10 2020-q4-major/bin/../lib/gcc/arm-none-eabi/10.2.1/../../../../arm-none-eabi/lib/thumb/v7-m/nofp\libg.a(lib_a-errno.o)
 .data          0x00000000        0x0 c:/program files (x86)/gnu arm embedded toolchain/10 2020-q4-major/bin/../lib/gcc/arm-none-eabi/10.2.1/../../../../arm-none-eabi/lib/thumb/v7-m/nofp\libg.a(lib_a-errno.o)
 .bss           0x00000000        0x0 c:/program files (x86)/gnu arm embedded toolchain/10 2020-q4-major/bin/../lib/gcc/arm-none-eabi/10.2.1/../../../../arm-none-eabi/lib/thumb/v7-m/nofp\libg.a(lib_a-errno.o)

Memory Configuration

Name             Origin             Length             Attributes
rom              0x08000000         0x00040000         xr
ram              0x20000000         0x00010000         xrw
*default*        0x00000000         0xffffffff

Linker script and memory map

                0x20010000                _eram = 0x20010000

.text           0x08000000     0x42f9
 *(.isr_vector)
 .isr_vector    0x08000000      0x154 ..\obj\startup_stm32f10x_cl.o
                0x08000000                g_pfnVectors
 *(.text*)
 .text.TIM_TimeBaseInit
                0x08000154       0xf8 ..\obj\stm32f10x_tim.o
                0x08000154                TIM_TimeBaseInit
 .text.TIM_Cmd  0x0800024c       0x3e ..\obj\stm32f10x_tim.o
                0x0800024c                TIM_Cmd
 .text.TIM_ITConfig
                0x0800028a       0x46 ..\obj\stm32f10x_tim.o
                0x0800028a                TIM_ITConfig
 .text.TIM_GetITStatus
                0x080002d0       0x52 ..\obj\stm32f10x_tim.o
                0x080002d0                TIM_GetITStatus
 .text.TIM_ClearITPendingBit
                0x08000322       0x20 ..\obj\stm32f10x_tim.o
                0x08000322                TIM_ClearITPendingBit
 *fill*         0x08000342        0x2 
 .text.SystemInit
                0x08000344       0x7c ..\obj\system_stm32f10x.o
                0x08000344                SystemInit
 .text.SetSysClock
                0x080003c0        0xc ..\obj\system_stm32f10x.o
 .text.SetSysClockTo72
                0x080003cc      0x138 ..\obj\system_stm32f10x.o
 .text.CAN_DeInit
                0x08000504       0x48 ..\obj\stm32f10x_can.o
                0x08000504                CAN_DeInit
 .text.CAN_Init
                0x0800054c      0x1a0 ..\obj\stm32f10x_can.o
                0x0800054c                CAN_Init
 .text.CAN_FilterInit
                0x080006ec      0x184 ..\obj\stm32f10x_can.o
                0x080006ec                CAN_FilterInit
 .text.CAN_StructInit
                0x08000870       0x54 ..\obj\stm32f10x_can.o
                0x08000870                CAN_StructInit
 .text.CAN_Transmit
                0x080008c4      0x1a0 ..\obj\stm32f10x_can.o
                0x080008c4                CAN_Transmit
 .text.CAN_TransmitStatus
                0x08000a64      0x104 ..\obj\stm32f10x_can.o
                0x08000a64                CAN_TransmitStatus
 .text.CAN_Receive
                0x08000b68      0x17a ..\obj\stm32f10x_can.o
                0x08000b68                CAN_Receive
 .text.CAN_ITConfig
                0x08000ce2       0x3a ..\obj\stm32f10x_can.o
                0x08000ce2                CAN_ITConfig
 .text.CAN_GetITStatus
                0x08000d1c      0x264 ..\obj\stm32f10x_can.o
                0x08000d1c                CAN_GetITStatus
 .text.CheckITStatus
                0x08000f80       0x2e ..\obj\stm32f10x_can.o
 .text.GPIO_Init
                0x08000fae      0x178 ..\obj\stm32f10x_gpio.o
                0x08000fae                GPIO_Init
 .text.GPIO_ReadInputDataBit
                0x08001126       0x32 ..\obj\stm32f10x_gpio.o
                0x08001126                GPIO_ReadInputDataBit
 .text.GPIO_ReadOutputDataBit
                0x08001158       0x32 ..\obj\stm32f10x_gpio.o
                0x08001158                GPIO_ReadOutputDataBit
 .text.GPIO_SetBits
                0x0800118a       0x1c ..\obj\stm32f10x_gpio.o
                0x0800118a                GPIO_SetBits
 .text.GPIO_ResetBits
                0x080011a6       0x1c ..\obj\stm32f10x_gpio.o
                0x080011a6                GPIO_ResetBits
 *fill*         0x080011c2        0x2 
 .text.GPIO_EXTILineConfig
                0x080011c4       0x80 ..\obj\stm32f10x_gpio.o
                0x080011c4                GPIO_EXTILineConfig
 .text.NVIC_EnableIRQ
                0x08001244       0x30 ..\obj\main.o
 .text.SystemClock_Config
                0x08001274       0x8c ..\obj\main.o
                0x08001274                SystemClock_Config
 .text.CAN_Send_Calculated_Data
                0x08001300       0xd8 ..\obj\main.o
                0x08001300                CAN_Send_Calculated_Data
 .text.CAN_Process_Received
                0x080013d8      0x1f4 ..\obj\main.o
                0x080013d8                CAN_Process_Received
 .text.USART_DMA_Config
                0x080015cc      0x17c ..\obj\main.o
                0x080015cc                USART_DMA_Config
 .text.DMA_SendString
                0x08001748       0x68 ..\obj\main.o
                0x08001748                DMA_SendString
 .text.DMA_SendNumber
                0x080017b0      0x108 ..\obj\main.o
                0x080017b0                DMA_SendNumber
 .text.USART_SendChar
                0x080018b8       0x42 ..\obj\main.o
                0x080018b8                USART_SendChar
 *fill*         0x080018fa        0x2 
 .text.DMA_CheckRX
                0x080018fc      0x124 ..\obj\main.o
                0x080018fc                DMA_CheckRX
 .text.DMA1_Channel4_IRQHandler
                0x08001a20       0x34 ..\obj\main.o
                0x08001a20                DMA1_Channel4_IRQHandler
 .text.LED_GPIO_Config
                0x08001a54       0x34 ..\obj\main.o
                0x08001a54                LED_GPIO_Config
 .text.TIM2_Config
                0x08001a88       0x74 ..\obj\main.o
                0x08001a88                TIM2_Config
 .text.DIP_Config
                0x08001afc       0x84 ..\obj\main.o
                0x08001afc                DIP_Config
 .text.DIP_Get_CAN_Select
                0x08001b80       0x20 ..\obj\main.o
                0x08001b80                DIP_Get_CAN_Select
 .text.EXTI9_5_IRQHandler
                0x08001ba0       0x3c ..\obj\main.o
                0x08001ba0                EXTI9_5_IRQHandler
 .text.TIM2_IRQHandler
                0x08001bdc       0x5c ..\obj\main.o
                0x08001bdc                TIM2_IRQHandler
 .text.Command_Execute
                0x08001c38      0x178 ..\obj\main.o
                0x08001c38                Command_Execute
 .text.Command_Parse
                0x08001db0      0x130 ..\obj\main.o
                0x08001db0                Command_Parse
 .text.USART1_Calculation
                0x08001ee0       0x30 ..\obj\main.o
                0x08001ee0                USART1_Calculation
 .text.EXTI1_Name_Output
                0x08001f10       0x3c ..\obj\main.o
                0x08001f10                EXTI1_Name_Output
 .text.millis   0x08001f4c       0x14 ..\obj\main.o
                0x08001f4c                millis
 .text.main     0x08001f60      0x13c ..\obj\main.o
                0x08001f60                main
 .text.PutChar  0x0800209c       0x1e ..\obj\printf.o
                0x0800209c                PutChar
 .text.PutString
                0x080020ba       0x3a ..\obj\printf.o
                0x080020ba                PutString
 .text.PutUnsignedInt
                0x080020f4       0x9c ..\obj\printf.o
                0x080020f4                PutUnsignedInt
 .text.PutSignedInt
                0x08002190       0xf8 ..\obj\printf.o
                0x08002190                PutSignedInt
 .text.PutHexa  0x08002288       0xd4 ..\obj\printf.o
                0x08002288                PutHexa
 .text.vsnprintf
                0x0800235c      0x254 ..\obj\printf.o
                0x0800235c                vsnprintf
 .text.vsprintf
                0x080025b0       0x22 ..\obj\printf.o
                0x080025b0                vsprintf
 .text.sprintf  0x080025d2       0x2c ..\obj\printf.o
                0x080025d2                sprintf
 *fill*         0x080025fe        0x2 
 .text.RCC_DeInit
                0x08002600       0x70 ..\obj\stm32f10x_rcc.o
                0x08002600                RCC_DeInit
 .text.RCC_HSEConfig
                0x08002670       0x5c ..\obj\stm32f10x_rcc.o
                0x08002670                RCC_HSEConfig
 .text.RCC_WaitForHSEStartUp
                0x080026cc       0x50 ..\obj\stm32f10x_rcc.o
                0x080026cc                RCC_WaitForHSEStartUp
 .text.RCC_PLLConfig
                0x0800271c       0x3c ..\obj\stm32f10x_rcc.o
                0x0800271c                RCC_PLLConfig
 .text.RCC_PLLCmd
                0x08002758       0x20 ..\obj\stm32f10x_rcc.o
                0x08002758                RCC_PLLCmd
 .text.RCC_SYSCLKConfig
                0x08002778       0x38 ..\obj\stm32f10x_rcc.o
                0x08002778                RCC_SYSCLKConfig
 .text.RCC_GetSYSCLKSource
                0x080027b0       0x1c ..\obj\stm32f10x_rcc.o
                0x080027b0                RCC_GetSYSCLKSource
 .text.RCC_HCLKConfig
                0x080027cc       0x38 ..\obj\stm32f10x_rcc.o
                0x080027cc                RCC_HCLKConfig
 .text.RCC_PCLK1Config
                0x08002804       0x38 ..\obj\stm32f10x_rcc.o
                0x08002804                RCC_PCLK1Config
 .text.RCC_PCLK2Config
                0x0800283c       0x38 ..\obj\stm32f10x_rcc.o
                0x0800283c                RCC_PCLK2Config
 .text.RCC_GetClocksFreq
                0x08002874      0x1d0 ..\obj\stm32f10x_rcc.o
                0x08002874                RCC_GetClocksFreq
 .text.RCC_AHBPeriphClockCmd
                0x08002a44       0x3c ..\obj\stm32f10x_rcc.o
                0x08002a44                RCC_AHBPeriphClockCmd
 .text.RCC_APB2PeriphClockCmd
                0x08002a80       0x3c ..\obj\stm32f10x_rcc.o
                0x08002a80                RCC_APB2PeriphClockCmd
 .text.RCC_APB1PeriphClockCmd
                0x08002abc       0x3c ..\obj\stm32f10x_rcc.o
                0x08002abc                RCC_APB1PeriphClockCmd
 .text.RCC_APB1PeriphResetCmd
                0x08002af8       0x3c ..\obj\stm32f10x_rcc.o
                0x08002af8                RCC_APB1PeriphResetCmd
 .text.RCC_GetFlagStatus
                0x08002b34       0x74 ..\obj\stm32f10x_rcc.o
                0x08002b34                RCC_GetFlagStatus
 .text.Default_Reset_Handler
                0x08002ba8       0x60 ..\obj\startup_stm32f10x_cl.o
                0x08002ba8                Default_Reset_Handler
                0x08002ba8                Reset_Handler
 .text.Default_Handler
                0x08002c08        0x6 ..\obj\startup_stm32f10x_cl.o
                0x08002c08                EXTI2_IRQHandler
                0x08002c08                DebugMon_Handler
                0x08002c08                TIM1_CC_IRQHandler
                0x08002c08                HardFault_Handler
                0x08002c08                TIM6_IRQHandler
                0x08002c08                SysTick_Handler
                0x08002c08                PVD_IRQHandler
                0x08002c08                PendSV_Handler
                0x08002c08                NMI_Handler
                0x08002c08                CAN2_RX1_IRQHandler
                0x08002c08                EXTI3_IRQHandler
                0x08002c08                EXTI0_IRQHandler
                0x08002c08                I2C2_EV_IRQHandler
                0x08002c08                UsageFault_Handler
                0x08002c08                CAN2_SCE_IRQHandler
                0x08002c08                ADC1_2_IRQHandler
                0x08002c08                SPI1_IRQHandler
                0x08002c08                TAMPER_IRQHandler
                0x08002c08                DMA2_Channel2_IRQHandler
                0x08002c08                USART3_IRQHandler
                0x08002c08                RTC_IRQHandler
                0x08002c08                DMA1_Channel7_IRQHandler
                0x08002c08                CAN1_RX1_IRQHandler
                0x08002c08                UART5_IRQHandler
                0x08002c08                TIM4_IRQHandler
                0x08002c08                DMA2_Channel1_IRQHandler
                0x08002c08                I2C1_EV_IRQHandler
                0x08002c08                DMA1_Channel6_IRQHandler
                0x08002c08                UART4_IRQHandler
                0x08002c08                DMA2_Channel4_IRQHandler
                0x08002c08                TIM3_IRQHandler
                0x08002c08                RCC_IRQHandler
                0x08002c08                TIM1_TRG_COM_IRQHandler
                0x08002c08                DMA1_Channel1_IRQHandler
                0x08002c08                EXTI15_10_IRQHandler
                0x08002c08                TIM7_IRQHandler
                0x08002c08                CAN2_TX_IRQHandler
                0x08002c08                TIM5_IRQHandler
                0x08002c08                ETH_WKUP_IRQHandler
                0x08002c08                SPI2_IRQHandler
                0x08002c08                MemManage_Handler
                0x08002c08                CAN1_TX_IRQHandler
                0x08002c08                SVC_Handler
                0x08002c08                DMA2_Channel5_IRQHandler
                0x08002c08                DMA1_Channel5_IRQHandler
                0x08002c08                EXTI4_IRQHandler
                0x08002c08                DMA1_Channel3_IRQHandler
                0x08002c08                ETH_IRQHandler
                0x08002c08                TIM1_UP_IRQHandler
                0x08002c08                WWDG_IRQHandler
                0x08002c08                OTG_FS_WKUP_IRQHandler
                0x08002c08                TIM1_BRK_IRQHandler
                0x08002c08                EXTI1_IRQHandler
                0x08002c08                RTCAlarm_IRQHandler
                0x08002c08                USART2_IRQHandler
                0x08002c08                I2C2_ER_IRQHandler
                0x08002c08                DMA1_Channel2_IRQHandler
                0x08002c08                CAN1_SCE_IRQHandler
                0x08002c08                FLASH_IRQHandler
                0x08002c08                BusFault_Handler
                0x08002c08                USART1_IRQHandler
                0x08002c08                OTG_FS_IRQHandler
                0x08002c08                SPI3_IRQHandler
                0x08002c08                I2C1_ER_IRQHandler
                0x08002c08                DMA2_Channel3_IRQHandler
 *fill*         0x08002c0e        0x2 
 .text.EXTI_Init
                0x08002c10       0xe4 ..\obj\stm32f10x_exti.o
                0x08002c10                EXTI_Init
 .text.EXTI_GetITStatus
                0x08002cf4       0x48 ..\obj\stm32f10x_exti.o
                0x08002cf4                EXTI_GetITStatus
 .text.EXTI_ClearITPendingBit
                0x08002d3c       0x1c ..\obj\stm32f10x_exti.o
                0x08002d3c                EXTI_ClearITPendingBit
 .text.CAN1_Filter_Config
                0x08002d58       0x3a ..\obj\can1.o
                0x08002d58                CAN1_Filter_Config
 *fill*         0x08002d92        0x2 
 .text.CAN1_Config
                0x08002d94       0xc0 ..\obj\can1.o
                0x08002d94                CAN1_Config
 .text.CAN1_Send_Message
                0x08002e54       0xd4 ..\obj\can1.o
                0x08002e54                CAN1_Send_Message
 .text.CAN1_RX0_IRQHandler
                0x08002f28       0x40 ..\obj\can1.o
                0x08002f28                CAN1_RX0_IRQHandler
 .text.USART_Init
                0x08002f68      0x174 ..\obj\stm32f10x_usart.o
                0x08002f68                USART_Init
 .text.USART_Cmd
                0x080030dc       0x3e ..\obj\stm32f10x_usart.o
                0x080030dc                USART_Cmd
 .text.USART_DMACmd
                0x0800311a       0x46 ..\obj\stm32f10x_usart.o
                0x0800311a                USART_DMACmd
 .text.USART_SendData
                0x08003160       0x22 ..\obj\stm32f10x_usart.o
                0x08003160                USART_SendData
 .text.USART_GetFlagStatus
                0x08003182       0x36 ..\obj\stm32f10x_usart.o
                0x08003182                USART_GetFlagStatus
 .text.CAN2_Filter_Config
                0x080031b8       0x3a ..\obj\can2.o
                0x080031b8                CAN2_Filter_Config
 *fill*         0x080031f2        0x2 
 .text.CAN2_Config
                0x080031f4       0xc8 ..\obj\can2.o
                0x080031f4                CAN2_Config
 .text.CAN2_Send_Message
                0x080032bc       0xdc ..\obj\can2.o
                0x080032bc                CAN2_Send_Message
 .text.CAN2_RX0_IRQHandler
                0x08003398       0x34 ..\obj\can2.o
                0x08003398                CAN2_RX0_IRQHandler
 .text.FLASH_SetLatency
                0x080033cc       0x38 ..\obj\stm32f10x_flash.o
                0x080033cc                FLASH_SetLatency
 .text.FLASH_PrefetchBufferCmd
                0x08003404       0x30 ..\obj\stm32f10x_flash.o
                0x08003404                FLASH_PrefetchBufferCmd
 .text.DMA_DeInit
                0x08003434      0x178 ..\obj\stm32f10x_dma.o
                0x08003434                DMA_DeInit
 .text.DMA_Init
                0x080035ac       0x7c ..\obj\stm32f10x_dma.o
                0x080035ac                DMA_Init
 .text.DMA_Cmd  0x08003628       0x38 ..\obj\stm32f10x_dma.o
                0x08003628                DMA_Cmd
 .text.DMA_ITConfig
                0x08003660       0x3a ..\obj\stm32f10x_dma.o
                0x08003660                DMA_ITConfig
 .text.DMA_SetCurrDataCounter
                0x0800369a       0x1c ..\obj\stm32f10x_dma.o
                0x0800369a                DMA_SetCurrDataCounter
 .text.DMA_GetCurrDataCounter
                0x080036b6       0x18 ..\obj\stm32f10x_dma.o
                0x080036b6                DMA_GetCurrDataCounter
 *fill*         0x080036ce        0x2 
 .text.DMA_GetITStatus
                0x080036d0       0x50 ..\obj\stm32f10x_dma.o
                0x080036d0                DMA_GetITStatus
 .text.DMA_ClearITPendingBit
                0x08003720       0x34 ..\obj\stm32f10x_dma.o
                0x08003720                DMA_ClearITPendingBit
 .text.Pack_Numbers_Message
                0x08003754       0x70 ..\obj\can_packing.o
                0x08003754                Pack_Numbers_Message
 .text.Unpack_Numbers_Message
                0x080037c4       0x68 ..\obj\can_packing.o
                0x080037c4                Unpack_Numbers_Message
 .text.Command_To_CAN_Op
                0x0800382c       0x6c ..\obj\can_packing.o
                0x0800382c                Command_To_CAN_Op
 .text.CAN_Op_To_String
                0x08003898       0x58 ..\obj\can_packing.o
                0x08003898                CAN_Op_To_String
 .text.NVIC_PriorityGroupConfig
                0x080038f0       0x24 ..\obj\misc.o
                0x080038f0                NVIC_PriorityGroupConfig
 .text.NVIC_Init
                0x08003914       0xc4 ..\obj\misc.o
                0x08003914                NVIC_Init
 .text.atoi     0x080039d8        0x8 c:/program files (x86)/gnu arm embedded toolchain/10 2020-q4-major/bin/../lib/gcc/arm-none-eabi/10.2.1/../../../../arm-none-eabi/lib/thumb/v7-m/nofp\libg.a(lib_a-atoi.o)
                0x080039d8                atoi
 .text          0x080039e0       0xec c:/program files (x86)/gnu arm embedded toolchain/10 2020-q4-major/bin/../lib/gcc/arm-none-eabi/10.2.1/../../../../arm-none-eabi/lib/thumb/v7-m/nofp\libg.a(lib_a-memcpy.o)
                0x080039e0                memcpy
 .text.memset   0x08003acc       0xa4 c:/program files (x86)/gnu arm embedded toolchain/10 2020-q4-major/bin/../lib/gcc/arm-none-eabi/10.2.1/../../../../arm-none-eabi/lib/thumb/v7-m/nofp\libg.a(lib_a-memset.o)
                0x08003acc                memset
 .text.strchr   0x08003b70       0xcc c:/program files (x86)/gnu arm embedded toolchain/10 2020-q4-major/bin/../lib/gcc/arm-none-eabi/10.2.1/../../../../arm-none-eabi/lib/thumb/v7-m/nofp\libg.a(lib_a-strchr.o)
                0x08003b70                strchr
 .text          0x08003c3c      0x1bc c:/program files (x86)/gnu arm embedded toolchain/10 2020-q4-major/bin/../lib/gcc/arm-none-eabi/10.2.1/../../../../arm-none-eabi/lib/thumb/v7-m/nofp\libg.a(lib_a-strcmp.o)
                0x08003c3c                strcmp
 .text.strncpy  0x08003df8       0x68 c:/program files (x86)/gnu arm embedded toolchain/10 2020-q4-major/bin/../lib/gcc/arm-none-eabi/10.2.1/../../../../arm-none-eabi/lib/thumb/v7-m/nofp\libg.a(lib_a-strncpy.o)
                0x08003df8                strncpy
 .text._strtol_l.part.0
                0x08003e60      0x120 c:/program files (x86)/gnu arm embedded toolchain/10 2020-q4-major/bin/../lib/gcc/arm-none-eabi/10.2.1/../../../../arm-none-eabi/lib/thumb/v7-m/nofp\libg.a(lib_a-strtol.o)
 .text.strtol   0x08003f80       0x2c c:/program files (x86)/gnu arm embedded toolchain/10 2020-q4-major/bin/../lib/gcc/arm-none-eabi/10.2.1/../../../../arm-none-eabi/lib/thumb/v7-m/nofp\libg.a(lib_a-strtol.o)
                0x08003f80                strtol
 .text.__errno  0x08003fac        0xc c:/program files (x86)/gnu arm embedded toolchain/10 2020-q4-major/bin/../lib/gcc/arm-none-eabi/10.2.1/../../../../arm-none-eabi/lib/thumb/v7-m/nofp\libg.a(lib_a-errno.o)
                0x08003fac                __errno
 *(.init)
 *(.fini)
 *crtbegin.o(.ctors)
 *crtbegin?.o(.ctors)
 *(EXCLUDE_FILE(*crtend.o *crtend?.o) .ctors)
 *(SORT_BY_NAME(.ctors.*))
 *(.ctors)
 *crtbegin.o(.dtors)
 *crtbegin?.o(.dtors)
 *(EXCLUDE_FILE(*crtend.o *crtend?.o) .dtors)
 *(SORT_BY_NAME(.dtors.*))
 *(.dtors)
 *(.rodata*)
 .rodata        0x08003fb8      0x226 ..\obj\main.o
 *fill*         0x080041de        0x2 
 .rodata        0x080041e0       0x18 ..\obj\can_packing.o
 .rodata._ctype_
                0x080041f8      0x101 c:/program files (x86)/gnu arm embedded toolchain/10 2020-q4-major/bin/../lib/gcc/arm-none-eabi/10.2.1/../../../../arm-none-eabi/lib/thumb/v7-m/nofp\libg.a(lib_a-ctype_.o)
                0x080041f8                _ctype_
 *(.eh_fram e*)

.glue_7         0x080042fc        0x0
 .glue_7        0x080042fc        0x0 linker stubs

.glue_7t        0x080042fc        0x0
 .glue_7t       0x080042fc        0x0 linker stubs

.vfp11_veneer   0x080042fc        0x0
 .vfp11_veneer  0x080042fc        0x0 linker stubs

.v4_bx          0x080042fc        0x0
 .v4_bx         0x080042fc        0x0 linker stubs

.iplt           0x080042fc        0x0
 .iplt          0x080042fc        0x0 ..\obj\system_stm32f10x.o

.rel.dyn        0x080042fc        0x0
 .rel.iplt      0x080042fc        0x0 ..\obj\system_stm32f10x.o

.ARM.extab
 *(.ARM.extab* .gnu.linkonce.armextab.*)
                0x080042f9                __exidx_start = .

.ARM.exidx
 *(.ARM.exidx* .gnu.linkonce.armexidx.*)
                0x080042f9                __exidx_end = .
                0x080042f9                __etext = .
                0x080042f9                _sidata = __etext

.data           0x20000000      0x458 load address 0x080042f9
                0x20000000                __data_start__ = .
                0x20000000                _sdata = __data_start__
 *(vtable)
 *(.data*)
 .data          0x20000000       0x14 ..\obj\system_stm32f10x.o
                0x20000000                SystemCoreClock
                0x20000004                AHBPrescTable
 *fill*         0x20000014        0x4 
 .data          0x20000018      0x42c ..\obj\printf.o
                0x20000018                r
                0x20000440                _impure_ptr
 .data          0x20000444       0x14 ..\obj\stm32f10x_rcc.o
                0x20000458                . = ALIGN (0x4)
                [!provide]                PROVIDE (__preinit_array_start = .)
 *(.preinit_array)
                [!provide]                PROVIDE (__preinit_array_end = .)
                0x20000458                . = ALIGN (0x4)
                [!provide]                PROVIDE (__init_array_start = .)
 *(SORT_BY_NAME(.init_array.*))
 *(.init_array)
                [!provide]                PROVIDE (__init_array_end = .)
                0x20000458                . = ALIGN (0x4)
                [!provide]                PROVIDE (__fini_array_start = .)
 *(SORT_BY_NAME(.fini_array.*))
 *(.fini_array)
                [!provide]                PROVIDE (__fini_array_end = .)
 *(.jcr*)
                0x20000458                . = ALIGN (0x4)
                0x20000458                __data_end__ = .
                0x20000458                _edata = __data_end__

.igot.plt       0x20000458        0x0 load address 0x08004754
 .igot.plt      0x20000458        0x0 ..\obj\system_stm32f10x.o

.bss            0x20000458      0x164 load address 0x08004754
                0x20000458                . = ALIGN (0x4)
                0x20000458                __bss_start__ = .
                0x20000458                _sbss = __bss_start__
 *(.bss*)
 .bss           0x20000458      0x130 ..\obj\main.o
                0x20000458                DMA_RxBuffer
                0x20000498                DMA_TxBuffer
                0x200004d8                RxBuffer
                0x20000518                RxIndex
                0x20000519                RxReady
                0x2000051a                TxInProgress
                0x2000051c                DMA_RxLastPos
                0x20000520                uwTick
                0x20000524                lastTime
                0x20000528                EXTI1_Interrupt
                0x20000529                CAN_Pending_Numbers
                0x2000052a                CAN_Pending_Op
                0x2000052c                CAN_Received_Num1
                0x20000530                CAN_Received_Num2
                0x20000534                CAN_Received_Op
                0x20000535                Console_Num1_Ready
                0x20000536                Console_Num2_Ready
                0x20000538                Console_Num1
                0x2000053c                Console_Num2
                0x20000540                Console_Op
                0x20000541                CAN_Send_Trigger
 .bss           0x20000588       0x1c ..\obj\can1.o
                0x20000588                CAN1_RxMessage
                0x2000059c                CAN1_RxPending
                0x2000059d                CAN1_TxBusy
                0x200005a0                CAN1_Debug_Counter
 .bss           0x200005a4       0x16 ..\obj\can2.o
                0x200005a4                CAN2_RxMessage
                0x200005b8                CAN2_RxPending
                0x200005b9                CAN2_TxBusy
 *(COMMON)
                0x200005bc                . = ALIGN (0x4)
 *fill*         0x200005ba        0x2 
                0x200005bc                __bss_end__ = .
                0x200005bc                _ebss = __bss_end__

.heap           0x200005bc        0x0
                0x200005bc                __end__ = .
                0x200005bc                _end = __end__
                0x200005bc                end = __end__
 *(.heap*)
                0x200005bc                __HeapLimit = .

.co_stack       0x200005bc      0x404 load address 0x080048b8
                0x200005c0                . = ALIGN (0x8)
 *fill*         0x200005bc        0x4 
 *(.co_stack .co_stack.*)
 .co_stack      0x200005c0      0x400 ..\obj\startup_stm32f10x_cl.o
                0x200005c0                pulStack
                0x20010000                __StackTop = (ORIGIN (ram) + LENGTH (ram))
                0x2000fbfc                __StackLimit = (__StackTop - SIZEOF (.co_stack))
                [!provide]                PROVIDE (__stack = __StackTop)
                0x00000001                ASSERT ((__StackLimit >= __HeapLimit), region ram  overflowed with stack)
LOAD ..\obj\stm32f10x_tim.o
LOAD ..\obj\system_stm32f10x.o
LOAD ..\obj\stm32f10x_can.o
LOAD ..\obj\stm32f10x_gpio.o
LOAD ..\obj\main.o
LOAD ..\obj\printf.o
LOAD ..\obj\stm32f10x_rcc.o
LOAD ..\obj\startup_stm32f10x_cl.o
LOAD ..\obj\stm32f10x_exti.o
LOAD ..\obj\can1.o
LOAD ..\obj\stm32f10x_usart.o
LOAD ..\obj\can2.o
LOAD ..\obj\stm32f10x_flash.o
LOAD ..\obj\stm32f10x_dma.o
LOAD ..\obj\can_packing.o
LOAD ..\obj\misc.o
START GROUP
LOAD c:/program files (x86)/gnu arm embedded toolchain/10 2020-q4-major/bin/../lib/gcc/arm-none-eabi/10.2.1/thumb/v7-m/nofp\libgcc.a
LOAD c:/program files (x86)/gnu arm embedded toolchain/10 2020-q4-major/bin/../lib/gcc/arm-none-eabi/10.2.1/../../../../arm-none-eabi/lib/thumb/v7-m/nofp\libg.a
LOAD c:/program files (x86)/gnu arm embedded toolchain/10 2020-q4-major/bin/../lib/gcc/arm-none-eabi/10.2.1/../../../../arm-none-eabi/lib/thumb/v7-m/nofp\libc.a
END GROUP
OUTPUT(DMA1.elf elf32-littlearm)
LOAD linker stubs

.debug_info     0x00000000     0x9a53
 .debug_info    0x00000000     0x1de8 ..\obj\stm32f10x_tim.o
 .debug_info    0x00001de8      0x512 ..\obj\system_stm32f10x.o
 .debug_info    0x000022fa      0xc2a ..\obj\stm32f10x_can.o
 .debug_info    0x00002f24      0x72e ..\obj\stm32f10x_gpio.o
 .debug_info    0x00003652     0x137e ..\obj\main.o
 .debug_info    0x000049d0      0xf23 ..\obj\printf.o
 .debug_info    0x000058f3      0xb17 ..\obj\stm32f10x_rcc.o
 .debug_info    0x0000640a       0xfb ..\obj\startup_stm32f10x_cl.o
 .debug_info    0x00006505      0x357 ..\obj\stm32f10x_exti.o
 .debug_info    0x0000685c      0xa17 ..\obj\can1.o
 .debug_info    0x00007273      0xa5b ..\obj\stm32f10x_usart.o
 .debug_info    0x00007cce      0xa05 ..\obj\can2.o
 .debug_info    0x000086d3      0x7fc ..\obj\stm32f10x_flash.o
 .debug_info    0x00008ecf      0x48f ..\obj\stm32f10x_dma.o
 .debug_info    0x0000935e      0x199 ..\obj\can_packing.o
 .debug_info    0x000094f7      0x55c ..\obj\misc.o

.debug_abbrev   0x00000000     0x1c66
 .debug_abbrev  0x00000000      0x1c9 ..\obj\stm32f10x_tim.o
 .debug_abbrev  0x000001c9      0x17d ..\obj\system_stm32f10x.o
 .debug_abbrev  0x00000346      0x212 ..\obj\stm32f10x_can.o
 .debug_abbrev  0x00000558      0x1e9 ..\obj\stm32f10x_gpio.o
 .debug_abbrev  0x00000741      0x316 ..\obj\main.o
 .debug_abbrev  0x00000a57      0x2db ..\obj\printf.o
 .debug_abbrev  0x00000d32      0x1d3 ..\obj\stm32f10x_rcc.o
 .debug_abbrev  0x00000f05       0xb3 ..\obj\startup_stm32f10x_cl.o
 .debug_abbrev  0x00000fb8      0x168 ..\obj\stm32f10x_exti.o
 .debug_abbrev  0x00001120      0x221 ..\obj\can1.o
 .debug_abbrev  0x00001341      0x191 ..\obj\stm32f10x_usart.o
 .debug_abbrev  0x000014d2      0x221 ..\obj\can2.o
 .debug_abbrev  0x000016f3      0x1a4 ..\obj\stm32f10x_flash.o
 .debug_abbrev  0x00001897      0x182 ..\obj\stm32f10x_dma.o
 .debug_abbrev  0x00001a19       0xdd ..\obj\can_packing.o
 .debug_abbrev  0x00001af6      0x170 ..\obj\misc.o

.debug_aranges  0x00000000      0xb50
 .debug_aranges
                0x00000000      0x2f0 ..\obj\stm32f10x_tim.o
 .debug_aranges
                0x000002f0       0x38 ..\obj\system_stm32f10x.o
 .debug_aranges
                0x00000328       0xe0 ..\obj\stm32f10x_can.o
 .debug_aranges
                0x00000408       0xa8 ..\obj\stm32f10x_gpio.o
 .debug_aranges
                0x000004b0       0xd0 ..\obj\main.o
 .debug_aranges
                0x00000580       0xa0 ..\obj\printf.o
 .debug_aranges
                0x00000620      0x160 ..\obj\stm32f10x_rcc.o
 .debug_aranges
                0x00000780       0x28 ..\obj\startup_stm32f10x_cl.o
 .debug_aranges
                0x000007a8       0x58 ..\obj\stm32f10x_exti.o
 .debug_aranges
                0x00000800       0x38 ..\obj\can1.o
 .debug_aranges
                0x00000838      0x100 ..\obj\stm32f10x_usart.o
 .debug_aranges
                0x00000938       0x38 ..\obj\can2.o
 .debug_aranges
                0x00000970       0xf8 ..\obj\stm32f10x_flash.o
 .debug_aranges
                0x00000a68       0x70 ..\obj\stm32f10x_dma.o
 .debug_aranges
                0x00000ad8       0x38 ..\obj\can_packing.o
 .debug_aranges
                0x00000b10       0x40 ..\obj\misc.o

.debug_ranges   0x00000000      0xa50
 .debug_ranges  0x00000000      0x2e0 ..\obj\stm32f10x_tim.o
 .debug_ranges  0x000002e0       0x28 ..\obj\system_stm32f10x.o
 .debug_ranges  0x00000308       0xd0 ..\obj\stm32f10x_can.o
 .debug_ranges  0x000003d8       0x98 ..\obj\stm32f10x_gpio.o
 .debug_ranges  0x00000470       0xc0 ..\obj\main.o
 .debug_ranges  0x00000530       0x90 ..\obj\printf.o
 .debug_ranges  0x000005c0      0x150 ..\obj\stm32f10x_rcc.o
 .debug_ranges  0x00000710       0x18 ..\obj\startup_stm32f10x_cl.o
 .debug_ranges  0x00000728       0x48 ..\obj\stm32f10x_exti.o
 .debug_ranges  0x00000770       0x28 ..\obj\can1.o
 .debug_ranges  0x00000798       0xf0 ..\obj\stm32f10x_usart.o
 .debug_ranges  0x00000888       0x28 ..\obj\can2.o
 .debug_ranges  0x000008b0       0xe8 ..\obj\stm32f10x_flash.o
 .debug_ranges  0x00000998       0x60 ..\obj\stm32f10x_dma.o
 .debug_ranges  0x000009f8       0x28 ..\obj\can_packing.o
 .debug_ranges  0x00000a20       0x30 ..\obj\misc.o

.debug_line     0x00000000     0x6497
 .debug_line    0x00000000     0x1219 ..\obj\stm32f10x_tim.o
 .debug_line    0x00001219      0x3c9 ..\obj\system_stm32f10x.o
 .debug_line    0x000015e2      0xa8f ..\obj\stm32f10x_can.o
 .debug_line    0x00002071      0x60c ..\obj\stm32f10x_gpio.o
 .debug_line    0x0000267d      0xa78 ..\obj\main.o
 .debug_line    0x000030f5      0x59c ..\obj\printf.o
 .debug_line    0x00003691      0x91d ..\obj\stm32f10x_rcc.o
 .debug_line    0x00003fae       0xde ..\obj\startup_stm32f10x_cl.o
 .debug_line    0x0000408c      0x3c3 ..\obj\stm32f10x_exti.o
 .debug_line    0x0000444f      0x368 ..\obj\can1.o
 .debug_line    0x000047b7      0x753 ..\obj\stm32f10x_usart.o
 .debug_line    0x00004f0a      0x339 ..\obj\can2.o
 .debug_line    0x00005243      0x7c1 ..\obj\stm32f10x_flash.o
 .debug_line    0x00005a04      0x4b6 ..\obj\stm32f10x_dma.o
 .debug_line    0x00005eba      0x26a ..\obj\can_packing.o
 .debug_line    0x00006124      0x373 ..\obj\misc.o

.debug_str      0x00000000     0x3b48
 .debug_str     0x00000000      0xd65 ..\obj\stm32f10x_tim.o
                                0xe2a (size before relaxing)
 .debug_str     0x00000d65      0x1d3 ..\obj\system_stm32f10x.o
                                0x37d (size before relaxing)
 .debug_str     0x00000f38      0x53a ..\obj\stm32f10x_can.o
                                0x77b (size before relaxing)
 .debug_str     0x00001472      0x39e ..\obj\stm32f10x_gpio.o
                                0x566 (size before relaxing)
 .debug_str     0x00001810      0xaee ..\obj\main.o
                                0xfa2 (size before relaxing)
 .debug_str     0x000022fe      0x4e6 ..\obj\printf.o
                                0x69b (size before relaxing)
 .debug_str     0x000027e4      0x4f5 ..\obj\stm32f10x_rcc.o
                                0x7af (size before relaxing)
 .debug_str     0x00002cd9       0xd0 ..\obj\startup_stm32f10x_cl.o
                                0x1b8 (size before relaxing)
 .debug_str     0x00002da9      0x125 ..\obj\stm32f10x_exti.o
                                0x396 (size before relaxing)
 .debug_str     0x00002ece       0xc7 ..\obj\can1.o
                                0xa70 (size before relaxing)
 .debug_str     0x00002f95      0x3c2 ..\obj\stm32f10x_usart.o
                                0x6dd (size before relaxing)
 .debug_str     0x00003357       0x77 ..\obj\can2.o
                                0xa37 (size before relaxing)
 .debug_str     0x000033ce      0x427 ..\obj\stm32f10x_flash.o
                                0x635 (size before relaxing)
 .debug_str     0x000037f5      0x15f ..\obj\stm32f10x_dma.o
                                0x404 (size before relaxing)
 .debug_str     0x00003954       0xac ..\obj\can_packing.o
                                0x23a (size before relaxing)
 .debug_str     0x00003a00      0x148 ..\obj\misc.o
                                0x40b (size before relaxing)

.comment        0x00000000       0x4d
 .comment       0x00000000       0x4d ..\obj\stm32f10x_tim.o
                                 0x4e (size before relaxing)
 .comment       0x0000004d       0x4e ..\obj\system_stm32f10x.o
 .comment       0x0000004d       0x4e ..\obj\stm32f10x_can.o
 .comment       0x0000004d       0x4e ..\obj\stm32f10x_gpio.o
 .comment       0x0000004d       0x4e ..\obj\main.o
 .comment       0x0000004d       0x4e ..\obj\printf.o
 .comment       0x0000004d       0x4e ..\obj\stm32f10x_rcc.o
 .comment       0x0000004d       0x4e ..\obj\startup_stm32f10x_cl.o
 .comment       0x0000004d       0x4e ..\obj\stm32f10x_exti.o
 .comment       0x0000004d       0x4e ..\obj\can1.o
 .comment       0x0000004d       0x4e ..\obj\stm32f10x_usart.o
 .comment       0x0000004d       0x4e ..\obj\can2.o
 .comment       0x0000004d       0x4e ..\obj\stm32f10x_flash.o
 .comment       0x0000004d       0x4e ..\obj\stm32f10x_dma.o
 .comment       0x0000004d       0x4e ..\obj\can_packing.o
 .comment       0x0000004d       0x4e ..\obj\misc.o

.ARM.attributes
                0x00000000       0x2b
 .ARM.attributes
                0x00000000       0x2d ..\obj\stm32f10x_tim.o
 .ARM.attributes
                0x0000002d       0x2d ..\obj\system_stm32f10x.o
 .ARM.attributes
                0x0000005a       0x2d ..\obj\stm32f10x_can.o
 .ARM.attributes
                0x00000087       0x2d ..\obj\stm32f10x_gpio.o
 .ARM.attributes
                0x000000b4       0x2d ..\obj\main.o
 .ARM.attributes
                0x000000e1       0x2d ..\obj\printf.o
 .ARM.attributes
                0x0000010e       0x2d ..\obj\stm32f10x_rcc.o
 .ARM.attributes
                0x0000013b       0x2d ..\obj\startup_stm32f10x_cl.o
 .ARM.attributes
                0x00000168       0x2d ..\obj\stm32f10x_exti.o
 .ARM.attributes
                0x00000195       0x2d ..\obj\can1.o
 .ARM.attributes
                0x000001c2       0x2d ..\obj\stm32f10x_usart.o
 .ARM.attributes
                0x000001ef       0x2d ..\obj\can2.o
 .ARM.attributes
                0x0000021c       0x2d ..\obj\stm32f10x_flash.o
 .ARM.attributes
                0x00000249       0x2d ..\obj\stm32f10x_dma.o
 .ARM.attributes
                0x00000276       0x2d ..\obj\can_packing.o
 .ARM.attributes
                0x000002a3       0x2d ..\obj\misc.o
 .ARM.attributes
                0x000002d0       0x2d c:/program files (x86)/gnu arm embedded toolchain/10 2020-q4-major/bin/../lib/gcc/arm-none-eabi/10.2.1/../../../../arm-none-eabi/lib/thumb/v7-m/nofp\libg.a(lib_a-atoi.o)
 .ARM.attributes
                0x000002fd       0x1b c:/program files (x86)/gnu arm embedded toolchain/10 2020-q4-major/bin/../lib/gcc/arm-none-eabi/10.2.1/../../../../arm-none-eabi/lib/thumb/v7-m/nofp\libg.a(lib_a-memcpy.o)
 .ARM.attributes
                0x00000318       0x2d c:/program files (x86)/gnu arm embedded toolchain/10 2020-q4-major/bin/../lib/gcc/arm-none-eabi/10.2.1/../../../../arm-none-eabi/lib/thumb/v7-m/nofp\libg.a(lib_a-memset.o)
 .ARM.attributes
                0x00000345       0x2d c:/program files (x86)/gnu arm embedded toolchain/10 2020-q4-major/bin/../lib/gcc/arm-none-eabi/10.2.1/../../../../arm-none-eabi/lib/thumb/v7-m/nofp\libg.a(lib_a-strchr.o)
 .ARM.attributes
                0x00000372       0x1b c:/program files (x86)/gnu arm embedded toolchain/10 2020-q4-major/bin/../lib/gcc/arm-none-eabi/10.2.1/../../../../arm-none-eabi/lib/thumb/v7-m/nofp\libg.a(lib_a-strcmp.o)
 .ARM.attributes
                0x0000038d       0x2d c:/program files (x86)/gnu arm embedded toolchain/10 2020-q4-major/bin/../lib/gcc/arm-none-eabi/10.2.1/../../../../arm-none-eabi/lib/thumb/v7-m/nofp\libg.a(lib_a-strncpy.o)
 .ARM.attributes
                0x000003ba       0x2d c:/program files (x86)/gnu arm embedded toolchain/10 2020-q4-major/bin/../lib/gcc/arm-none-eabi/10.2.1/../../../../arm-none-eabi/lib/thumb/v7-m/nofp\libg.a(lib_a-strtol.o)
 .ARM.attributes
                0x000003e7       0x2d c:/program files (x86)/gnu arm embedded toolchain/10 2020-q4-major/bin/../lib/gcc/arm-none-eabi/10.2.1/../../../../arm-none-eabi/lib/thumb/v7-m/nofp\libg.a(lib_a-ctype_.o)
 .ARM.attributes
                0x00000414       0x2d c:/program files (x86)/gnu arm embedded toolchain/10 2020-q4-major/bin/../lib/gcc/arm-none-eabi/10.2.1/../../../../arm-none-eabi/lib/thumb/v7-m/nofp\libg.a(lib_a-errno.o)

.debug_frame    0x00000000     0x3230
 .debug_frame   0x00000000      0xe2c ..\obj\stm32f10x_tim.o
 .debug_frame   0x00000e2c       0x98 ..\obj\system_stm32f10x.o
 .debug_frame   0x00000ec4      0x3f8 ..\obj\stm32f10x_can.o
 .debug_frame   0x000012bc      0x2d0 ..\obj\stm32f10x_gpio.o
 .debug_frame   0x0000158c      0x31c ..\obj\main.o
 .debug_frame   0x000018a8      0x2dc ..\obj\printf.o
 .debug_frame   0x00001b84      0x65c ..\obj\stm32f10x_rcc.o
 .debug_frame   0x000021e0       0x4c ..\obj\startup_stm32f10x_cl.o
 .debug_frame   0x0000222c      0x148 ..\obj\stm32f10x_exti.o
 .debug_frame   0x00002374       0x98 ..\obj\can1.o
 .debug_frame   0x0000240c      0x490 ..\obj\stm32f10x_usart.o
 .debug_frame   0x0000289c       0x98 ..\obj\can2.o
 .debug_frame   0x00002934      0x410 ..\obj\stm32f10x_flash.o
 .debug_frame   0x00002d44      0x1c8 ..\obj\stm32f10x_dma.o
 .debug_frame   0x00002f0c       0xac ..\obj\can_packing.o
 .debug_frame   0x00002fb8       0xd8 ..\obj\misc.o
 .debug_frame   0x00003090       0x30 c:/program files (x86)/gnu arm embedded toolchain/10 2020-q4-major/bin/../lib/gcc/arm-none-eabi/10.2.1/../../../../arm-none-eabi/lib/thumb/v7-m/nofp\libg.a(lib_a-atoi.o)
 .debug_frame   0x000030c0       0x2c c:/program files (x86)/gnu arm embedded toolchain/10 2020-q4-major/bin/../lib/gcc/arm-none-eabi/10.2.1/../../../../arm-none-eabi/lib/thumb/v7-m/nofp\libg.a(lib_a-memset.o)
 .debug_frame   0x000030ec       0x34 c:/program files (x86)/gnu arm embedded toolchain/10 2020-q4-major/bin/../lib/gcc/arm-none-eabi/10.2.1/../../../../arm-none-eabi/lib/thumb/v7-m/nofp\libg.a(lib_a-strchr.o)
 .debug_frame   0x00003120       0x34 c:/program files (x86)/gnu arm embedded toolchain/10 2020-q4-major/bin/../lib/gcc/arm-none-eabi/10.2.1/../../../../arm-none-eabi/lib/thumb/v7-m/nofp\libg.a(lib_a-strcmp.o)
 .debug_frame   0x00003154       0x2c c:/program files (x86)/gnu arm embedded toolchain/10 2020-q4-major/bin/../lib/gcc/arm-none-eabi/10.2.1/../../../../arm-none-eabi/lib/thumb/v7-m/nofp\libg.a(lib_a-strncpy.o)
 .debug_frame   0x00003180       0x90 c:/program files (x86)/gnu arm embedded toolchain/10 2020-q4-major/bin/../lib/gcc/arm-none-eabi/10.2.1/../../../../arm-none-eabi/lib/thumb/v7-m/nofp\libg.a(lib_a-strtol.o)
 .debug_frame   0x00003210       0x20 c:/program files (x86)/gnu arm embedded toolchain/10 2020-q4-major/bin/../lib/gcc/arm-none-eabi/10.2.1/../../../../arm-none-eabi/lib/thumb/v7-m/nofp\libg.a(lib_a-errno.o)
